Archive member included to satisfy reference by file (symbol)

/usr/bin/../lib/gcc/arm-none-eabi/7.3.1/../../../../arm-none-eabi/lib/thumb/v7e-m/fpv4-sp/hard/libc.a(lib_a-exit.o)
                              /usr/bin/../lib/gcc/arm-none-eabi/7.3.1/../../../../arm-none-eabi/lib/thumb/v7e-m/fpv4-sp/hard/crt0.o (exit)
/usr/bin/../lib/gcc/arm-none-eabi/7.3.1/../../../../arm-none-eabi/lib/thumb/v7e-m/fpv4-sp/hard/libc.a(lib_a-impure.o)
                              /usr/bin/../lib/gcc/arm-none-eabi/7.3.1/../../../../arm-none-eabi/lib/thumb/v7e-m/fpv4-sp/hard/libc.a(lib_a-exit.o) (_global_impure_ptr)
/usr/bin/../lib/gcc/arm-none-eabi/7.3.1/../../../../arm-none-eabi/lib/thumb/v7e-m/fpv4-sp/hard/libc.a(lib_a-init.o)
                              /usr/bin/../lib/gcc/arm-none-eabi/7.3.1/../../../../arm-none-eabi/lib/thumb/v7e-m/fpv4-sp/hard/crt0.o (__libc_init_array)
/usr/bin/../lib/gcc/arm-none-eabi/7.3.1/../../../../arm-none-eabi/lib/thumb/v7e-m/fpv4-sp/hard/libc.a(lib_a-locale.o)
                              _build/nrf_log_str_formatter.o (__locale_ctype_ptr)
/usr/bin/../lib/gcc/arm-none-eabi/7.3.1/../../../../arm-none-eabi/lib/thumb/v7e-m/fpv4-sp/hard/libc.a(lib_a-mbtowc_r.o)
                              /usr/bin/../lib/gcc/arm-none-eabi/7.3.1/../../../../arm-none-eabi/lib/thumb/v7e-m/fpv4-sp/hard/libc.a(lib_a-locale.o) (__ascii_mbtowc)
/usr/bin/../lib/gcc/arm-none-eabi/7.3.1/../../../../arm-none-eabi/lib/thumb/v7e-m/fpv4-sp/hard/libc.a(lib_a-memcmp.o)
                              _build/ble_advdata.o (memcmp)
/usr/bin/../lib/gcc/arm-none-eabi/7.3.1/../../../../arm-none-eabi/lib/thumb/v7e-m/fpv4-sp/hard/libc.a(lib_a-memcpy.o)
                              _build/app_scheduler.o (memcpy)
/usr/bin/../lib/gcc/arm-none-eabi/7.3.1/../../../../arm-none-eabi/lib/thumb/v7e-m/fpv4-sp/hard/libc.a(lib_a-memset.o)
                              /usr/bin/../lib/gcc/arm-none-eabi/7.3.1/../../../../arm-none-eabi/lib/thumb/v7e-m/fpv4-sp/hard/crt0.o (memset)
/usr/bin/../lib/gcc/arm-none-eabi/7.3.1/../../../../arm-none-eabi/lib/thumb/v7e-m/fpv4-sp/hard/libc.a(lib_a-printf.o)
                              _build/main.o (printf)
/usr/bin/../lib/gcc/arm-none-eabi/7.3.1/../../../../arm-none-eabi/lib/thumb/v7e-m/fpv4-sp/hard/libc.a(lib_a-setbuf.o)
                              _build/before_startup.o (setbuf)
/usr/bin/../lib/gcc/arm-none-eabi/7.3.1/../../../../arm-none-eabi/lib/thumb/v7e-m/fpv4-sp/hard/libc.a(lib_a-setvbuf.o)
                              /usr/bin/../lib/gcc/arm-none-eabi/7.3.1/../../../../arm-none-eabi/lib/thumb/v7e-m/fpv4-sp/hard/libc.a(lib_a-setbuf.o) (setvbuf)
/usr/bin/../lib/gcc/arm-none-eabi/7.3.1/../../../../arm-none-eabi/lib/thumb/v7e-m/fpv4-sp/hard/libc.a(lib_a-strcmp.o)
                              /usr/bin/../lib/gcc/arm-none-eabi/7.3.1/../../../../arm-none-eabi/lib/thumb/v7e-m/fpv4-sp/hard/libc.a(lib_a-locale.o) (strcmp)
/usr/bin/../lib/gcc/arm-none-eabi/7.3.1/../../../../arm-none-eabi/lib/thumb/v7e-m/fpv4-sp/hard/libc.a(lib_a-strcpy.o)
                              _build/SEGGER_RTT.o (strcpy)
/usr/bin/../lib/gcc/arm-none-eabi/7.3.1/../../../../arm-none-eabi/lib/thumb/v7e-m/fpv4-sp/hard/libc.a(lib_a-strlen.o)
                              _build/nrf_fprintf_format.o (strlen)
/usr/bin/../lib/gcc/arm-none-eabi/7.3.1/../../../../arm-none-eabi/lib/thumb/v7e-m/fpv4-sp/hard/libc.a(lib_a-vfprintf.o)
                              /usr/bin/../lib/gcc/arm-none-eabi/7.3.1/../../../../arm-none-eabi/lib/thumb/v7e-m/fpv4-sp/hard/libc.a(lib_a-printf.o) (_vfprintf_r)
/usr/bin/../lib/gcc/arm-none-eabi/7.3.1/../../../../arm-none-eabi/lib/thumb/v7e-m/fpv4-sp/hard/libc.a(lib_a-wctomb_r.o)
                              /usr/bin/../lib/gcc/arm-none-eabi/7.3.1/../../../../arm-none-eabi/lib/thumb/v7e-m/fpv4-sp/hard/libc.a(lib_a-locale.o) (__ascii_wctomb)
/usr/bin/../lib/gcc/arm-none-eabi/7.3.1/../../../../arm-none-eabi/lib/thumb/v7e-m/fpv4-sp/hard/libc.a(lib_a-wsetup.o)
                              /usr/bin/../lib/gcc/arm-none-eabi/7.3.1/../../../../arm-none-eabi/lib/thumb/v7e-m/fpv4-sp/hard/libc.a(lib_a-vfprintf.o) (__swsetup_r)
/usr/bin/../lib/gcc/arm-none-eabi/7.3.1/../../../../arm-none-eabi/lib/thumb/v7e-m/fpv4-sp/hard/libc.a(lib_a-__call_atexit.o)
                              /usr/bin/../lib/gcc/arm-none-eabi/7.3.1/../../../../arm-none-eabi/lib/thumb/v7e-m/fpv4-sp/hard/libc.a(lib_a-exit.o) (__call_exitprocs)
/usr/bin/../lib/gcc/arm-none-eabi/7.3.1/../../../../arm-none-eabi/lib/thumb/v7e-m/fpv4-sp/hard/libc.a(lib_a-atexit.o)
                              /usr/bin/../lib/gcc/arm-none-eabi/7.3.1/../../../../arm-none-eabi/lib/thumb/v7e-m/fpv4-sp/hard/libc.a(lib_a-__call_atexit.o) (atexit)
/usr/bin/../lib/gcc/arm-none-eabi/7.3.1/../../../../arm-none-eabi/lib/thumb/v7e-m/fpv4-sp/hard/libc.a(lib_a-ctype_.o)
                              /usr/bin/../lib/gcc/arm-none-eabi/7.3.1/../../../../arm-none-eabi/lib/thumb/v7e-m/fpv4-sp/hard/libc.a(lib_a-locale.o) (_ctype_)
[...]
Memory Configuration

Name             Origin             Length             Attributes
FLASH            0x0000000000026000 0x0000000000059000 xr
RAM              0x00000000200098a8 0x0000000000006758 xrw
bootloader_settings_page 0x000000000007f000 0x0000000000001000 r
uicr_bootloader_start_address 0x0000000010001014 0x0000000000000004 r
*default*        0x0000000000000000 0xffffffffffffffff

Linker script and memory map


.text           0x0000000000026000     0xb330
 *(.isr_vector)
 .isr_vector    0x0000000000026000      0x200 _build/gcc_startup_nrf52.os
                0x0000000000026000                __isr_vector
 *(.text*)
 .text          0x0000000000026200       0x40 /usr/bin/../lib/gcc/arm-none-eabi/7.3.1/thumb/v7e-m/fpv4-sp/hard/crtbegin.o
 .text          0x0000000000026240       0x74 /usr/bin/../lib/gcc/arm-none-eabi/7.3.1/../../../../arm-none-eabi/lib/thumb/v7e-m/fpv4-sp/hard/crt0.o
                0x0000000000026240                _mainCRTStartup
                0x0000000000026240                _start
 .text.ble_evt_write
                0x00000000000262b4       0x4c _build/main.o
                0x00000000000262b4                ble_evt_write
 .text.startup.main
                0x0000000000026300       0x54 _build/main.o
                0x0000000000026300                main
 .text.nrf_delay_ms.part.0
                0x0000000000026354       0x1c _build/better_error_handling.o
 .text.app_error_fault_handler
                0x0000000000026370      0x148 _build/better_error_handling.o
                0x0000000000026370                app_error_fault_handler
 .text.HardFault_process
                0x00000000000264b8       0xba _build/better_error_handling.o
                0x00000000000264b8                HardFault_process
 .text.app_error_handler
                0x0000000000026572       0x1a _build/app_error_handler_gcc.o
                0x0000000000026572                app_error_handler
 .text.user_op_alloc
                0x000000000002658c       0x2c _build/app_timer.o
 .text.timer_stop_op_schedule
                0x00000000000265b8       0x50 _build/app_timer.o
 .text.nrfx_coredep_delay_us.constprop.3
                0x0000000000026608       0x10 _build/app_timer.o
 .text.RTC1_IRQHandler
                0x0000000000026618       0x9c _build/app_timer.o
                0x0000000000026618                RTC1_IRQHandler
 .text.SWI0_EGU0_IRQHandler
                0x00000000000266b4      0x2a4 _build/app_timer.o
                0x00000000000266b4                SWI0_EGU0_IRQHandler
 .text.app_timer_init
                0x0000000000026958       0x88 _build/app_timer.o
                0x0000000000026958                app_timer_init
 .text.app_timer_create
                0x00000000000269e0       0x24 _build/app_timer.o
                0x00000000000269e0                app_timer_create
 .text.app_timer_start
                0x0000000000026a04       0x88 _build/app_timer.o
                0x0000000000026a04                app_timer_start
 .text.app_timer_stop
                0x0000000000026a8c       0x20 _build/app_timer.o
                0x0000000000026a8c                app_timer_stop
 .text.privilege_level_get
                0x0000000000026aac       0x1a _build/app_util_platform.o
                0x0000000000026aac                privilege_level_get
 *fill*         0x0000000000026ac6        0x2 
 .text.app_util_critical_region_enter
                0x0000000000026ac8       0x60 _build/app_util_platform.o
                0x0000000000026ac8                app_util_critical_region_enter
 .text.app_util_critical_region_exit
                0x0000000000026b28       0x40 _build/app_util_platform.o
                0x0000000000026b28                app_util_critical_region_exit
 .text.startup.called_first
                0x0000000000026b68       0x10 _build/before_startup.o
                0x0000000000026b68                called_first
 .text.HardFault_Handler
                0x0000000000026b78       0x34 _build/hardfault_handler_gcc.o
                0x0000000000026b78                HardFault_Handler
 .text.HardFault_c_handler
                0x0000000000026bac      0x104 _build/hardfault_implementation.o
                0x0000000000026bac                HardFault_c_handler
 .text.nrf_atomic_u32_fetch_store
                0x0000000000026cb0       0x14 _build/nrf_atomic.o
                0x0000000000026cb0                nrf_atomic_u32_fetch_store
 .text.nrf_atomic_u32_or
                0x0000000000026cc4       0x16 _build/nrf_atomic.o
                0x0000000000026cc4                nrf_atomic_u32_or
 .text.nrf_atomic_u32_fetch_and
                0x0000000000026cda       0x16 _build/nrf_atomic.o
                0x0000000000026cda                nrf_atomic_u32_fetch_and
 .text.nrf_atomic_u32_add
                0x0000000000026cf0       0x16 _build/nrf_atomic.o
                0x0000000000026cf0                nrf_atomic_u32_add
 .text.nrf_atomic_u32_sub
                0x0000000000026d06       0x16 _build/nrf_atomic.o
                0x0000000000026d06                nrf_atomic_u32_sub
 .text.nrf_atomic_flag_set
                0x0000000000026d1c        0x6 _build/nrf_atomic.o
                0x0000000000026d1c                nrf_atomic_flag_set
 .text.nrf_atomic_flag_clear_fetch
                0x0000000000026d22        0x6 _build/nrf_atomic.o
                0x0000000000026d22                nrf_atomic_flag_clear_fetch
 .text.nrf_balloc_alloc
                0x0000000000026d28       0x5c _build/nrf_balloc.o
                0x0000000000026d28                nrf_balloc_alloc
 .text.nrf_balloc_free
                0x0000000000026d84       0x50 _build/nrf_balloc.o
                0x0000000000026d84                nrf_balloc_free
 .text.sd_ble_gap_data_length_update
                0x0000000000026dd4        0x4 _build/nrf_ble_gatt.o
 .text.sd_ble_gattc_exchange_mtu_request
                0x0000000000026dd8        0x4 _build/nrf_ble_gatt.o
 .text.sd_ble_gatts_exchange_mtu_reply
                0x0000000000026ddc        0x4 _build/nrf_ble_gatt.o
 .text.data_length_update
                0x0000000000026de0       0x7c _build/nrf_ble_gatt.o
 .text.nrf_ble_gatt_init
                0x0000000000026e5c       0x2a _build/nrf_ble_gatt.o
                0x0000000000026e5c                nrf_ble_gatt_init
 *fill*         0x0000000000026e86        0x2 
 .text.nrf_ble_gatt_on_ble_evt
                0x0000000000026e88      0x1b0 _build/nrf_ble_gatt.o
                0x0000000000026e88                nrf_ble_gatt_on_ble_evt
 .text.sd_ble_gatts_rw_authorize_reply
                0x0000000000027038        0x4 _build/nrf_ble_qwr.o
 .text.sd_ble_user_mem_reply
                0x000000000002703c        0x4 _build/nrf_ble_qwr.o
 .text.user_mem_reply.part.0
                0x0000000000027040       0x24 _build/nrf_ble_qwr.o
 .text.nrf_ble_qwr_init
                0x0000000000027064       0x24 _build/nrf_ble_qwr.o
                0x0000000000027064                nrf_ble_qwr_init
 .text.nrf_ble_qwr_conn_handle_assign
                0x0000000000027088       0x16 _build/nrf_ble_qwr.o
                0x0000000000027088                nrf_ble_qwr_conn_handle_assign
 .text.nrf_ble_qwr_on_ble_evt
                0x000000000002709e       0xa0 _build/nrf_ble_qwr.o
                0x000000000002709e                nrf_ble_qwr_on_ble_evt
 .text.invalid_packets_omit
                0x000000000002713e       0x3a _build/nrf_log_frontend.o
 .text.buf_prealloc
                0x0000000000027178      0x138 _build/nrf_log_frontend.o
 .text.buffer_is_empty
                0x00000000000272b0       0x14 _build/nrf_log_frontend.o
                0x00000000000272b0                buffer_is_empty
 .text.nrf_log_frontend_dequeue
                0x00000000000272c4      0x228 _build/nrf_log_frontend.o
                0x00000000000272c4                nrf_log_frontend_dequeue
 .text.std_n    0x00000000000274ec       0xd8 _build/nrf_log_frontend.o
 .text.nrf_log_frontend_std_0
                0x00000000000275c4        0x8 _build/nrf_log_frontend.o
                0x00000000000275c4                nrf_log_frontend_std_0
 .text.nrf_log_frontend_std_1
                0x00000000000275cc       0x14 _build/nrf_log_frontend.o
                0x00000000000275cc                nrf_log_frontend_std_1
 .text.nrf_log_frontend_std_2
                0x00000000000275e0       0x14 _build/nrf_log_frontend.o
                0x00000000000275e0                nrf_log_frontend_std_2
 .text.nrf_log_frontend_std_3
                0x00000000000275f4       0x18 _build/nrf_log_frontend.o
                0x00000000000275f4                nrf_log_frontend_std_3
 .text.nrf_log_frontend_std_4
                0x000000000002760c       0x1c _build/nrf_log_frontend.o
                0x000000000002760c                nrf_log_frontend_std_4
 .text.nrf_log_panic
                0x0000000000027628       0x2c _build/nrf_log_frontend.o
                0x0000000000027628                nrf_log_panic
 .text.nrf_pwr_mgmt_init
                0x0000000000027654       0x2c _build/nrf_pwr_mgmt.o
                0x0000000000027654                nrf_pwr_mgmt_init
 .text.memobj_op
                0x0000000000027680       0xa4 _build/nrf_memobj.o
 .text.nrf_memobj_free
                0x0000000000027724       0x2c _build/nrf_memobj.o
                0x0000000000027724                nrf_memobj_free
 .text.nrf_memobj_alloc
                0x0000000000027750       0x5e _build/nrf_memobj.o
                0x0000000000027750                nrf_memobj_alloc
 .text.nrf_memobj_get
                0x00000000000277ae        0x8 _build/nrf_memobj.o
                0x00000000000277ae                nrf_memobj_get
 .text.nrf_memobj_put
                0x00000000000277b6       0x1e _build/nrf_memobj.o
                0x00000000000277b6                nrf_memobj_put
 .text.nrf_memobj_write
                0x00000000000277d4       0x2c _build/nrf_memobj.o
                0x00000000000277d4                nrf_memobj_write
 .text.nrf_section_iter_init
                0x0000000000027800       0x30 _build/nrf_section_iter.o
                0x0000000000027800                nrf_section_iter_init
 .text.nrf_section_iter_next
                0x0000000000027830       0x38 _build/nrf_section_iter.o
                0x0000000000027830                nrf_section_iter_next
 .text.sd_softdevice_enable
                0x0000000000027868        0x4 _build/nrf_sdh.o
 .text.sdh_request_observer_notify
                0x000000000002786c       0x30 _build/nrf_sdh.o
 .text.sdh_state_observer_notify
                0x000000000002789c       0x28 _build/nrf_sdh.o
 .text.softdevices_evt_irq_enable
                0x00000000000278c4       0x40 _build/nrf_sdh.o
 .text.nrf_sdh_enable_request
                0x0000000000027904       0x78 _build/nrf_sdh.o
                0x0000000000027904                nrf_sdh_enable_request
 .text.nrf_sdh_evts_poll
                0x000000000002797c       0x28 _build/nrf_sdh.o
                0x000000000002797c                nrf_sdh_evts_poll
 .text.SWI2_EGU2_IRQHandler
                0x00000000000279a4        0x4 _build/nrf_sdh.o
                0x00000000000279a4                SWI2_EGU2_IRQHandler
 .text.sd_ble_enable
                0x00000000000279a8        0x4 _build/nrf_sdh_ble.o
 .text.sd_ble_cfg_set
                0x00000000000279ac        0x4 _build/nrf_sdh_ble.o
 .text.sd_ble_evt_get
                0x00000000000279b0        0x4 _build/nrf_sdh_ble.o
 .text.nrf_sdh_ble_evts_poll.part.0
                0x00000000000279b4       0x58 _build/nrf_sdh_ble.o
 .text.nrf_sdh_ble_evts_poll
                0x0000000000027a0c       0x10 _build/nrf_sdh_ble.o
 .text.nrf_sdh_ble_default_cfg_set
                0x0000000000027a1c      0x1a4 _build/nrf_sdh_ble.o
                0x0000000000027a1c                nrf_sdh_ble_default_cfg_set
 .text.nrf_sdh_ble_enable
                0x0000000000027bc0       0x94 _build/nrf_sdh_ble.o
                0x0000000000027bc0                nrf_sdh_ble_enable
 .text.nrf_strerror_find
                0x0000000000027c54       0x3c _build/nrf_strerror.o
                0x0000000000027c54                nrf_strerror_find
 .text.nrf_strerror_get
                0x0000000000027c90       0x14 _build/nrf_strerror.o
                0x0000000000027c90                nrf_strerror_get
 .text.nrf_gpiote_event_clear
                0x0000000000027ca4       0x18 _build/nrfx_gpiote.o
 .text.channel_free
                0x0000000000027cbc       0x1c _build/nrfx_gpiote.o
 .text.nrf_gpio_pin_port_decode.isra.0.part.1
                0x0000000000027cd8       0x10 _build/nrfx_gpiote.o
 .text.nrf_gpio_cfg_sense_set
                0x0000000000027ce8       0x2e _build/nrfx_gpiote.o
 *fill*         0x0000000000027d16        0x2 
 .text.nrfx_gpiote_init
                0x0000000000027d18       0x6c _build/nrfx_gpiote.o
                0x0000000000027d18                nrfx_gpiote_init
 .text.nrfx_gpiote_is_init
                0x0000000000027d84       0x14 _build/nrfx_gpiote.o
                0x0000000000027d84                nrfx_gpiote_is_init
 .text.nrfx_gpiote_out_init
                0x0000000000027d98      0x11c _build/nrfx_gpiote.o
                0x0000000000027d98                nrfx_gpiote_out_init
 .text.nrfx_gpiote_out_set
                0x0000000000027eb4       0x5c _build/nrfx_gpiote.o
                0x0000000000027eb4                nrfx_gpiote_out_set
 .text.nrfx_gpiote_out_clear
                0x0000000000027f10       0x5c _build/nrfx_gpiote.o
                0x0000000000027f10                nrfx_gpiote_out_clear
 .text.GPIOTE_IRQHandler
                0x0000000000027f6c      0x18c _build/nrfx_gpiote.o
                0x0000000000027f6c                GPIOTE_IRQHandler
 .text.UARTE0_UART0_IRQHandler
                0x00000000000280f8       0x20 _build/nrfx_prs.o
                0x00000000000280f8                UARTE0_UART0_IRQHandler
 .text.nrf_saadc_event_clear
                0x0000000000028118       0x18 _build/nrfx_saadc.o
 .text.SAADC_IRQHandler
                0x0000000000028130      0x164 _build/nrfx_saadc.o
                0x0000000000028130                SAADC_IRQHandler
 .text.TIMER0_IRQHandler
                0x0000000000028294       0x54 _build/nrfx_timer.o
                0x0000000000028294                TIMER0_IRQHandler
 .text.nrf_twim_event_clear
                0x00000000000282e8       0x10 _build/nrfx_twim.o
 .text.SPIM0_SPIS0_TWIM0_TWIS0_SPI0_TWI0_IRQHandler
                0x00000000000282f8      0x158 _build/nrfx_twim.o
                0x00000000000282f8                SPIM0_SPIS0_TWIM0_TWIS0_SPI0_TWI0_IRQHandler
 .text.POWER_CLOCK_IRQHandler
                0x0000000000028450       0x64 _build/nrfx_clock.o
                0x0000000000028450                POWER_CLOCK_IRQHandler
 .text._GetAvailWriteSpace
                0x00000000000284b4       0x1c _build/SEGGER_RTT.o
 .text._WriteNoCheck
                0x00000000000284d0       0x3a _build/SEGGER_RTT.o
 .text._WriteBlocking
                0x000000000002850a       0x52 _build/SEGGER_RTT.o
 .text._DoInit  0x000000000002855c       0x60 _build/SEGGER_RTT.o
 .text.SEGGER_RTT_WriteNoLock
                0x00000000000285bc       0x68 _build/SEGGER_RTT.o
                0x00000000000285bc                SEGGER_RTT_WriteNoLock
 .text.SEGGER_RTT_Write
                0x0000000000028624       0x3c _build/SEGGER_RTT.o
                0x0000000000028624                SEGGER_RTT_Write
 .text._write_r
                0x0000000000028660       0x12 _build/SEGGER_RTT_Syscalls_GCC.o
                0x0000000000028660                _write_r
 .text.sd_ble_gap_adv_set_configure
                0x0000000000028672        0x4 _build/ble_advertising.o
 .text.sd_ble_gap_adv_start
                0x0000000000028676        0x4 _build/ble_advertising.o
 .text.flags_set
                0x000000000002867a       0x2c _build/ble_advertising.o
 .text.ble_advertising_conn_cfg_tag_set
                0x00000000000286a6        0x6 _build/ble_advertising.o
                0x00000000000286a6                ble_advertising_conn_cfg_tag_set
 .text.ble_advertising_init
                0x00000000000286ac       0xfe _build/ble_advertising.o
                0x00000000000286ac                ble_advertising_init
 .text.ble_advertising_start
                0x00000000000287aa      0x21c _build/ble_advertising.o
                0x00000000000287aa                ble_advertising_start
 .text.ble_advertising_on_ble_evt
                0x00000000000289c6       0x6a _build/ble_advertising.o
                0x00000000000289c6                ble_advertising_on_ble_evt
 .text.ble_advertising_on_sys_evt
                0x0000000000028a30        0x2 _build/ble_advertising.o
                0x0000000000028a30                ble_advertising_on_sys_evt
 .text.sd_ble_gap_addr_get
                0x0000000000028a32        0x4 _build/ble_advdata.o
 .text.sd_ble_gap_appearance_get
                0x0000000000028a36        0x4 _build/ble_advdata.o
 .text.sd_ble_gap_device_name_get
                0x0000000000028a3a        0x4 _build/ble_advdata.o
 .text.sd_ble_uuid_encode
                0x0000000000028a3e        0x4 _build/ble_advdata.o
 .text.uuid_list_sized_encode
                0x0000000000028a42       0xa4 _build/ble_advdata.o
 .text.uuid_list_encode
                0x0000000000028ae6       0x34 _build/ble_advdata.o
 .text.ble_advdata_encode
                0x0000000000028b1a      0x392 _build/ble_advdata.o
                0x0000000000028b1a                ble_advdata_encode
 .text.ble_advdata_search
                0x0000000000028eac       0x38 _build/ble_advdata.o
                0x0000000000028eac                ble_advdata_search
 .text.ble_advdata_parse
                0x0000000000028ee4       0x20 _build/ble_advdata.o
                0x0000000000028ee4                ble_advdata_parse
 .text.sd_ble_gap_conn_param_update
                0x0000000000028f04        0x4 _build/ble_conn_params.o
 .text.sd_ble_gap_disconnect
                0x0000000000028f08        0x4 _build/ble_conn_params.o
 .text.sd_ble_gap_ppcp_set
                0x0000000000028f0c        0x4 _build/ble_conn_params.o
 .text.sd_ble_gap_ppcp_get
                0x0000000000028f10        0x4 _build/ble_conn_params.o
 .text.instance_get
                0x0000000000028f14       0x14 _build/ble_conn_params.o
 .text.send_error_evt
                0x0000000000028f28       0x10 _build/ble_conn_params.o
 .text.update_timeout_handler
                0x0000000000028f38       0x6c _build/ble_conn_params.o
 .text.conn_params_negotiation
                0x0000000000028fa4       0x48 _build/ble_conn_params.o
 .text.is_conn_params_ok.constprop.3
                0x0000000000028fec       0x3a _build/ble_conn_params.o
 *fill*         0x0000000000029026        0x2 
 .text.ble_evt_handler
                0x0000000000029028       0xe0 _build/ble_conn_params.o
 .text.ble_conn_params_init
                0x0000000000029108       0x74 _build/ble_conn_params.o
                0x0000000000029108                ble_conn_params_init
 .text.ble_srv_is_notification_enabled
                0x000000000002917c        0x8 _build/ble_srv_common.o
                0x000000000002917c                ble_srv_is_notification_enabled
 .text.sd_ble_gap_addr_set
                0x0000000000029184        0x4 _build/simple_ble.o
 .text.sd_ble_gap_adv_set_configure
                0x0000000000029188        0x4 _build/simple_ble.o
 .text.sd_ble_gap_adv_stop
                0x000000000002918c        0x4 _build/simple_ble.o
 .text.sd_ble_gap_disconnect
                0x0000000000029190        0x4 _build/simple_ble.o
 .text.sd_ble_gap_appearance_set
                0x0000000000029194        0x4 _build/simple_ble.o
 .text.sd_ble_gap_ppcp_set
                0x0000000000029198        0x4 _build/simple_ble.o
 .text.sd_ble_gap_device_name_set
                0x000000000002919c        0x4 _build/simple_ble.o
 .text.sd_ble_gap_sec_params_reply
                0x00000000000291a0        0x4 _build/simple_ble.o
 .text.sd_ble_gap_sec_info_reply
                0x00000000000291a4        0x4 _build/simple_ble.o
 .text.sd_ble_gap_scan_start
                0x00000000000291a8        0x4 _build/simple_ble.o
 .text.sd_ble_gap_phy_update
                0x00000000000291ac        0x4 _build/simple_ble.o
 .text.sd_ble_gatts_service_add
                0x00000000000291b0        0x4 _build/simple_ble.o
 .text.sd_ble_gatts_characteristic_add
                0x00000000000291b4        0x4 _build/simple_ble.o
 .text.sd_ble_gatts_sys_attr_set
                0x00000000000291b8        0x4 _build/simple_ble.o
 .text.sd_ble_uuid_vs_add
                0x00000000000291bc        0x4 _build/simple_ble.o
 .text.sd_power_system_off
                0x00000000000291c0        0x4 _build/simple_ble.o
 .text.sd_app_evt_wait
                0x00000000000291c4        0x4 _build/simple_ble.o
 .text.on_adv_evt
                0x00000000000291c8        0x2 _build/simple_ble.o
 *fill*         0x00000000000291ca        0x2 
 .text.on_ble_evt
                0x00000000000291cc      0x1d0 _build/simple_ble.o
 .text.conn_params_error_handler
                0x000000000002939c       0x10 _build/simple_ble.o
 .text.on_conn_params_evt
                0x00000000000293ac       0x24 _build/simple_ble.o
 .text.qwr_error_handler
                0x00000000000293d0       0x10 _build/simple_ble.o
 .text.assert_nrf_callback
                0x00000000000293e0       0x20 _build/simple_ble.o
                0x00000000000293e0                assert_nrf_callback
 .text.ble_address_set
                0x0000000000029400       0x78 _build/simple_ble.o
                0x0000000000029400                ble_address_set
 .text.ble_stack_init
                0x0000000000029478       0x4c _build/simple_ble.o
                0x0000000000029478                ble_stack_init
 .text.gap_params_init
                0x00000000000294c4       0x90 _build/simple_ble.o
                0x00000000000294c4                gap_params_init
 .text.advertising_init
                0x0000000000029554       0x70 _build/simple_ble.o
                0x0000000000029554                advertising_init
 .text.conn_params_init
                0x00000000000295c4       0x5c _build/simple_ble.o
                0x00000000000295c4                conn_params_init
 .text.services_init
                0x0000000000029620       0x30 _build/simple_ble.o
                0x0000000000029620                services_init
 .text.initialize_app_timer
                0x0000000000029650       0x18 _build/simple_ble.o
                0x0000000000029650                initialize_app_timer
 .text.advertising_start
                0x0000000000029668       0x24 _build/simple_ble.o
                0x0000000000029668                advertising_start
 .text.advertising_stop
                0x000000000002968c       0x28 _build/simple_ble.o
                0x000000000002968c                advertising_stop
 .text.power_manage
                0x00000000000296b4       0x18 _build/simple_ble.o
                0x00000000000296b4                power_manage
 .text.simple_ble_init
                0x00000000000296cc       0x90 _build/simple_ble.o
                0x00000000000296cc                simple_ble_init
 .text.simple_ble_add_service
                0x000000000002975c       0x48 _build/simple_ble.o
                0x000000000002975c                simple_ble_add_service
 .text.simple_ble_add_characteristic
                0x00000000000297a4      0x10c _build/simple_ble.o
                0x00000000000297a4                simple_ble_add_characteristic
 .text.simple_ble_is_char_event
                0x00000000000298b0        0xc _build/simple_ble.o
                0x00000000000298b0                simple_ble_is_char_event
 .text.simple_ble_adv_only_name
                0x00000000000298bc       0x74 _build/simple_ble.o
                0x00000000000298bc                simple_ble_adv_only_name
 .text.errata_12
                0x0000000000029930       0x40 _build/system_nrf52.o
 .text.errata_16
                0x0000000000029970       0x34 _build/system_nrf52.o
 .text.SystemInit
                0x00000000000299a4      0x25c _build/system_nrf52.o
                0x00000000000299a4                SystemInit
 .text          0x0000000000029c00       0x3c _build/gcc_startup_nrf52.os
                0x0000000000029c00                Reset_Handler
                0x0000000000029c28                NMI_Handler
                0x0000000000029c2c                MemoryManagement_Handler
                0x0000000000029c2e                BusFault_Handler
                0x0000000000029c30                UsageFault_Handler
                0x0000000000029c32                SVC_Handler
                0x0000000000029c34                DebugMon_Handler
                0x0000000000029c36                PendSV_Handler
                0x0000000000029c38                SysTick_Handler
                0x0000000000029c3a                TIMER2_IRQHandler
                0x0000000000029c3a                RTC0_IRQHandler
                0x0000000000029c3a                PWM1_IRQHandler
                0x0000000000029c3a                RADIO_IRQHandler
                0x0000000000029c3a                PDM_IRQHandler
                0x0000000000029c3a                TEMP_IRQHandler
                0x0000000000029c3a                QDEC_IRQHandler
                0x0000000000029c3a                TIMER3_IRQHandler
                0x0000000000029c3a                FPU_IRQHandler
                0x0000000000029c3a                TIMER4_IRQHandler
                0x0000000000029c3a                I2S_IRQHandler
                0x0000000000029c3a                SWI4_EGU4_IRQHandler
                0x0000000000029c3a                TIMER1_IRQHandler
                0x0000000000029c3a                PWM2_IRQHandler
                0x0000000000029c3a                ECB_IRQHandler
                0x0000000000029c3a                SPIM1_SPIS1_TWIM1_TWIS1_SPI1_TWI1_IRQHandler
                0x0000000000029c3a                Default_Handler
                0x0000000000029c3a                CCM_AAR_IRQHandler
                0x0000000000029c3a                WDT_IRQHandler
                0x0000000000029c3a                SWI5_EGU5_IRQHandler
                0x0000000000029c3a                RNG_IRQHandler
                0x0000000000029c3a                RTC2_IRQHandler
                0x0000000000029c3a                PWM0_IRQHandler
                0x0000000000029c3a                SWI3_EGU3_IRQHandler
                0x0000000000029c3a                SWI1_EGU1_IRQHandler
                0x0000000000029c3a                SPIM2_SPIS2_SPI2_IRQHandler
                0x0000000000029c3a                NFCT_IRQHandler
                0x0000000000029c3a                MWU_IRQHandler
                0x0000000000029c3a                COMP_LPCOMP_IRQHandler
 .text.exit     0x0000000000029c3c       0x20 /usr/bin/../lib/gcc/arm-none-eabi/7.3.1/../../../../arm-none-eabi/lib/thumb/v7e-m/fpv4-sp/hard/libc.a(lib_a-exit.o)
                0x0000000000029c3c                exit
 .text.__libc_init_array
                0x0000000000029c5c       0x48 /usr/bin/../lib/gcc/arm-none-eabi/7.3.1/../../../../arm-none-eabi/lib/thumb/v7e-m/fpv4-sp/hard/libc.a(lib_a-init.o)
                0x0000000000029c5c                __libc_init_array
 .text.__locale_mb_cur_max
                0x0000000000029ca4       0x1c /usr/bin/../lib/gcc/arm-none-eabi/7.3.1/../../../../arm-none-eabi/lib/thumb/v7e-m/fpv4-sp/hard/libc.a(lib_a-locale.o)
                0x0000000000029ca4                __locale_mb_cur_max
 .text.__ascii_mbtowc
                0x0000000000029cc0       0x2c /usr/bin/../lib/gcc/arm-none-eabi/7.3.1/../../../../arm-none-eabi/lib/thumb/v7e-m/fpv4-sp/hard/libc.a(lib_a-mbtowc_r.o)
                0x0000000000029cc0                __ascii_mbtowc
 .text          0x0000000000029cec      0x134 /usr/bin/../lib/gcc/arm-none-eabi/7.3.1/../../../../arm-none-eabi/lib/thumb/v7e-m/fpv4-sp/hard/libc.a(lib_a-memcpy.o)
                0x0000000000029cec                memcpy
 .text.memset   0x0000000000029e20       0x94 /usr/bin/../lib/gcc/arm-none-eabi/7.3.1/../../../../arm-none-eabi/lib/thumb/v7e-m/fpv4-sp/hard/libc.a(lib_a-memset.o)
                0x0000000000029e20                memset
 .text.printf   0x0000000000029eb4       0x28 /usr/bin/../lib/gcc/arm-none-eabi/7.3.1/../../../../arm-none-eabi/lib/thumb/v7e-m/fpv4-sp/hard/libc.a(lib_a-printf.o)
                0x0000000000029eb4                printf
 .text.setbuf   0x0000000000029edc       0x10 /usr/bin/../lib/gcc/arm-none-eabi/7.3.1/../../../../arm-none-eabi/lib/thumb/v7e-m/fpv4-sp/hard/libc.a(lib_a-setbuf.o)
                0x0000000000029edc                setbuf
 .text.setvbuf  0x0000000000029eec      0x180 /usr/bin/../lib/gcc/arm-none-eabi/7.3.1/../../../../arm-none-eabi/lib/thumb/v7e-m/fpv4-sp/hard/libc.a(lib_a-setvbuf.o)
                0x0000000000029eec                setvbuf
 .text.strcpy   0x000000000002a06c       0xbc /usr/bin/../lib/gcc/arm-none-eabi/7.3.1/../../../../arm-none-eabi/lib/thumb/v7e-m/fpv4-sp/hard/libc.a(lib_a-strcpy.o)
                0x000000000002a06c                strcpy
 *fill*         0x000000000002a128       0x18 
 .text          0x000000000002a140       0xdc /usr/bin/../lib/gcc/arm-none-eabi/7.3.1/../../../../arm-none-eabi/lib/thumb/v7e-m/fpv4-sp/hard/libc.a(lib_a-strlen.o)
                0x000000000002a140                strlen
 *fill*         0x000000000002a21c        0x4 
 .text._vfprintf_r
                0x000000000002a220     0x1a7c /usr/bin/../lib/gcc/arm-none-eabi/7.3.1/../../../../arm-none-eabi/lib/thumb/v7e-m/fpv4-sp/hard/libc.a(lib_a-vfprintf.o)
                0x000000000002a220                _vfprintf_r
 .text.__sbprintf
                0x000000000002bc9c       0x84 /usr/bin/../lib/gcc/arm-none-eabi/7.3.1/../../../../arm-none-eabi/lib/thumb/v7e-m/fpv4-sp/hard/libc.a(lib_a-vfprintf.o)
 .text.__ascii_wctomb
                0x000000000002bd20       0x1c /usr/bin/../lib/gcc/arm-none-eabi/7.3.1/../../../../arm-none-eabi/lib/thumb/v7e-m/fpv4-sp/hard/libc.a(lib_a-wctomb_r.o)
                0x000000000002bd20                __ascii_wctomb
 .text.__swsetup_r
                0x000000000002bd3c       0xcc /usr/bin/../lib/gcc/arm-none-eabi/7.3.1/../../../../arm-none-eabi/lib/thumb/v7e-m/fpv4-sp/hard/libc.a(lib_a-wsetup.o)
                0x000000000002bd3c                __swsetup_r
 .text.startup.register_fini
                0x000000000002be08       0x14 /usr/bin/../lib/gcc/arm-none-eabi/7.3.1/../../../../arm-none-eabi/lib/thumb/v7e-m/fpv4-sp/hard/libc.a(lib_a-__call_atexit.o)
 .text.__call_exitprocs
                0x000000000002be1c       0xe8 /usr/bin/../lib/gcc/arm-none-eabi/7.3.1/../../../../arm-none-eabi/lib/thumb/v7e-m/fpv4-sp/hard/libc.a(lib_a-__call_atexit.o)
                0x000000000002be1c                __call_exitprocs
 .text.atexit   0x000000000002bf04        0xc /usr/bin/../lib/gcc/arm-none-eabi/7.3.1/../../../../arm-none-eabi/lib/thumb/v7e-m/fpv4-sp/hard/libc.a(lib_a-atexit.o)
                0x000000000002bf04                atexit
 .text.quorem   0x000000000002bf10      0x124 /usr/bin/../lib/gcc/arm-none-eabi/7.3.1/../../../../arm-none-eabi/lib/thumb/v7e-m/fpv4-sp/hard/libc.a(lib_a-dtoa.o)
 *fill*         0x000000000002c034        0x4 
 .text._dtoa_r  0x000000000002c038      0xe20 /usr/bin/../lib/gcc/arm-none-eabi/7.3.1/../../../../arm-none-eabi/lib/thumb/v7e-m/fpv4-sp/hard/libc.a(lib_a-dtoa.o)
                0x000000000002c038                _dtoa_r
 .text.__sflush_r
                0x000000000002ce58      0x154 /usr/bin/../lib/gcc/arm-none-eabi/7.3.1/../../../../arm-none-eabi/lib/thumb/v7e-m/fpv4-sp/hard/libc.a(lib_a-fflush.o)
                0x000000000002ce58                __sflush_r
 .text._fflush_r
                0x000000000002cfac       0x5c /usr/bin/../lib/gcc/arm-none-eabi/7.3.1/../../../../arm-none-eabi/lib/thumb/v7e-m/fpv4-sp/hard/libc.a(lib_a-fflush.o)
                0x000000000002cfac                _fflush_r
 .text.std      0x000000000002d008       0x50 /usr/bin/../lib/gcc/arm-none-eabi/7.3.1/../../../../arm-none-eabi/lib/thumb/v7e-m/fpv4-sp/hard/libc.a(lib_a-findfp.o)
 .text._cleanup_r
                0x000000000002d058        0xc /usr/bin/../lib/gcc/arm-none-eabi/7.3.1/../../../../arm-none-eabi/lib/thumb/v7e-m/fpv4-sp/hard/libc.a(lib_a-findfp.o)
                0x000000000002d058                _cleanup_r
 .text.__sinit  0x000000000002d064       0x58 /usr/bin/../lib/gcc/arm-none-eabi/7.3.1/../../../../arm-none-eabi/lib/thumb/v7e-m/fpv4-sp/hard/libc.a(lib_a-findfp.o)
                0x000000000002d064                __sinit
 .text.__sfp_lock_acquire
                0x000000000002d0bc        0xc /usr/bin/../lib/gcc/arm-none-eabi/7.3.1/../../../../arm-none-eabi/lib/thumb/v7e-m/fpv4-sp/hard/libc.a(lib_a-findfp.o)
                0x000000000002d0bc                __sfp_lock_acquire
 .text.__sfp_lock_release
                0x000000000002d0c8        0xc /usr/bin/../lib/gcc/arm-none-eabi/7.3.1/../../../../arm-none-eabi/lib/thumb/v7e-m/fpv4-sp/hard/libc.a(lib_a-findfp.o)
                0x000000000002d0c8                __sfp_lock_release
 .text.__libc_fini_array
                0x000000000002d0d4       0x34 /usr/bin/../lib/gcc/arm-none-eabi/7.3.1/../../../../arm-none-eabi/lib/thumb/v7e-m/fpv4-sp/hard/libc.a(lib_a-fini.o)
                0x000000000002d0d4                __libc_fini_array
 .text._malloc_trim_r
                0x000000000002d108       0xa0 /usr/bin/../lib/gcc/arm-none-eabi/7.3.1/../../../../arm-none-eabi/lib/thumb/v7e-m/fpv4-sp/hard/libc.a(lib_a-freer.o)
                0x000000000002d108                _malloc_trim_r
 .text._free_r  0x000000000002d1a8      0x1e8 /usr/bin/../lib/gcc/arm-none-eabi/7.3.1/../../../../arm-none-eabi/lib/thumb/v7e-m/fpv4-sp/hard/libc.a(lib_a-freer.o)
                0x000000000002d1a8                _free_r
 .text._fwalk_reent
                0x000000000002d390       0x54 /usr/bin/../lib/gcc/arm-none-eabi/7.3.1/../../../../arm-none-eabi/lib/thumb/v7e-m/fpv4-sp/hard/libc.a(lib_a-fwalk.o)
                0x000000000002d390                _fwalk_reent
 .text._localeconv_r
                0x000000000002d3e4       0x1c /usr/bin/../lib/gcc/arm-none-eabi/7.3.1/../../../../arm-none-eabi/lib/thumb/v7e-m/fpv4-sp/hard/libc.a(lib_a-localeconv.o)
                0x000000000002d3e4                _localeconv_r
 .text.__retarget_lock_init_recursive
                0x000000000002d400        0x4 /usr/bin/../lib/gcc/arm-none-eabi/7.3.1/../../../../arm-none-eabi/lib/thumb/v7e-m/fpv4-sp/hard/libc.a(lib_a-lock.o)
                0x000000000002d400                __retarget_lock_init_recursive
 .text.__retarget_lock_close_recursive
                0x000000000002d404        0x4 /usr/bin/../lib/gcc/arm-none-eabi/7.3.1/../../../../arm-none-eabi/lib/thumb/v7e-m/fpv4-sp/hard/libc.a(lib_a-lock.o)
                0x000000000002d404                __retarget_lock_close_recursive
 .text.__retarget_lock_acquire_recursive
                0x000000000002d408        0x4 /usr/bin/../lib/gcc/arm-none-eabi/7.3.1/../../../../arm-none-eabi/lib/thumb/v7e-m/fpv4-sp/hard/libc.a(lib_a-lock.o)
                0x000000000002d408                __retarget_lock_acquire_recursive
 .text.__retarget_lock_release_recursive
                0x000000000002d40c        0x4 /usr/bin/../lib/gcc/arm-none-eabi/7.3.1/../../../../arm-none-eabi/lib/thumb/v7e-m/fpv4-sp/hard/libc.a(lib_a-lock.o)
                0x000000000002d40c                __retarget_lock_release_recursive
 .text.__swhatbuf_r
                0x000000000002d410       0x5c /usr/bin/../lib/gcc/arm-none-eabi/7.3.1/../../../../arm-none-eabi/lib/thumb/v7e-m/fpv4-sp/hard/libc.a(lib_a-makebuf.o)
                0x000000000002d410                __swhatbuf_r
 .text.__smakebuf_r
                0x000000000002d46c       0x94 /usr/bin/../lib/gcc/arm-none-eabi/7.3.1/../../../../arm-none-eabi/lib/thumb/v7e-m/fpv4-sp/hard/libc.a(lib_a-makebuf.o)
                0x000000000002d46c                __smakebuf_r
 .text.malloc   0x000000000002d500       0x10 /usr/bin/../lib/gcc/arm-none-eabi/7.3.1/../../../../arm-none-eabi/lib/thumb/v7e-m/fpv4-sp/hard/libc.a(lib_a-malloc.o)
                0x000000000002d500                malloc
 .text.free     0x000000000002d510       0x10 /usr/bin/../lib/gcc/arm-none-eabi/7.3.1/../../../../arm-none-eabi/lib/thumb/v7e-m/fpv4-sp/hard/libc.a(lib_a-malloc.o)
                0x000000000002d510                free
 .text._malloc_r
                0x000000000002d520      0x548 /usr/bin/../lib/gcc/arm-none-eabi/7.3.1/../../../../arm-none-eabi/lib/thumb/v7e-m/fpv4-sp/hard/libc.a(lib_a-mallocr.o)
                0x000000000002d520                _malloc_r
 *fill*         0x000000000002da68        0x8 
 .text          0x000000000002da70       0xa0 /usr/bin/../lib/gcc/arm-none-eabi/7.3.1/../../../../arm-none-eabi/lib/thumb/v7e-m/fpv4-sp/hard/libc.a(lib_a-memchr.o)
                0x000000000002da70                memchr
 .text.__malloc_lock
                0x000000000002db10        0xc /usr/bin/../lib/gcc/arm-none-eabi/7.3.1/../../../../arm-none-eabi/lib/thumb/v7e-m/fpv4-sp/hard/libc.a(lib_a-mlock.o)
                0x000000000002db10                __malloc_lock
 .text.__malloc_unlock
                0x000000000002db1c        0xc /usr/bin/../lib/gcc/arm-none-eabi/7.3.1/../../../../arm-none-eabi/lib/thumb/v7e-m/fpv4-sp/hard/libc.a(lib_a-mlock.o)
                0x000000000002db1c                __malloc_unlock
 .text._Balloc  0x000000000002db28       0x4c /usr/bin/../lib/gcc/arm-none-eabi/7.3.1/../../../../arm-none-eabi/lib/thumb/v7e-m/fpv4-sp/hard/libc.a(lib_a-mprec.o)
                0x000000000002db28                _Balloc
 .text._Bfree   0x000000000002db74       0x14 /usr/bin/../lib/gcc/arm-none-eabi/7.3.1/../../../../arm-none-eabi/lib/thumb/v7e-m/fpv4-sp/hard/libc.a(lib_a-mprec.o)
                0x000000000002db74                _Bfree
 .text.__multadd
                0x000000000002db88       0x80 /usr/bin/../lib/gcc/arm-none-eabi/7.3.1/../../../../arm-none-eabi/lib/thumb/v7e-m/fpv4-sp/hard/libc.a(lib_a-mprec.o)
                0x000000000002db88                __multadd
 .text.__hi0bits
                0x000000000002dc08       0x40 /usr/bin/../lib/gcc/arm-none-eabi/7.3.1/../../../../arm-none-eabi/lib/thumb/v7e-m/fpv4-sp/hard/libc.a(lib_a-mprec.o)
                0x000000000002dc08                __hi0bits
 .text.__lo0bits
                0x000000000002dc48       0x60 /usr/bin/../lib/gcc/arm-none-eabi/7.3.1/../../../../arm-none-eabi/lib/thumb/v7e-m/fpv4-sp/hard/libc.a(lib_a-mprec.o)
                0x000000000002dc48                __lo0bits
 .text.__i2b    0x000000000002dca8       0x14 /usr/bin/../lib/gcc/arm-none-eabi/7.3.1/../../../../arm-none-eabi/lib/thumb/v7e-m/fpv4-sp/hard/libc.a(lib_a-mprec.o)
                0x000000000002dca8                __i2b
 .text.__multiply
                0x000000000002dcbc      0x14c /usr/bin/../lib/gcc/arm-none-eabi/7.3.1/../../../../arm-none-eabi/lib/thumb/v7e-m/fpv4-sp/hard/libc.a(lib_a-mprec.o)
                0x000000000002dcbc                __multiply
 .text.__pow5mult
                0x000000000002de08       0xa0 /usr/bin/../lib/gcc/arm-none-eabi/7.3.1/../../../../arm-none-eabi/lib/thumb/v7e-m/fpv4-sp/hard/libc.a(lib_a-mprec.o)
                0x000000000002de08                __pow5mult
 .text.__lshift
                0x000000000002dea8       0xac /usr/bin/../lib/gcc/arm-none-eabi/7.3.1/../../../../arm-none-eabi/lib/thumb/v7e-m/fpv4-sp/hard/libc.a(lib_a-mprec.o)
                0x000000000002dea8                __lshift
 .text.__mcmp   0x000000000002df54       0x38 /usr/bin/../lib/gcc/arm-none-eabi/7.3.1/../../../../arm-none-eabi/lib/thumb/v7e-m/fpv4-sp/hard/libc.a(lib_a-mprec.o)
                0x000000000002df54                __mcmp
 .text.__mdiff  0x000000000002df8c       0xec /usr/bin/../lib/gcc/arm-none-eabi/7.3.1/../../../../arm-none-eabi/lib/thumb/v7e-m/fpv4-sp/hard/libc.a(lib_a-mprec.o)
                0x000000000002df8c                __mdiff
 .text.__d2b    0x000000000002e078       0xc4 /usr/bin/../lib/gcc/arm-none-eabi/7.3.1/../../../../arm-none-eabi/lib/thumb/v7e-m/fpv4-sp/hard/libc.a(lib_a-mprec.o)
                0x000000000002e078                __d2b
 .text.frexp    0x000000000002e13c       0x68 /usr/bin/../lib/gcc/arm-none-eabi/7.3.1/../../../../arm-none-eabi/lib/thumb/v7e-m/fpv4-sp/hard/libc.a(lib_a-s_frexp.o)
                0x000000000002e13c                frexp
 .text._sbrk_r  0x000000000002e1a4       0x24 /usr/bin/../lib/gcc/arm-none-eabi/7.3.1/../../../../arm-none-eabi/lib/thumb/v7e-m/fpv4-sp/hard/libc.a(lib_a-sbrkr.o)
                0x000000000002e1a4                _sbrk_r
 .text.__sread  0x000000000002e1c8       0x24 /usr/bin/../lib/gcc/arm-none-eabi/7.3.1/../../../../arm-none-eabi/lib/thumb/v7e-m/fpv4-sp/hard/libc.a(lib_a-stdio.o)
                0x000000000002e1c8                __sread
 .text.__swrite
                0x000000000002e1ec       0x3c /usr/bin/../lib/gcc/arm-none-eabi/7.3.1/../../../../arm-none-eabi/lib/thumb/v7e-m/fpv4-sp/hard/libc.a(lib_a-stdio.o)
                0x000000000002e1ec                __swrite
 .text.__sseek  0x000000000002e228       0x20 /usr/bin/../lib/gcc/arm-none-eabi/7.3.1/../../../../arm-none-eabi/lib/thumb/v7e-m/fpv4-sp/hard/libc.a(lib_a-stdio.o)
                0x000000000002e228                __sseek
 .text.__sclose
                0x000000000002e248        0x8 /usr/bin/../lib/gcc/arm-none-eabi/7.3.1/../../../../arm-none-eabi/lib/thumb/v7e-m/fpv4-sp/hard/libc.a(lib_a-stdio.o)
                0x000000000002e248                __sclose
 .text.strncpy  0x000000000002e250       0x64 /usr/bin/../lib/gcc/arm-none-eabi/7.3.1/../../../../arm-none-eabi/lib/thumb/v7e-m/fpv4-sp/hard/libc.a(lib_a-strncpy.o)
                0x000000000002e250                strncpy
 .text.__sprint_r.part.0
                0x000000000002e2b4       0x78 /usr/bin/../lib/gcc/arm-none-eabi/7.3.1/../../../../arm-none-eabi/lib/thumb/v7e-m/fpv4-sp/hard/libc.a(lib_a-vfiprintf.o)
 .text.__sprint_r
                0x000000000002e32c       0x14 /usr/bin/../lib/gcc/arm-none-eabi/7.3.1/../../../../arm-none-eabi/lib/thumb/v7e-m/fpv4-sp/hard/libc.a(lib_a-vfiprintf.o)
                0x000000000002e32c                __sprint_r
 .text.__register_exitproc
                0x000000000002e340       0xc0 /usr/bin/../lib/gcc/arm-none-eabi/7.3.1/../../../../arm-none-eabi/lib/thumb/v7e-m/fpv4-sp/hard/libc.a(lib_a-__atexit.o)
                0x000000000002e340                __register_exitproc
 .text._calloc_r
                0x000000000002e400       0x68 /usr/bin/../lib/gcc/arm-none-eabi/7.3.1/../../../../arm-none-eabi/lib/thumb/v7e-m/fpv4-sp/hard/libc.a(lib_a-callocr.o)
                0x000000000002e400                _calloc_r
 .text._close_r
                0x000000000002e468       0x24 /usr/bin/../lib/gcc/arm-none-eabi/7.3.1/../../../../arm-none-eabi/lib/thumb/v7e-m/fpv4-sp/hard/libc.a(lib_a-closer.o)
                0x000000000002e468                _close_r
 .text._fclose_r
                0x000000000002e48c       0xd0 /usr/bin/../lib/gcc/arm-none-eabi/7.3.1/../../../../arm-none-eabi/lib/thumb/v7e-m/fpv4-sp/hard/libc.a(lib_a-fclose.o)
                0x000000000002e48c                _fclose_r
 .text.__fputwc
                0x000000000002e55c       0xa0 /usr/bin/../lib/gcc/arm-none-eabi/7.3.1/../../../../arm-none-eabi/lib/thumb/v7e-m/fpv4-sp/hard/libc.a(lib_a-fputwc.o)
                0x000000000002e55c                __fputwc
 .text._fputwc_r
                0x000000000002e5fc       0x64 /usr/bin/../lib/gcc/arm-none-eabi/7.3.1/../../../../arm-none-eabi/lib/thumb/v7e-m/fpv4-sp/hard/libc.a(lib_a-fputwc.o)
                0x000000000002e5fc                _fputwc_r
 .text._fstat_r
                0x000000000002e660       0x28 /usr/bin/../lib/gcc/arm-none-eabi/7.3.1/../../../../arm-none-eabi/lib/thumb/v7e-m/fpv4-sp/hard/libc.a(lib_a-fstatr.o)
                0x000000000002e660                _fstat_r
 .text.__sfvwrite_r
                0x000000000002e688      0x2fc /usr/bin/../lib/gcc/arm-none-eabi/7.3.1/../../../../arm-none-eabi/lib/thumb/v7e-m/fpv4-sp/hard/libc.a(lib_a-fvwrite.o)
                0x000000000002e688                __sfvwrite_r
 .text._isatty_r
                0x000000000002e984       0x24 /usr/bin/../lib/gcc/arm-none-eabi/7.3.1/../../../../arm-none-eabi/lib/thumb/v7e-m/fpv4-sp/hard/libc.a(lib_a-isattyr.o)
                0x000000000002e984                _isatty_r
 .text._lseek_r
                0x000000000002e9a8       0x2c /usr/bin/../lib/gcc/arm-none-eabi/7.3.1/../../../../arm-none-eabi/lib/thumb/v7e-m/fpv4-sp/hard/libc.a(lib_a-lseekr.o)
                0x000000000002e9a8                _lseek_r
 .text.memmove  0x000000000002e9d4       0xc8 /usr/bin/../lib/gcc/arm-none-eabi/7.3.1/../../../../arm-none-eabi/lib/thumb/v7e-m/fpv4-sp/hard/libc.a(lib_a-memmove.o)
                0x000000000002e9d4                memmove
 .text._read_r  0x000000000002ea9c       0x2c /usr/bin/../lib/gcc/arm-none-eabi/7.3.1/../../../../arm-none-eabi/lib/thumb/v7e-m/fpv4-sp/hard/libc.a(lib_a-readr.o)
                0x000000000002ea9c                _read_r
 .text._realloc_r
                0x000000000002eac8      0x35c /usr/bin/../lib/gcc/arm-none-eabi/7.3.1/../../../../arm-none-eabi/lib/thumb/v7e-m/fpv4-sp/hard/libc.a(lib_a-reallocr.o)
                0x000000000002eac8                _realloc_r
 .text.__swbuf_r
                0x000000000002ee24       0xb0 /usr/bin/../lib/gcc/arm-none-eabi/7.3.1/../../../../arm-none-eabi/lib/thumb/v7e-m/fpv4-sp/hard/libc.a(lib_a-wbuf.o)
                0x000000000002ee24                __swbuf_r
 .text._wcrtomb_r
                0x000000000002eed4       0x50 /usr/bin/../lib/gcc/arm-none-eabi/7.3.1/../../../../arm-none-eabi/lib/thumb/v7e-m/fpv4-sp/hard/libc.a(lib_a-wcrtomb.o)
                0x000000000002eed4                _wcrtomb_r
 .text._close   0x000000000002ef24       0x10 /usr/bin/../lib/gcc/arm-none-eabi/7.3.1/../../../../arm-none-eabi/lib/thumb/v7e-m/fpv4-sp/hard/libnosys.a(close.o)
                0x000000000002ef24                _close
 .text._fstat   0x000000000002ef34       0x10 /usr/bin/../lib/gcc/arm-none-eabi/7.3.1/../../../../arm-none-eabi/lib/thumb/v7e-m/fpv4-sp/hard/libnosys.a(fstat.o)
                0x000000000002ef34                _fstat
 .text._isatty  0x000000000002ef44       0x10 /usr/bin/../lib/gcc/arm-none-eabi/7.3.1/../../../../arm-none-eabi/lib/thumb/v7e-m/fpv4-sp/hard/libnosys.a(isatty.o)
                0x000000000002ef44                _isatty
 .text._lseek   0x000000000002ef54       0x10 /usr/bin/../lib/gcc/arm-none-eabi/7.3.1/../../../../arm-none-eabi/lib/thumb/v7e-m/fpv4-sp/hard/libnosys.a(lseek.o)
                0x000000000002ef54                _lseek
 .text._read    0x000000000002ef64       0x10 /usr/bin/../lib/gcc/arm-none-eabi/7.3.1/../../../../arm-none-eabi/lib/thumb/v7e-m/fpv4-sp/hard/libnosys.a(read.o)
                0x000000000002ef64                _read
 .text._sbrk    0x000000000002ef74       0x1c /usr/bin/../lib/gcc/arm-none-eabi/7.3.1/../../../../arm-none-eabi/lib/thumb/v7e-m/fpv4-sp/hard/libnosys.a(sbrk.o)
                0x000000000002ef74                _sbrk
 .text._exit    0x000000000002ef90        0x4 /usr/bin/../lib/gcc/arm-none-eabi/7.3.1/../../../../arm-none-eabi/lib/thumb/v7e-m/fpv4-sp/hard/libnosys.a(_exit.o)
                0x000000000002ef90                _exit
 .text          0x000000000002ef94      0x378 /usr/bin/../lib/gcc/arm-none-eabi/7.3.1/thumb/v7e-m/fpv4-sp/hard/libgcc.a(_arm_addsubdf3.o)
                0x000000000002ef94                __aeabi_drsub
                0x000000000002ef9c                __aeabi_dsub
                0x000000000002ef9c                __subdf3
                0x000000000002efa0                __adddf3
                0x000000000002efa0                __aeabi_dadd
                0x000000000002f218                __aeabi_ui2d
                0x000000000002f218                __floatunsidf
                0x000000000002f238                __floatsidf
                0x000000000002f238                __aeabi_i2d
                0x000000000002f25c                __extendsfdf2
                0x000000000002f25c                __aeabi_f2d
                0x000000000002f2a0                __aeabi_ul2d
                0x000000000002f2a0                __floatundidf
                0x000000000002f2b0                __floatdidf
                0x000000000002f2b0                __aeabi_l2d
 .text          0x000000000002f30c      0x424 /usr/bin/../lib/gcc/arm-none-eabi/7.3.1/thumb/v7e-m/fpv4-sp/hard/libgcc.a(_arm_muldivdf3.o)
                0x000000000002f30c                __aeabi_dmul
                0x000000000002f30c                __muldf3
                0x000000000002f560                __aeabi_ddiv
                0x000000000002f560                __divdf3
 .text          0x000000000002f730      0x110 /usr/bin/../lib/gcc/arm-none-eabi/7.3.1/thumb/v7e-m/fpv4-sp/hard/libgcc.a(_arm_cmpdf2.o)
                0x000000000002f730                __gtdf2
                0x000000000002f730                __gedf2
                0x000000000002f738                __ltdf2
                0x000000000002f738                __ledf2
                0x000000000002f740                __cmpdf2
                0x000000000002f740                __eqdf2
                0x000000000002f740                __nedf2
                0x000000000002f7bc                __aeabi_cdrcmple
                0x000000000002f7cc                __aeabi_cdcmple
                0x000000000002f7cc                __aeabi_cdcmpeq
                0x000000000002f7dc                __aeabi_dcmpeq
                0x000000000002f7f0                __aeabi_dcmplt
                0x000000000002f804                __aeabi_dcmple
                0x000000000002f818                __aeabi_dcmpge
                0x000000000002f82c                __aeabi_dcmpgt
 .text          0x000000000002f840       0x2c /usr/bin/../lib/gcc/arm-none-eabi/7.3.1/thumb/v7e-m/fpv4-sp/hard/libgcc.a(_arm_unorddf2.o)
                0x000000000002f840                __aeabi_dcmpun
                0x000000000002f840                __unorddf2
 .text          0x000000000002f86c       0x50 /usr/bin/../lib/gcc/arm-none-eabi/7.3.1/thumb/v7e-m/fpv4-sp/hard/libgcc.a(_arm_fixdfsi.o)
                0x000000000002f86c                __fixdfsi
                0x000000000002f86c                __aeabi_d2iz
 .text          0x000000000002f8bc       0x30 /usr/bin/../lib/gcc/arm-none-eabi/7.3.1/thumb/v7e-m/fpv4-sp/hard/libgcc.a(_aeabi_uldivmod.o)
                0x000000000002f8bc                __aeabi_uldivmod
 .text          0x000000000002f8ec      0x2cc /usr/bin/../lib/gcc/arm-none-eabi/7.3.1/thumb/v7e-m/fpv4-sp/hard/libgcc.a(_udivmoddi4.o)
                0x000000000002f8ec                __udivmoddi4
 .text          0x000000000002fbb8        0x4 /usr/bin/../lib/gcc/arm-none-eabi/7.3.1/thumb/v7e-m/fpv4-sp/hard/libgcc.a(_dvmd_tls.o)
                0x000000000002fbb8                __aeabi_ldiv0
                0x000000000002fbb8                __aeabi_idiv0
 *(.init)
 .init          0x000000000002fbbc        0x4 /usr/bin/../lib/gcc/arm-none-eabi/7.3.1/thumb/v7e-m/fpv4-sp/hard/crti.o
                0x000000000002fbbc                _init
 .init          0x000000000002fbc0        0x8 /usr/bin/../lib/gcc/arm-none-eabi/7.3.1/thumb/v7e-m/fpv4-sp/hard/crtn.o
 *(.fini)
 .fini          0x000000000002fbc8        0x4 /usr/bin/../lib/gcc/arm-none-eabi/7.3.1/thumb/v7e-m/fpv4-sp/hard/crti.o
                0x000000000002fbc8                _fini
 .fini          0x000000000002fbcc        0x8 /usr/bin/../lib/gcc/arm-none-eabi/7.3.1/thumb/v7e-m/fpv4-sp/hard/crtn.o
 *crtbegin.o(.ctors)
 *crtbegin?.o(.ctors)
 *(EXCLUDE_FILE(*crtend.o *crtend?.o) .ctors)
 *(SORT_BY_NAME(.ctors.*))
 *(.ctors)
 *crtbegin.o(.dtors)
 *crtbegin?.o(.dtors)
 *(EXCLUDE_FILE(*crtend.o *crtend?.o) .dtors)
 *(SORT_BY_NAME(.dtors.*))
 *(.dtors)
 *(.rodata*)
 .rodata.ble_evt_write.str1.1
                0x000000000002fbd4       0x45 _build/main.o
 .rodata.str1.1
                0x000000000002fc19        0x6 _build/main.o
 .rodata.app_error_fault_handler.str1.1
                0x000000000002fc1f       0xb9 _build/better_error_handling.o
 *fill*         0x000000000002fcd8        0x8 
 .rodata.delay_machine_code.8629
                0x000000000002fce0        0x6 _build/better_error_handling.o
 *fill*         0x000000000002fce6        0xa 
 .rodata.delay_machine_code.9273
                0x000000000002fcf0        0x6 _build/app_timer.o
 .rodata.app_util_critical_region_enter.str1.1
                0x000000000002fcf6       0x4c _build/app_util_platform.o
 .rodata.HardFault_c_handler.str1.1
                0x000000000002fd42      0x12e _build/hardfault_implementation.o
 .rodata.cfsr_msgs.9468
                0x000000000002fe70       0x68 _build/hardfault_implementation.o
 .rodata.str1.1
                0x000000000002fed8      0x4c0 _build/hardfault_implementation.o
 .rodata.nrf_balloc_init.str1.1
                0x0000000000030398       0x47 _build/nrf_balloc.o
 .rodata.data_length_update.str1.1
                0x00000000000303df       0xdf _build/nrf_ble_gatt.o
 .rodata.nrf_ble_gatt_on_ble_evt.str1.1
                0x00000000000304be       0x60 _build/nrf_ble_gatt.o
 .rodata.str1.1
                0x000000000003051e        0xd _build/nrf_ble_gatt.o
 .rodata.str1.1
                0x000000000003052b        0xd _build/nrf_fstorage.o
 .rodata.buf_prealloc.str1.1
                0x0000000000030538       0x4e _build/nrf_log_frontend.o
 .rodata.nrf_log_frontend_dequeue.str1.1
                0x0000000000030586       0x11 _build/nrf_log_frontend.o
 .rodata.str1.1
                0x0000000000030597        0x4 _build/nrf_log_frontend.o
 *fill*         0x000000000003059b        0x1 
 .rodata.pwr_mgmt_data
                0x000000000003059c        0xc _build/nrf_pwr_mgmt.o
 .rodata.str1.1
                0x00000000000305a8        0x9 _build/nrf_pwr_mgmt.o
 .rodata.memobj_op.str1.1
                0x00000000000305b1       0x47 _build/nrf_memobj.o
 .rodata.nrf_section_iter_init.str1.1
                0x00000000000305f8       0x60 _build/nrf_section_iter.o
 .rodata        0x0000000000030658        0x4 _build/nrf_sdh.o
 .rodata.sdh_req_observers
                0x000000000003065c        0xc _build/nrf_sdh.o
 .rodata.sdh_stack_observers
                0x0000000000030668        0xc _build/nrf_sdh.o
 .rodata.sdh_state_observers
                0x0000000000030674        0xc _build/nrf_sdh.o
 .rodata.softdevices_evt_irq_enable.str1.1
                0x0000000000030680       0x45 _build/nrf_sdh.o
 .rodata.str1.1
                0x00000000000306c5        0x8 _build/nrf_sdh.o
 .rodata.nrf_sdh_ble_default_cfg_set.str1.1
                0x00000000000306cd      0x1c9 _build/nrf_sdh_ble.o
 .rodata.nrf_sdh_ble_enable.str1.1
                0x0000000000030896       0xa7 _build/nrf_sdh_ble.o
 .rodata.nrf_sdh_ble_evts_poll.part.0.str1.1
                0x000000000003093d       0x49 _build/nrf_sdh_ble.o
 *fill*         0x0000000000030986        0x2 
 .rodata.sdh_ble_observers
                0x0000000000030988        0xc _build/nrf_sdh_ble.o
 .rodata.str1.1
                0x0000000000030994        0xc _build/nrf_sdh_ble.o
 .rodata.m_unknown_str
                0x00000000000309a0       0x13 _build/nrf_strerror.o
 *fill*         0x00000000000309b3        0x1 
 .rodata.nrf_strerror_array
                0x00000000000309b4      0x128 _build/nrf_strerror.o
 .rodata.str1.1
                0x0000000000030adc      0x3ba _build/nrf_strerror.o
 .rodata.nrf_gpio_pin_port_decode.isra.0.part.1.str1.1
                0x0000000000030e96       0x3a _build/nrfx_gpiote.o
 .rodata.nrfx_gpiote_out_init.str1.1
                0x0000000000030ed0       0x45 _build/nrfx_gpiote.o
 .rodata.str1.1
                0x0000000000030f15        0x7 _build/nrfx_gpiote.o
 .rodata.UARTE0_UART0_IRQHandler.str1.1
                0x0000000000030f1c       0x46 _build/nrfx_prs.o
 .rodata.str1.1
                0x0000000000030f62        0x4 _build/nrfx_prs.o
 .rodata.str1.1
                0x0000000000030f66        0x6 _build/nrfx_saadc.o
 .rodata.str1.1
                0x0000000000030f6c        0x6 _build/nrfx_timer.o
 .rodata.SPIM0_SPIS0_TWIM0_TWIS0_SPI0_TWI0_IRQHandler.str1.1
                0x0000000000030f72       0x43 _build/nrfx_twim.o
 .rodata.str1.1
                0x0000000000030fb5        0x5 _build/nrfx_twim.o
 .rodata.str1.1
                0x0000000000030fba        0x5 _build/nrfx_uart.o
 .rodata.str1.1
                0x0000000000030fbf        0x6 _build/nrfx_uarte.o
 .rodata.str1.1
                0x0000000000030fc5        0x6 _build/nrfx_clock.o
 .rodata._DoInit.str1.1
                0x0000000000030fcb       0x14 _build/SEGGER_RTT.o
 *fill*         0x0000000000030fdf        0x1 
 .rodata.CONN_SUP_TIMEOUT
                0x0000000000030fe0        0x4 _build/simple_ble.o
                0x0000000000030fe0                CONN_SUP_TIMEOUT
 .rodata.FIRST_CONN_PARAMS_UPDATE_DELAY
                0x0000000000030fe4        0x4 _build/simple_ble.o
                0x0000000000030fe4                FIRST_CONN_PARAMS_UPDATE_DELAY
 .rodata.SLAVE_LATENCY
                0x0000000000030fe8        0x4 _build/simple_ble.o
                0x0000000000030fe8                SLAVE_LATENCY
 .rodata.assert_nrf_callback.str1.1
                0x0000000000030fec       0x25 _build/simple_ble.o
 .rodata.on_ble_evt.str1.1
                0x0000000000031011       0x48 _build/simple_ble.o
 .rodata.simple_ble_init.str1.1
                0x0000000000031059       0x4b _build/simple_ble.o
 .rodata._global_impure_ptr
                0x00000000000310a4        0x4 /usr/bin/../lib/gcc/arm-none-eabi/7.3.1/../../../../arm-none-eabi/lib/thumb/v7e-m/fpv4-sp/hard/libc.a(lib_a-impure.o)
                0x00000000000310a4                _global_impure_ptr
 .rodata._setlocale_r.str1.4
                0x00000000000310a8        0xa /usr/bin/../lib/gcc/arm-none-eabi/7.3.1/../../../../arm-none-eabi/lib/thumb/v7e-m/fpv4-sp/hard/libc.a(lib_a-locale.o)
                                          0xd (size before relaxing)
 *fill*         0x00000000000310b2        0x2 
 .rodata.str1.4
                0x00000000000310b4        0x2 /usr/bin/../lib/gcc/arm-none-eabi/7.3.1/../../../../arm-none-eabi/lib/thumb/v7e-m/fpv4-sp/hard/libc.a(lib_a-locale.o)
 *fill*         0x00000000000310b6        0x2 
 .rodata._vfprintf_r.str1.4
                0x00000000000310b8       0x42 /usr/bin/../lib/gcc/arm-none-eabi/7.3.1/../../../../arm-none-eabi/lib/thumb/v7e-m/fpv4-sp/hard/libc.a(lib_a-vfprintf.o)
 *fill*         0x00000000000310fa        0x2 
 .rodata.blanks.8605
                0x00000000000310fc       0x10 /usr/bin/../lib/gcc/arm-none-eabi/7.3.1/../../../../arm-none-eabi/lib/thumb/v7e-m/fpv4-sp/hard/libc.a(lib_a-vfprintf.o)
 .rodata.zeroes.8606
                0x000000000003110c       0x10 /usr/bin/../lib/gcc/arm-none-eabi/7.3.1/../../../../arm-none-eabi/lib/thumb/v7e-m/fpv4-sp/hard/libc.a(lib_a-vfprintf.o)
 .rodata._ctype_
                0x000000000003111c      0x101 /usr/bin/../lib/gcc/arm-none-eabi/7.3.1/../../../../arm-none-eabi/lib/thumb/v7e-m/fpv4-sp/hard/libc.a(lib_a-ctype_.o)
                0x000000000003111c                _ctype_
 *fill*         0x000000000003121d        0x3 
 .rodata._dtoa_r.str1.4
                0x0000000000031220       0x10 /usr/bin/../lib/gcc/arm-none-eabi/7.3.1/../../../../arm-none-eabi/lib/thumb/v7e-m/fpv4-sp/hard/libc.a(lib_a-dtoa.o)
                                         0x12 (size before relaxing)
 .rodata.__mprec_bigtens
                0x0000000000031230       0x28 /usr/bin/../lib/gcc/arm-none-eabi/7.3.1/../../../../arm-none-eabi/lib/thumb/v7e-m/fpv4-sp/hard/libc.a(lib_a-mprec.o)
                0x0000000000031230                __mprec_bigtens
 .rodata.__mprec_tens
                0x0000000000031258       0xc8 /usr/bin/../lib/gcc/arm-none-eabi/7.3.1/../../../../arm-none-eabi/lib/thumb/v7e-m/fpv4-sp/hard/libc.a(lib_a-mprec.o)
                0x0000000000031258                __mprec_tens
 .rodata.p05.7367
                0x0000000000031320        0xc /usr/bin/../lib/gcc/arm-none-eabi/7.3.1/../../../../arm-none-eabi/lib/thumb/v7e-m/fpv4-sp/hard/libc.a(lib_a-mprec.o)
 *(.eh_frame*)
 .eh_frame      0x000000000003132c        0x0 /usr/bin/../lib/gcc/arm-none-eabi/7.3.1/thumb/v7e-m/fpv4-sp/hard/crtbegin.o
 .eh_frame      0x000000000003132c        0x4 /usr/bin/../lib/gcc/arm-none-eabi/7.3.1/thumb/v7e-m/fpv4-sp/hard/crtend.o

.glue_7         0x0000000000031330        0x0
 .glue_7        0x0000000000031330        0x0 linker stubs

.glue_7t        0x0000000000031330        0x0
 .glue_7t       0x0000000000031330        0x0 linker stubs

.vfp11_veneer   0x0000000000031330        0x0
 .vfp11_veneer  0x0000000000031330        0x0 linker stubs

.v4_bx          0x0000000000031330        0x0
 .v4_bx         0x0000000000031330        0x0 linker stubs

.iplt           0x0000000000031330        0x0
 .iplt          0x0000000000031330        0x0 /usr/bin/../lib/gcc/arm-none-eabi/7.3.1/thumb/v7e-m/fpv4-sp/hard/crtbegin.o

.mem_section_dummy_rom

.sdh_soc_observers
                0x0000000000031330        0x8
                [!provide]                        PROVIDE (__start_sdh_soc_observers = .)
 *(SORT_BY_NAME(.sdh_soc_observers*))
 .sdh_soc_observers1
                0x0000000000031330        0x8 _build/simple_ble.o
                [!provide]                        PROVIDE (__stop_sdh_soc_observers = .)

.crypto_data    0x0000000000031338        0x0
                [!provide]                        PROVIDE (__start_crypto_data = .)
 *(SORT_BY_NAME(.crypto_data*))
                [!provide]                        PROVIDE (__stop_crypto_data = .)

.log_const_data
                0x0000000000031338       0x78
                0x0000000000031338                PROVIDE (__start_log_const_data = .)
 *(SORT_BY_NAME(.log_const_data*))
 .log_const_data_CLOCK
                0x0000000000031338        0x8 _build/nrfx_clock.o
                0x0000000000031338                m_nrf_log_CLOCK_logs_data_const
 .log_const_data_GPIOTE
                0x0000000000031340        0x8 _build/nrfx_gpiote.o
                0x0000000000031340                m_nrf_log_GPIOTE_logs_data_const
 .log_const_data_PRS
                0x0000000000031348        0x8 _build/nrfx_prs.o
                0x0000000000031348                m_nrf_log_PRS_logs_data_const
 .log_const_data_SAADC
                0x0000000000031350        0x8 _build/nrfx_saadc.o
                0x0000000000031350                m_nrf_log_SAADC_logs_data_const
 .log_const_data_TIMER
                0x0000000000031358        0x8 _build/nrfx_timer.o
                0x0000000000031358                m_nrf_log_TIMER_logs_data_const
 .log_const_data_TWIM
                0x0000000000031360        0x8 _build/nrfx_twim.o
                0x0000000000031360                m_nrf_log_TWIM_logs_data_const
 .log_const_data_UART
                0x0000000000031368        0x8 _build/nrfx_uart.o
                0x0000000000031368                m_nrf_log_UART_logs_data_const
 .log_const_data_UARTE
                0x0000000000031370        0x8 _build/nrfx_uarte.o
                0x0000000000031370                m_nrf_log_UARTE_logs_data_const
 .log_const_data_app
                0x0000000000031378        0x8 _build/nrf_log_frontend.o
                0x0000000000031378                m_nrf_log_app_logs_data_const
 .log_const_data_hardfault
                0x0000000000031380        0x8 _build/hardfault_implementation.o
                0x0000000000031380                m_nrf_log_hardfault_logs_data_const
 .log_const_data_nrf_ble_gatt
                0x0000000000031388        0x8 _build/nrf_ble_gatt.o
                0x0000000000031388                m_nrf_log_nrf_ble_gatt_logs_data_const
 .log_const_data_nrf_fstorage
                0x0000000000031390        0x8 _build/nrf_fstorage.o
                0x0000000000031390                m_nrf_log_nrf_fstorage_logs_data_const
 .log_const_data_nrf_sdh
                0x0000000000031398        0x8 _build/nrf_sdh.o
                0x0000000000031398                m_nrf_log_nrf_sdh_logs_data_const
 .log_const_data_nrf_sdh_ble
                0x00000000000313a0        0x8 _build/nrf_sdh_ble.o
                0x00000000000313a0                m_nrf_log_nrf_sdh_ble_logs_data_const
 .log_const_data_pwr_mgmt
                0x00000000000313a8        0x8 _build/nrf_pwr_mgmt.o
                0x00000000000313a8                m_nrf_log_pwr_mgmt_logs_data_const
                0x00000000000313b0                PROVIDE (__stop_log_const_data = .)

.nrf_balloc     0x00000000000313b0       0x14
                [!provide]                        PROVIDE (__start_nrf_balloc = .)
 *(.nrf_balloc)
 .nrf_balloc    0x00000000000313b0       0x14 _build/nrf_log_frontend.o
                0x00000000000313b0                log_mempool
                [!provide]                        PROVIDE (__stop_nrf_balloc = .)

.nrf_queue      0x00000000000313c4        0x0
                [!provide]                        PROVIDE (__start_nrf_queue = .)
 *(.nrf_queue)
                [!provide]                        PROVIDE (__stop_nrf_queue = .)

.sdh_state_observers
                0x00000000000313c4        0x0
                0x00000000000313c4                PROVIDE (__start_sdh_state_observers = .)
 *(SORT_BY_NAME(.sdh_state_observers*))
                0x00000000000313c4                PROVIDE (__stop_sdh_state_observers = .)

.sdh_stack_observers
                0x00000000000313c4        0x8
                0x00000000000313c4                PROVIDE (__start_sdh_stack_observers = .)
 *(SORT_BY_NAME(.sdh_stack_observers*))
 .sdh_stack_observers0
                0x00000000000313c4        0x8 _build/nrf_sdh_ble.o
                0x00000000000313cc                PROVIDE (__stop_sdh_stack_observers = .)

.sdh_req_observers
                0x00000000000313cc        0x0
                0x00000000000313cc                PROVIDE (__start_sdh_req_observers = .)
 *(SORT_BY_NAME(.sdh_req_observers*))
                0x00000000000313cc                PROVIDE (__stop_sdh_req_observers = .)

.cli_command    0x00000000000313cc        0x0
                [!provide]                        PROVIDE (__start_cli_command = .)
 *(.cli_command)
                [!provide]                        PROVIDE (__stop_cli_command = .)

.pwr_mgmt_data  0x00000000000313cc        0x0
                0x00000000000313cc                PROVIDE (__start_pwr_mgmt_data = .)
 *(SORT_BY_NAME(.pwr_mgmt_data*))
                0x00000000000313cc                PROVIDE (__stop_pwr_mgmt_data = .)

.sdh_ble_observers
                0x00000000000313cc       0x28
                0x00000000000313cc                PROVIDE (__start_sdh_ble_observers = .)
 *(SORT_BY_NAME(.sdh_ble_observers*))
 .sdh_ble_observers1
                0x00000000000313cc        0x8 _build/ble_conn_params.o
 .sdh_ble_observers1
                0x00000000000313d4       0x10 _build/simple_ble.o
 .sdh_ble_observers2
                0x00000000000313e4        0x8 _build/simple_ble.o
 .sdh_ble_observers3
                0x00000000000313ec        0x8 _build/simple_ble.o
                0x00000000000313f4                PROVIDE (__stop_sdh_ble_observers = .)

.dfu_trans      0x00000000000313f4        0x0
                [!provide]                        PROVIDE (__start_dfu_trans = .)
 *(SORT_BY_NAME(.dfu_trans*))
                [!provide]                        PROVIDE (__stop_dfu_trans = .)

.ARM.extab
 *(.ARM.extab* .gnu.linkonce.armextab.*)
                0x00000000000313f4                __exidx_start = .

.ARM.exidx      0x00000000000313f4        0x8
 *(.ARM.exidx* .gnu.linkonce.armexidx.*)
 .ARM.exidx     0x00000000000313f4        0x8 /usr/bin/../lib/gcc/arm-none-eabi/7.3.1/../../../../arm-none-eabi/lib/thumb/v7e-m/fpv4-sp/hard/crt0.o
 .ARM.exidx     0x00000000000313fc        0x0 /usr/bin/../lib/gcc/arm-none-eabi/7.3.1/thumb/v7e-m/fpv4-sp/hard/libgcc.a(_udivmoddi4.o)
                                          0x8 (size before relaxing)
                0x00000000000313fc                __exidx_end = .
                0x00000000000313fc                __etext = .

.rel.dyn        0x00000000000313fc        0x0
 .rel.iplt      0x00000000000313fc        0x0 /usr/bin/../lib/gcc/arm-none-eabi/7.3.1/thumb/v7e-m/fpv4-sp/hard/crtbegin.o

.data           0x00000000200098a8      0xa10 load address 0x00000000000313fc
                0x00000000200098a8                __data_start__ = .
 *(vtable)
 *(.data*)
 .data.ble_config
                0x00000000200098a8       0x10 _build/main.o
 .data.led_service
                0x00000000200098b8       0x28 _build/main.o
 .data.led_state_char
                0x00000000200098e0        0xa _build/main.o
 .data.m_adv_uuids
                0x00000000200098ea        0x4 _build/simple_ble.o
 *fill*         0x00000000200098ee        0x2 
 .data.m_scan_buffer
                0x00000000200098f0        0x8 _build/simple_ble.o
 .data.SystemCoreClock
                0x00000000200098f8        0x4 _build/system_nrf52.o
                0x00000000200098f8                SystemCoreClock
 .data._impure_ptr
                0x00000000200098fc        0x4 /usr/bin/../lib/gcc/arm-none-eabi/7.3.1/../../../../arm-none-eabi/lib/thumb/v7e-m/fpv4-sp/hard/libc.a(lib_a-impure.o)
                0x00000000200098fc                _impure_ptr
 .data.impure_data
                0x0000000020009900      0x428 /usr/bin/../lib/gcc/arm-none-eabi/7.3.1/../../../../arm-none-eabi/lib/thumb/v7e-m/fpv4-sp/hard/libc.a(lib_a-impure.o)
 .data.__global_locale
                0x0000000020009d28      0x16c /usr/bin/../lib/gcc/arm-none-eabi/7.3.1/../../../../arm-none-eabi/lib/thumb/v7e-m/fpv4-sp/hard/libc.a(lib_a-locale.o)
                0x0000000020009d28                __global_locale
 .data.__atexit_recursive_mutex
                0x0000000020009e94        0x4 /usr/bin/../lib/gcc/arm-none-eabi/7.3.1/../../../../arm-none-eabi/lib/thumb/v7e-m/fpv4-sp/hard/libc.a(lib_a-__call_atexit.o)
                0x0000000020009e94                __atexit_recursive_mutex
 .data.__malloc_av_
                0x0000000020009e98      0x408 /usr/bin/../lib/gcc/arm-none-eabi/7.3.1/../../../../arm-none-eabi/lib/thumb/v7e-m/fpv4-sp/hard/libc.a(lib_a-mallocr.o)
                0x0000000020009e98                __malloc_av_
 .data.__malloc_sbrk_base
                0x000000002000a2a0        0x4 /usr/bin/../lib/gcc/arm-none-eabi/7.3.1/../../../../arm-none-eabi/lib/thumb/v7e-m/fpv4-sp/hard/libc.a(lib_a-mallocr.o)
                0x000000002000a2a0                __malloc_sbrk_base
 .data.__malloc_trim_threshold
                0x000000002000a2a4        0x4 /usr/bin/../lib/gcc/arm-none-eabi/7.3.1/../../../../arm-none-eabi/lib/thumb/v7e-m/fpv4-sp/hard/libc.a(lib_a-mallocr.o)
                0x000000002000a2a4                __malloc_trim_threshold
                0x000000002000a2a8                . = ALIGN (0x4)
                0x000000002000a2a8                PROVIDE (__preinit_array_start = .)
 *(.preinit_array)
                0x000000002000a2a8                PROVIDE (__preinit_array_end = .)
                0x000000002000a2a8                . = ALIGN (0x4)
                0x000000002000a2a8                PROVIDE (__init_array_start = .)
 *(SORT_BY_NAME(.init_array.*))
 .init_array.00000
                0x000000002000a2a8        0x4 /usr/bin/../lib/gcc/arm-none-eabi/7.3.1/../../../../arm-none-eabi/lib/thumb/v7e-m/fpv4-sp/hard/libc.a(lib_a-__call_atexit.o)
 *(.init_array)
 .init_array    0x000000002000a2ac        0x4 /usr/bin/../lib/gcc/arm-none-eabi/7.3.1/thumb/v7e-m/fpv4-sp/hard/crtbegin.o
 .init_array    0x000000002000a2b0        0x4 _build/before_startup.o
                0x000000002000a2b4                PROVIDE (__init_array_end = .)
                0x000000002000a2b4                . = ALIGN (0x4)
                0x000000002000a2b4                PROVIDE (__fini_array_start = .)
 *(SORT_BY_NAME(.fini_array.*))
 *(.fini_array)
 .fini_array    0x000000002000a2b4        0x4 /usr/bin/../lib/gcc/arm-none-eabi/7.3.1/thumb/v7e-m/fpv4-sp/hard/crtbegin.o
                0x000000002000a2b8                PROVIDE (__fini_array_end = .)
 *(.jcr*)
                0x000000002000a2b8                . = ALIGN (0x4)
                0x000000002000a2b8                __data_end__ = .
LOAD /usr/bin/../lib/gcc/arm-none-eabi/7.3.1/thumb/v7e-m/fpv4-sp/hard/crti.o
LOAD /usr/bin/../lib/gcc/arm-none-eabi/7.3.1/thumb/v7e-m/fpv4-sp/hard/crtbegin.o
LOAD /usr/bin/../lib/gcc/arm-none-eabi/7.3.1/../../../../arm-none-eabi/lib/thumb/v7e-m/fpv4-sp/hard/crt0.o
START GROUP
LOAD _build/main.o
LOAD _build/better_error_handling.o
LOAD _build/app_error.o
LOAD _build/app_error_handler_gcc.o
LOAD _build/app_scheduler.o
LOAD _build/app_timer.o
LOAD _build/app_uart.o
LOAD _build/app_util_platform.o
LOAD _build/before_startup.o
LOAD _build/hardfault_handler_gcc.o
LOAD _build/hardfault_implementation.o
LOAD _build/nrf_assert.o
LOAD _build/nrf_atomic.o
LOAD _build/nrf_balloc.o
LOAD _build/nrf_ble_gatt.o
LOAD _build/nrf_ble_qwr.o
LOAD _build/nrf_drv_twi.o
LOAD _build/nrf_drv_uart.o
LOAD _build/nrf_fprintf.o
LOAD _build/nrf_fprintf_format.o
LOAD _build/nrf_fstorage.o
LOAD _build/nrf_log_backend_rtt.o
LOAD _build/nrf_log_backend_serial.o
LOAD _build/nrf_log_backend_uart.o
LOAD _build/nrf_log_default_backends.o
LOAD _build/nrf_log_frontend.o
LOAD _build/nrf_log_str_formatter.o
LOAD _build/nrf_pwr_mgmt.o
LOAD _build/nrf_memobj.o
LOAD _build/nrf_ringbuf.o
LOAD _build/nrf_section_iter.o
LOAD _build/nrf_sdh.o
LOAD _build/nrf_sdh_ble.o
LOAD _build/nrf_serial.o
LOAD _build/nrf_strerror.o
LOAD _build/nrf_queue.o
LOAD _build/nrf_drv_clock.o
LOAD _build/nrfx_gpiote.o
LOAD _build/nrfx_prs.o
LOAD _build/nrfx_saadc.o
LOAD _build/nrfx_timer.o
LOAD _build/nrfx_twi.o
LOAD _build/nrfx_twim.o
LOAD _build/nrfx_uart.o
LOAD _build/nrfx_uarte.o
LOAD _build/nrfx_clock.o
LOAD _build/SEGGER_RTT.o
LOAD _build/SEGGER_RTT_Syscalls_GCC.o
LOAD _build/SEGGER_RTT_printf.o
LOAD _build/ble_advertising.o
LOAD _build/ble_advdata.o
LOAD _build/ble_conn_params.o
LOAD _build/ble_srv_common.o
LOAD _build/simple_ble.o
LOAD _build/system_nrf52.o
LOAD _build/app_error_weak.o
LOAD _build/gcc_startup_nrf52.os
LOAD /usr/bin/../lib/gcc/arm-none-eabi/7.3.1/../../../../arm-none-eabi/lib/thumb/v7e-m/fpv4-sp/hard/libc.a
LOAD /usr/bin/../lib/gcc/arm-none-eabi/7.3.1/../../../../arm-none-eabi/lib/thumb/v7e-m/fpv4-sp/hard/libnosys.a
LOAD /usr/bin/../lib/gcc/arm-none-eabi/7.3.1/../../../../arm-none-eabi/lib/thumb/v7e-m/fpv4-sp/hard/libm.a
LOAD /usr/bin/../lib/gcc/arm-none-eabi/7.3.1/../../../../arm-none-eabi/lib/thumb/v7e-m/fpv4-sp/hard/libstdc++.a
END GROUP
START GROUP
LOAD /usr/bin/../lib/gcc/arm-none-eabi/7.3.1/thumb/v7e-m/fpv4-sp/hard/libgcc.a
LOAD /usr/bin/../lib/gcc/arm-none-eabi/7.3.1/../../../../arm-none-eabi/lib/thumb/v7e-m/fpv4-sp/hard/libc.a
END GROUP
LOAD /usr/bin/../lib/gcc/arm-none-eabi/7.3.1/thumb/v7e-m/fpv4-sp/hard/crtend.o
LOAD /usr/bin/../lib/gcc/arm-none-eabi/7.3.1/thumb/v7e-m/fpv4-sp/hard/crtn.o
START GROUP
LOAD /usr/bin/../lib/gcc/arm-none-eabi/7.3.1/thumb/v7e-m/fpv4-sp/hard/libgcc.a
LOAD /usr/bin/../lib/gcc/arm-none-eabi/7.3.1/../../../../arm-none-eabi/lib/thumb/v7e-m/fpv4-sp/hard/libc.a
LOAD /usr/bin/../lib/gcc/arm-none-eabi/7.3.1/../../../../arm-none-eabi/lib/thumb/v7e-m/fpv4-sp/hard/libnosys.a
END GROUP

.igot.plt       0x000000002000a2b8        0x0 load address 0x0000000000031e0c
 .igot.plt      0x000000002000a2b8        0x0 /usr/bin/../lib/gcc/arm-none-eabi/7.3.1/thumb/v7e-m/fpv4-sp/hard/crtbegin.o

.bootloader_settings_page
                0x000000000007f000        0x0
                [!provide]                        PROVIDE (__start_bootloader_settings_page = .)
 *(SORT_BY_NAME(.bootloader_settings_page*))
                [!provide]                        PROVIDE (__stop_bootloader_settings_page = .)

.uicr_bootloader_start_address
                0x0000000010001014        0x0
                [!provide]                        PROVIDE (__start_uicr_bootloader_start_address = .)
 *(SORT_BY_NAME(.uicr_bootloader_start_address*))
                [!provide]                        PROVIDE (__stop_uicr_bootloader_start_address = .)
                0x0000000010001014                . = ALIGN (0x4)

.mem_section_dummy_ram

.log_dynamic_data
                0x000000002000a2b8        0x0
                0x000000002000a2b8                PROVIDE (__start_log_dynamic_data = .)
 *(SORT_BY_NAME(.log_dynamic_data*))
                [!provide]                        PROVIDE (__stop_log_dynamic_data = .)

.cli_sorted_cmd_ptrs
                0x000000002000a2b8        0x0
                [!provide]                        PROVIDE (__start_cli_sorted_cmd_ptrs = .)
 *(.cli_sorted_cmd_ptrs)
                [!provide]                        PROVIDE (__stop_cli_sorted_cmd_ptrs = .)

.fs_data        0x000000002000a2b8        0x0
                0x000000002000a2b8                PROVIDE (__start_fs_data = .)
 *(.fs_data)
                0x000000002000a2b8                PROVIDE (__stop_fs_data = .)

.bss            0x000000002000a2b8      0xd18 load address 0x0000000000031e0c
                0x000000002000a2b8                . = ALIGN (0x4)
                0x000000002000a2b8                __bss_start__ = .
 *(.bss*)
 .bss           0x000000002000a2b8       0x1c /usr/bin/../lib/gcc/arm-none-eabi/7.3.1/thumb/v7e-m/fpv4-sp/hard/crtbegin.o
 .bss.led_state
                0x000000002000a2d4        0x1 _build/main.o
 *fill*         0x000000002000a2d5        0x3 
 .bss.m_op_queue
                0x000000002000a2d8      0x10c _build/app_timer.o
 .bss.m_rtc1_reset
                0x000000002000a3e4        0x1 _build/app_timer.o
 .bss.m_rtc1_running
                0x000000002000a3e5        0x1 _build/app_timer.o
 *fill*         0x000000002000a3e6        0x2 
 .bss.m_ticks_elapsed
                0x000000002000a3e8        0x8 _build/app_timer.o
 .bss.m_ticks_elapsed_q_read_ind
                0x000000002000a3f0        0x1 _build/app_timer.o
 .bss.m_ticks_elapsed_q_write_ind
                0x000000002000a3f1        0x1 _build/app_timer.o
 *fill*         0x000000002000a3f2        0x2 
 .bss.m_ticks_latest
                0x000000002000a3f4        0x4 _build/app_timer.o
 .bss.mp_timer_id_head
                0x000000002000a3f8        0x4 _build/app_timer.o
 .bss.log_mempool_nrf_balloc_cb
                0x000000002000a3fc        0x8 _build/nrf_log_frontend.o
 .bss.log_mempool_nrf_balloc_pool_mem
                0x000000002000a404       0xc0 _build/nrf_log_frontend.o
 .bss.log_mempool_nrf_balloc_pool_stack
                0x000000002000a4c4        0x8 _build/nrf_log_frontend.o
 .bss.m_log_data
                0x000000002000a4cc      0x424 _build/nrf_log_frontend.o
 .bss.m_handlers_iter
                0x000000002000a8f0        0x8 _build/nrf_pwr_mgmt.o
 .bss.m_shutdown_started
                0x000000002000a8f8        0x1 _build/nrf_pwr_mgmt.o
 *fill*         0x000000002000a8f9        0x3 
 .bss.m_sysoff_mtx
                0x000000002000a8fc        0x4 _build/nrf_pwr_mgmt.o
 .bss.m_nrf_sdh_continue
                0x000000002000a900        0x1 _build/nrf_sdh.o
 .bss.m_nrf_sdh_enabled
                0x000000002000a901        0x1 _build/nrf_sdh.o
 .bss.m_nrf_sdh_suspended
                0x000000002000a902        0x1 _build/nrf_sdh.o
 .bss.m_stack_is_enabled
                0x000000002000a903        0x1 _build/nrf_sdh_ble.o
 .bss.m_cb      0x000000002000a904       0x5c _build/nrfx_gpiote.o
 .bss.m_prs_box_4
                0x000000002000a960        0x8 _build/nrfx_prs.o
 .bss.m_cb      0x000000002000a968       0x30 _build/nrfx_saadc.o
 .bss.m_cb      0x000000002000a998        0xc _build/nrfx_timer.o
 .bss.m_cb      0x000000002000a9a4       0x34 _build/nrfx_twim.o
 .bss.m_clock_cb
                0x000000002000a9d8        0x8 _build/nrfx_clock.o
 .bss._acDownBuffer
                0x000000002000a9e0       0x10 _build/SEGGER_RTT.o
 .bss._acUpBuffer
                0x000000002000a9f0      0x200 _build/SEGGER_RTT.o
 .bss.m_conn_params_config
                0x000000002000abf0       0x1c _build/ble_conn_params.o
 .bss.m_conn_params_instances
                0x000000002000ac0c       0x14 _build/ble_conn_params.o
 .bss.m_preferred_conn_params
                0x000000002000ac20        0x8 _build/ble_conn_params.o
 .bss.m_timer_data
                0x000000002000ac28       0x20 _build/ble_conn_params.o
 .bss.ble_config
                0x000000002000ac48        0x4 _build/simple_ble.o
 .bss.m_advertising
                0x000000002000ac4c      0x258 _build/simple_ble.o
 .bss.m_gatt    0x000000002000aea4       0x14 _build/simple_ble.o
 .bss.m_qwr     0x000000002000aeb8        0xc _build/simple_ble.o
 .bss.scan_buffer
                0x000000002000aec4       0x1f _build/simple_ble.o
 *fill*         0x000000002000aee3        0x1 
 .bss.__malloc_current_mallinfo
                0x000000002000aee4       0x28 /usr/bin/../lib/gcc/arm-none-eabi/7.3.1/../../../../arm-none-eabi/lib/thumb/v7e-m/fpv4-sp/hard/libc.a(lib_a-mallocr.o)
                0x000000002000aee4                __malloc_current_mallinfo
 .bss.__malloc_max_sbrked_mem
                0x000000002000af0c        0x4 /usr/bin/../lib/gcc/arm-none-eabi/7.3.1/../../../../arm-none-eabi/lib/thumb/v7e-m/fpv4-sp/hard/libc.a(lib_a-mallocr.o)
                0x000000002000af0c                __malloc_max_sbrked_mem
 .bss.__malloc_max_total_mem
                0x000000002000af10        0x4 /usr/bin/../lib/gcc/arm-none-eabi/7.3.1/../../../../arm-none-eabi/lib/thumb/v7e-m/fpv4-sp/hard/libc.a(lib_a-mallocr.o)
                0x000000002000af10                __malloc_max_total_mem
 .bss.__malloc_top_pad
                0x000000002000af14        0x4 /usr/bin/../lib/gcc/arm-none-eabi/7.3.1/../../../../arm-none-eabi/lib/thumb/v7e-m/fpv4-sp/hard/libc.a(lib_a-mallocr.o)
                0x000000002000af14                __malloc_top_pad
 .bss.heap_end.5377
                0x000000002000af18        0x4 /usr/bin/../lib/gcc/arm-none-eabi/7.3.1/../../../../arm-none-eabi/lib/thumb/v7e-m/fpv4-sp/hard/libnosys.a(sbrk.o)
 *(COMMON)
 COMMON         0x000000002000af1c        0x4 _build/main.o
                0x000000002000af1c                simple_ble_app
 COMMON         0x000000002000af20        0xc _build/app_util_platform.o
                0x000000002000af20                nrf_nvic_state
 COMMON         0x000000002000af2c       0x78 _build/SEGGER_RTT.o
                0x000000002000af2c                _SEGGER_RTT
 COMMON         0x000000002000afa4        0x2 _build/simple_ble.o
                0x000000002000afa4                app
 *fill*         0x000000002000afa6        0x2 
 COMMON         0x000000002000afa8       0x21 /usr/bin/../lib/gcc/arm-none-eabi/7.3.1/../../../../arm-none-eabi/lib/thumb/v7e-m/fpv4-sp/hard/libc.a(lib_a-lock.o)
                0x000000002000afa8                __lock___atexit_recursive_mutex
                0x000000002000afac                __lock___arc4random_mutex
                0x000000002000afb0                __lock___env_recursive_mutex
                0x000000002000afb4                __lock___sinit_recursive_mutex
                0x000000002000afb8                __lock___malloc_recursive_mutex
                0x000000002000afbc                __lock___at_quick_exit_mutex
                0x000000002000afc0                __lock___dd_hash_mutex
                0x000000002000afc4                __lock___tz_mutex
                0x000000002000afc8                __lock___sfp_recursive_mutex
 *fill*         0x000000002000afc9        0x3 
 COMMON         0x000000002000afcc        0x4 /usr/bin/../lib/gcc/arm-none-eabi/7.3.1/../../../../arm-none-eabi/lib/thumb/v7e-m/fpv4-sp/hard/libc.a(lib_a-reent.o)
                0x000000002000afcc                errno
                0x000000002000afd0                . = ALIGN (0x4)
                0x000000002000afd0                __bss_end__ = .

.heap           0x000000002000afd0     0x2000
                0x000000002000afd0                __HeapBase = .
                0x000000002000afd0                __end__ = .
                0x000000002000afd0                PROVIDE (end = .)
 *(.heap*)
 .heap          0x000000002000afd0     0x2000 _build/gcc_startup_nrf52.os
                0x000000002000cfd0                __HeapLimit = .

.stack_dummy    0x000000002000afd0     0x2000
 *(.stack*)
 .stack         0x000000002000afd0     0x2000 _build/gcc_startup_nrf52.os
                0x0000000020010000                __StackTop = (ORIGIN (RAM) + LENGTH (RAM))
                0x000000002000e000                __StackLimit = (__StackTop - SIZEOF (.stack_dummy))
                0x0000000020010000                PROVIDE (__stack = __StackTop)
                0x0000000000000001                ASSERT ((__StackLimit >= __HeapLimit), region RAM overflowed with stack)
                0x0000000000000a10                DataInitFlashUsed = (__bss_start__ - __data_start__)
                0x000000000000b3fc                CodeFlashUsed = (__etext - ORIGIN (FLASH))
                0x000000000000be0c                TotalFlashUsed = (CodeFlashUsed + DataInitFlashUsed)
                0x0000000000000001                ASSERT ((TotalFlashUsed <= LENGTH (FLASH)), region FLASH overflowed with .data and user data)
OUTPUT(_build/ble_service_sdk15_s132.elf elf32-littlearm)

.ARM.attributes
                0x0000000000000000       0x30
 .ARM.attributes
                0x0000000000000000       0x22 /usr/bin/../lib/gcc/arm-none-eabi/7.3.1/thumb/v7e-m/fpv4-sp/hard/crti.o
 .ARM.attributes
                0x0000000000000022       0x34 /usr/bin/../lib/gcc/arm-none-eabi/7.3.1/thumb/v7e-m/fpv4-sp/hard/crtbegin.o
 .ARM.attributes
                0x0000000000000056       0x20 /usr/bin/../lib/gcc/arm-none-eabi/7.3.1/../../../../arm-none-eabi/lib/thumb/v7e-m/fpv4-sp/hard/crt0.o
 .ARM.attributes
                0x0000000000000076       0x39 _build/main.o
 .ARM.attributes
                0x00000000000000af       0x39 _build/better_error_handling.o
 .ARM.attributes
                0x00000000000000e8       0x39 _build/app_error_handler_gcc.o
 .ARM.attributes
                0x0000000000000121       0x39 _build/app_timer.o
 .ARM.attributes
                0x000000000000015a       0x39 _build/app_util_platform.o
 .ARM.attributes
                0x0000000000000193       0x39 _build/before_startup.o
 .ARM.attributes
                0x00000000000001cc       0x39 _build/hardfault_handler_gcc.o
 .ARM.attributes
                0x0000000000000205       0x39 _build/hardfault_implementation.o
 .ARM.attributes
                0x000000000000023e       0x39 _build/nrf_atomic.o
 .ARM.attributes
                0x0000000000000277       0x39 _build/nrf_balloc.o
 .ARM.attributes
                0x00000000000002b0       0x39 _build/nrf_ble_gatt.o
 .ARM.attributes
                0x00000000000002e9       0x39 _build/nrf_ble_qwr.o
 .ARM.attributes
                0x0000000000000322       0x39 _build/nrf_fstorage.o
 .ARM.attributes
                0x000000000000035b       0x39 _build/nrf_log_frontend.o
 .ARM.attributes
                0x0000000000000394       0x39 _build/nrf_pwr_mgmt.o
 .ARM.attributes
                0x00000000000003cd       0x39 _build/nrf_memobj.o
 .ARM.attributes
                0x0000000000000406       0x39 _build/nrf_section_iter.o
 .ARM.attributes
                0x000000000000043f       0x39 _build/nrf_sdh.o
 .ARM.attributes
                0x0000000000000478       0x39 _build/nrf_sdh_ble.o
 .ARM.attributes
                0x00000000000004b1       0x39 _build/nrf_strerror.o
 .ARM.attributes
                0x00000000000004ea       0x39 _build/nrfx_gpiote.o
 .ARM.attributes
                0x0000000000000523       0x39 _build/nrfx_prs.o
 .ARM.attributes
                0x000000000000055c       0x39 _build/nrfx_saadc.o
 .ARM.attributes
                0x0000000000000595       0x39 _build/nrfx_timer.o
 .ARM.attributes
                0x00000000000005ce       0x39 _build/nrfx_twim.o
 .ARM.attributes
                0x0000000000000607       0x39 _build/nrfx_uart.o
 .ARM.attributes
                0x0000000000000640       0x39 _build/nrfx_uarte.o
 .ARM.attributes
                0x0000000000000679       0x39 _build/nrfx_clock.o
 .ARM.attributes
                0x00000000000006b2       0x39 _build/SEGGER_RTT.o
 .ARM.attributes
                0x00000000000006eb       0x39 _build/SEGGER_RTT_Syscalls_GCC.o
 .ARM.attributes
                0x0000000000000724       0x39 _build/ble_advertising.o
 .ARM.attributes
                0x000000000000075d       0x39 _build/ble_advdata.o
 .ARM.attributes
                0x0000000000000796       0x39 _build/ble_conn_params.o
 .ARM.attributes
                0x00000000000007cf       0x39 _build/ble_srv_common.o
 .ARM.attributes
                0x0000000000000808       0x39 _build/simple_ble.o
 .ARM.attributes
                0x0000000000000841       0x39 _build/system_nrf52.o
 .ARM.attributes
                0x000000000000087a       0x1c _build/gcc_startup_nrf52.os
 .ARM.attributes
                0x0000000000000896       0x34 /usr/bin/../lib/gcc/arm-none-eabi/7.3.1/../../../../arm-none-eabi/lib/thumb/v7e-m/fpv4-sp/hard/libc.a(lib_a-exit.o)
 .ARM.attributes
                0x00000000000008ca       0x34 /usr/bin/../lib/gcc/arm-none-eabi/7.3.1/../../../../arm-none-eabi/lib/thumb/v7e-m/fpv4-sp/hard/libc.a(lib_a-impure.o)
 .ARM.attributes
                0x00000000000008fe       0x34 /usr/bin/../lib/gcc/arm-none-eabi/7.3.1/../../../../arm-none-eabi/lib/thumb/v7e-m/fpv4-sp/hard/libc.a(lib_a-init.o)
 .ARM.attributes
                0x0000000000000932       0x34 /usr/bin/../lib/gcc/arm-none-eabi/7.3.1/../../../../arm-none-eabi/lib/thumb/v7e-m/fpv4-sp/hard/libc.a(lib_a-locale.o)
 .ARM.attributes
                0x0000000000000966       0x34 /usr/bin/../lib/gcc/arm-none-eabi/7.3.1/../../../../arm-none-eabi/lib/thumb/v7e-m/fpv4-sp/hard/libc.a(lib_a-mbtowc_r.o)
 .ARM.attributes
                0x000000000000099a       0x20 /usr/bin/../lib/gcc/arm-none-eabi/7.3.1/../../../../arm-none-eabi/lib/thumb/v7e-m/fpv4-sp/hard/libc.a(lib_a-memcpy.o)
 .ARM.attributes
                0x00000000000009ba       0x34 /usr/bin/../lib/gcc/arm-none-eabi/7.3.1/../../../../arm-none-eabi/lib/thumb/v7e-m/fpv4-sp/hard/libc.a(lib_a-memset.o)
 .ARM.attributes
                0x00000000000009ee       0x34 /usr/bin/../lib/gcc/arm-none-eabi/7.3.1/../../../../arm-none-eabi/lib/thumb/v7e-m/fpv4-sp/hard/libc.a(lib_a-printf.o)
 .ARM.attributes
                0x0000000000000a22       0x34 /usr/bin/../lib/gcc/arm-none-eabi/7.3.1/../../../../arm-none-eabi/lib/thumb/v7e-m/fpv4-sp/hard/libc.a(lib_a-setbuf.o)
 .ARM.attributes
                0x0000000000000a56       0x34 /usr/bin/../lib/gcc/arm-none-eabi/7.3.1/../../../../arm-none-eabi/lib/thumb/v7e-m/fpv4-sp/hard/libc.a(lib_a-setvbuf.o)
 .ARM.attributes
                0x0000000000000a8a       0x34 /usr/bin/../lib/gcc/arm-none-eabi/7.3.1/../../../../arm-none-eabi/lib/thumb/v7e-m/fpv4-sp/hard/libc.a(lib_a-strcpy.o)
 .ARM.attributes
                0x0000000000000abe       0x20 /usr/bin/../lib/gcc/arm-none-eabi/7.3.1/../../../../arm-none-eabi/lib/thumb/v7e-m/fpv4-sp/hard/libc.a(lib_a-strlen.o)
 .ARM.attributes
                0x0000000000000ade       0x34 /usr/bin/../lib/gcc/arm-none-eabi/7.3.1/../../../../arm-none-eabi/lib/thumb/v7e-m/fpv4-sp/hard/libc.a(lib_a-vfprintf.o)
 .ARM.attributes
                0x0000000000000b12       0x34 /usr/bin/../lib/gcc/arm-none-eabi/7.3.1/../../../../arm-none-eabi/lib/thumb/v7e-m/fpv4-sp/hard/libc.a(lib_a-wctomb_r.o)
 .ARM.attributes
                0x0000000000000b46       0x34 /usr/bin/../lib/gcc/arm-none-eabi/7.3.1/../../../../arm-none-eabi/lib/thumb/v7e-m/fpv4-sp/hard/libc.a(lib_a-wsetup.o)
 .ARM.attributes
                0x0000000000000b7a       0x34 /usr/bin/../lib/gcc/arm-none-eabi/7.3.1/../../../../arm-none-eabi/lib/thumb/v7e-m/fpv4-sp/hard/libc.a(lib_a-__call_atexit.o)
 .ARM.attributes
                0x0000000000000bae       0x34 /usr/bin/../lib/gcc/arm-none-eabi/7.3.1/../../../../arm-none-eabi/lib/thumb/v7e-m/fpv4-sp/hard/libc.a(lib_a-atexit.o)
 .ARM.attributes
                0x0000000000000be2       0x34 /usr/bin/../lib/gcc/arm-none-eabi/7.3.1/../../../../arm-none-eabi/lib/thumb/v7e-m/fpv4-sp/hard/libc.a(lib_a-ctype_.o)
 .ARM.attributes
                0x0000000000000c16       0x34 /usr/bin/../lib/gcc/arm-none-eabi/7.3.1/../../../../arm-none-eabi/lib/thumb/v7e-m/fpv4-sp/hard/libc.a(lib_a-dtoa.o)
 .ARM.attributes
                0x0000000000000c4a       0x34 /usr/bin/../lib/gcc/arm-none-eabi/7.3.1/../../../../arm-none-eabi/lib/thumb/v7e-m/fpv4-sp/hard/libc.a(lib_a-fflush.o)
 .ARM.attributes
                0x0000000000000c7e       0x34 /usr/bin/../lib/gcc/arm-none-eabi/7.3.1/../../../../arm-none-eabi/lib/thumb/v7e-m/fpv4-sp/hard/libc.a(lib_a-findfp.o)
 .ARM.attributes
                0x0000000000000cb2       0x34 /usr/bin/../lib/gcc/arm-none-eabi/7.3.1/../../../../arm-none-eabi/lib/thumb/v7e-m/fpv4-sp/hard/libc.a(lib_a-fini.o)
 .ARM.attributes
                0x0000000000000ce6       0x34 /usr/bin/../lib/gcc/arm-none-eabi/7.3.1/../../../../arm-none-eabi/lib/thumb/v7e-m/fpv4-sp/hard/libc.a(lib_a-freer.o)
 .ARM.attributes
                0x0000000000000d1a       0x34 /usr/bin/../lib/gcc/arm-none-eabi/7.3.1/../../../../arm-none-eabi/lib/thumb/v7e-m/fpv4-sp/hard/libc.a(lib_a-fwalk.o)
 .ARM.attributes
                0x0000000000000d4e       0x34 /usr/bin/../lib/gcc/arm-none-eabi/7.3.1/../../../../arm-none-eabi/lib/thumb/v7e-m/fpv4-sp/hard/libc.a(lib_a-localeconv.o)
 .ARM.attributes
                0x0000000000000d82       0x34 /usr/bin/../lib/gcc/arm-none-eabi/7.3.1/../../../../arm-none-eabi/lib/thumb/v7e-m/fpv4-sp/hard/libc.a(lib_a-lock.o)
 .ARM.attributes
                0x0000000000000db6       0x34 /usr/bin/../lib/gcc/arm-none-eabi/7.3.1/../../../../arm-none-eabi/lib/thumb/v7e-m/fpv4-sp/hard/libc.a(lib_a-makebuf.o)
 .ARM.attributes
                0x0000000000000dea       0x34 /usr/bin/../lib/gcc/arm-none-eabi/7.3.1/../../../../arm-none-eabi/lib/thumb/v7e-m/fpv4-sp/hard/libc.a(lib_a-malloc.o)
 .ARM.attributes
                0x0000000000000e1e       0x34 /usr/bin/../lib/gcc/arm-none-eabi/7.3.1/../../../../arm-none-eabi/lib/thumb/v7e-m/fpv4-sp/hard/libc.a(lib_a-mallocr.o)
 .ARM.attributes
                0x0000000000000e52       0x20 /usr/bin/../lib/gcc/arm-none-eabi/7.3.1/../../../../arm-none-eabi/lib/thumb/v7e-m/fpv4-sp/hard/libc.a(lib_a-memchr.o)
 .ARM.attributes
                0x0000000000000e72       0x34 /usr/bin/../lib/gcc/arm-none-eabi/7.3.1/../../../../arm-none-eabi/lib/thumb/v7e-m/fpv4-sp/hard/libc.a(lib_a-mlock.o)
 .ARM.attributes
                0x0000000000000ea6       0x34 /usr/bin/../lib/gcc/arm-none-eabi/7.3.1/../../../../arm-none-eabi/lib/thumb/v7e-m/fpv4-sp/hard/libc.a(lib_a-mprec.o)
 .ARM.attributes