Archive member included to satisfy reference by file (symbol)

/usr/bin/../lib/gcc/arm-none-eabi/7.3.1/../../../../arm-none-eabi/lib/thumb/v7e-m/fpv4-sp/hard/libc.a(lib_a-exit.o)
                              /usr/bin/../lib/gcc/arm-none-eabi/7.3.1/../../../../arm-none-eabi/lib/thumb/v7e-m/fpv4-sp/hard/crt0.o (exit)
/usr/bin/../lib/gcc/arm-none-eabi/7.3.1/../../../../arm-none-eabi/lib/thumb/v7e-m/fpv4-sp/hard/libc.a(lib_a-impure.o)
                              /usr/bin/../lib/gcc/arm-none-eabi/7.3.1/../../../../arm-none-eabi/lib/thumb/v7e-m/fpv4-sp/hard/libc.a(lib_a-exit.o) (_global_impure_ptr)
/usr/bin/../lib/gcc/arm-none-eabi/7.3.1/../../../../arm-none-eabi/lib/thumb/v7e-m/fpv4-sp/hard/libc.a(lib_a-init.o)
                              /usr/bin/../lib/gcc/arm-none-eabi/7.3.1/../../../../arm-none-eabi/lib/thumb/v7e-m/fpv4-sp/hard/crt0.o (__libc_init_array)
/usr/bin/../lib/gcc/arm-none-eabi/7.3.1/../../../../arm-none-eabi/lib/thumb/v7e-m/fpv4-sp/hard/libc.a(lib_a-locale.o)
                              _build/nrf_log_str_formatter.o (__locale_ctype_ptr)
/usr/bin/../lib/gcc/arm-none-eabi/7.3.1/../../../../arm-none-eabi/lib/thumb/v7e-m/fpv4-sp/hard/libc.a(lib_a-mbtowc_r.o)
                              /usr/bin/../lib/gcc/arm-none-eabi/7.3.1/../../../../arm-none-eabi/lib/thumb/v7e-m/fpv4-sp/hard/libc.a(lib_a-locale.o) (__ascii_mbtowc)
/usr/bin/../lib/gcc/arm-none-eabi/7.3.1/../../../../arm-none-eabi/lib/thumb/v7e-m/fpv4-sp/hard/libc.a(lib_a-memcmp.o)
                              _build/ble_advdata.o (memcmp)
/usr/bin/../lib/gcc/arm-none-eabi/7.3.1/../../../../arm-none-eabi/lib/thumb/v7e-m/fpv4-sp/hard/libc.a(lib_a-memcpy.o)
                              _build/app_scheduler.o (memcpy)
/usr/bin/../lib/gcc/arm-none-eabi/7.3.1/../../../../arm-none-eabi/lib/thumb/v7e-m/fpv4-sp/hard/libc.a(lib_a-memset.o)
                              /usr/bin/../lib/gcc/arm-none-eabi/7.3.1/../../../../arm-none-eabi/lib/thumb/v7e-m/fpv4-sp/hard/crt0.o (memset)
/usr/bin/../lib/gcc/arm-none-eabi/7.3.1/../../../../arm-none-eabi/lib/thumb/v7e-m/fpv4-sp/hard/libc.a(lib_a-printf.o)
                              _build/main.o (printf)
/usr/bin/../lib/gcc/arm-none-eabi/7.3.1/../../../../arm-none-eabi/lib/thumb/v7e-m/fpv4-sp/hard/libc.a(lib_a-setbuf.o)
                              _build/before_startup.o (setbuf)
/usr/bin/../lib/gcc/arm-none-eabi/7.3.1/../../../../arm-none-eabi/lib/thumb/v7e-m/fpv4-sp/hard/libc.a(lib_a-setvbuf.o)
                              /usr/bin/../lib/gcc/arm-none-eabi/7.3.1/../../../../arm-none-eabi/lib/thumb/v7e-m/fpv4-sp/hard/libc.a(lib_a-setbuf.o) (setvbuf)
/usr/bin/../lib/gcc/arm-none-eabi/7.3.1/../../../../arm-none-eabi/lib/thumb/v7e-m/fpv4-sp/hard/libc.a(lib_a-strcmp.o)
                              /usr/bin/../lib/gcc/arm-none-eabi/7.3.1/../../../../arm-none-eabi/lib/thumb/v7e-m/fpv4-sp/hard/libc.a(lib_a-locale.o) (strcmp)
/usr/bin/../lib/gcc/arm-none-eabi/7.3.1/../../../../arm-none-eabi/lib/thumb/v7e-m/fpv4-sp/hard/libc.a(lib_a-strcpy.o)
                              _build/SEGGER_RTT.o (strcpy)
/usr/bin/../lib/gcc/arm-none-eabi/7.3.1/../../../../arm-none-eabi/lib/thumb/v7e-m/fpv4-sp/hard/libc.a(lib_a-strlen.o)
                              _build/main.o (strlen)
/usr/bin/../lib/gcc/arm-none-eabi/7.3.1/../../../../arm-none-eabi/lib/thumb/v7e-m/fpv4-sp/hard/libc.a(lib_a-vfprintf.o)
                              /usr/bin/../lib/gcc/arm-none-eabi/7.3.1/../../../../arm-none-eabi/lib/thumb/v7e-m/fpv4-sp/hard/libc.a(lib_a-printf.o) (_vfprintf_r)
/usr/bin/../lib/gcc/arm-none-eabi/7.3.1/../../../../arm-none-eabi/lib/thumb/v7e-m/fpv4-sp/hard/libc.a(lib_a-wctomb_r.o)
                              /usr/bin/../lib/gcc/arm-none-eabi/7.3.1/../../../../arm-none-eabi/lib/thumb/v7e-m/fpv4-sp/hard/libc.a(lib_a-locale.o) (__ascii_wctomb)
/usr/bin/../lib/gcc/arm-none-eabi/7.3.1/../../../../arm-none-eabi/lib/thumb/v7e-m/fpv4-sp/hard/libc.a(lib_a-wsetup.o)
                              /usr/bin/../lib/gcc/arm-none-eabi/7.3.1/../../../../arm-none-eabi/lib/thumb/v7e-m/fpv4-sp/hard/libc.a(lib_a-vfprintf.o) (__swsetup_r)
/usr/bin/../lib/gcc/arm-none-eabi/7.3.1/../../../../arm-none-eabi/lib/thumb/v7e-m/fpv4-sp/hard/libc.a(lib_a-__call_atexit.o)
                              /usr/bin/../lib/gcc/arm-none-eabi/7.3.1/../../../../arm-none-eabi/lib/thumb/v7e-m/fpv4-sp/hard/libc.a(lib_a-exit.o) (__call_exitprocs)
/usr/bin/../lib/gcc/arm-none-eabi/7.3.1/../../../../arm-none-eabi/lib/thumb/v7e-m/fpv4-sp/hard/libc.a(lib_a-atexit.o)
                              /usr/bin/../lib/gcc/arm-none-eabi/7.3.1/../../../../arm-none-eabi/lib/thumb/v7e-m/fpv4-sp/hard/libc.a(lib_a-__call_atexit.o) (atexit)
/usr/bin/../lib/gcc/arm-none-eabi/7.3.1/../../../../arm-none-eabi/lib/thumb/v7e-m/fpv4-sp/hard/libc.a(lib_a-ctype_.o)
                              /usr/bin/../lib/gcc/arm-none-eabi/7.3.1/../../../../arm-none-eabi/lib/thumb/v7e-m/fpv4-sp/hard/libc.a(lib_a-locale.o) (_ctype_)
[...]
Memory Configuration

Name             Origin             Length             Attributes
FLASH            0x0000000000026000 0x0000000000059000 xr
RAM              0x00000000200098a8 0x0000000000006758 xrw
bootloader_settings_page 0x000000000007f000 0x0000000000001000 r
uicr_bootloader_start_address 0x0000000010001014 0x0000000000000004 r
*default*        0x0000000000000000 0xffffffffffffffff

Linker script and memory map


.text           0x0000000000026000     0xc510
 *(.isr_vector)
 .isr_vector    0x0000000000026000      0x200 _build/gcc_startup_nrf52.os
                0x0000000000026000                __isr_vector
 *(.text*)
 .text          0x0000000000026200       0x40 /usr/bin/../lib/gcc/arm-none-eabi/7.3.1/thumb/v7e-m/fpv4-sp/hard/crtbegin.o
 .text          0x0000000000026240       0x74 /usr/bin/../lib/gcc/arm-none-eabi/7.3.1/../../../../arm-none-eabi/lib/thumb/v7e-m/fpv4-sp/hard/crt0.o
                0x0000000000026240                _mainCRTStartup
                0x0000000000026240                _start
 .text.pin_change_handler
                0x00000000000262b4       0xa8 _build/main.o
                0x00000000000262b4                pin_change_handler
 .text.startup.main
                0x000000000002635c      0x128 _build/main.o
                0x000000000002635c                main
 .text.nrf_delay_ms.part.0
                0x0000000000026484       0x1c _build/better_error_handling.o
 .text.app_error_fault_handler
                0x00000000000264a0      0x148 _build/better_error_handling.o
                0x00000000000264a0                app_error_fault_handler
 .text.HardFault_process
                0x00000000000265e8       0xba _build/better_error_handling.o
                0x00000000000265e8                HardFault_process
 .text.app_error_handler
                0x00000000000266a2       0x1a _build/app_error_handler_gcc.o
                0x00000000000266a2                app_error_handler
 .text.user_op_alloc
                0x00000000000266bc       0x2c _build/app_timer.o
 .text.timer_stop_op_schedule
                0x00000000000266e8       0x50 _build/app_timer.o
 .text.nrfx_coredep_delay_us.constprop.3
                0x0000000000026738       0x10 _build/app_timer.o
 .text.RTC1_IRQHandler
                0x0000000000026748       0x9c _build/app_timer.o
                0x0000000000026748                RTC1_IRQHandler
 .text.SWI0_EGU0_IRQHandler
                0x00000000000267e4      0x2a4 _build/app_timer.o
                0x00000000000267e4                SWI0_EGU0_IRQHandler
 .text.app_timer_create
                0x0000000000026a88       0x24 _build/app_timer.o
                0x0000000000026a88                app_timer_create
 .text.app_timer_start
                0x0000000000026aac       0x88 _build/app_timer.o
                0x0000000000026aac                app_timer_start
 .text.app_timer_stop
                0x0000000000026b34       0x20 _build/app_timer.o
                0x0000000000026b34                app_timer_stop
 .text.privilege_level_get
                0x0000000000026b54       0x1a _build/app_util_platform.o
                0x0000000000026b54                privilege_level_get
 *fill*         0x0000000000026b6e        0x2 
 .text.app_util_critical_region_enter
                0x0000000000026b70       0x60 _build/app_util_platform.o
                0x0000000000026b70                app_util_critical_region_enter
 .text.app_util_critical_region_exit
                0x0000000000026bd0       0x40 _build/app_util_platform.o
                0x0000000000026bd0                app_util_critical_region_exit
 .text.startup.called_first
                0x0000000000026c10       0x10 _build/before_startup.o
                0x0000000000026c10                called_first
 .text.HardFault_Handler
                0x0000000000026c20       0x34 _build/hardfault_handler_gcc.o
                0x0000000000026c20                HardFault_Handler
 .text.HardFault_c_handler
                0x0000000000026c54      0x104 _build/hardfault_implementation.o
                0x0000000000026c54                HardFault_c_handler
 .text.nrf_atomic_u32_fetch_store
                0x0000000000026d58       0x14 _build/nrf_atomic.o
                0x0000000000026d58                nrf_atomic_u32_fetch_store
 .text.nrf_atomic_u32_or
                0x0000000000026d6c       0x16 _build/nrf_atomic.o
                0x0000000000026d6c                nrf_atomic_u32_or
 .text.nrf_atomic_u32_fetch_and
                0x0000000000026d82       0x16 _build/nrf_atomic.o
                0x0000000000026d82                nrf_atomic_u32_fetch_and
 .text.nrf_atomic_u32_add
                0x0000000000026d98       0x16 _build/nrf_atomic.o
                0x0000000000026d98                nrf_atomic_u32_add
 .text.nrf_atomic_u32_sub
                0x0000000000026dae       0x16 _build/nrf_atomic.o
                0x0000000000026dae                nrf_atomic_u32_sub
 .text.nrf_atomic_flag_set
                0x0000000000026dc4        0x6 _build/nrf_atomic.o
                0x0000000000026dc4                nrf_atomic_flag_set
 .text.nrf_atomic_flag_clear_fetch
                0x0000000000026dca        0x6 _build/nrf_atomic.o
                0x0000000000026dca                nrf_atomic_flag_clear_fetch
 .text.nrf_balloc_init
                0x0000000000026dd0       0x7c _build/nrf_balloc.o
                0x0000000000026dd0                nrf_balloc_init
 .text.nrf_balloc_alloc
                0x0000000000026e4c       0x5c _build/nrf_balloc.o
                0x0000000000026e4c                nrf_balloc_alloc
 .text.nrf_balloc_free
                0x0000000000026ea8       0x50 _build/nrf_balloc.o
                0x0000000000026ea8                nrf_balloc_free
 .text.sd_ble_gap_data_length_update
                0x0000000000026ef8        0x4 _build/nrf_ble_gatt.o
 .text.sd_ble_gattc_exchange_mtu_request
                0x0000000000026efc        0x4 _build/nrf_ble_gatt.o
 .text.sd_ble_gatts_exchange_mtu_reply
                0x0000000000026f00        0x4 _build/nrf_ble_gatt.o
 .text.data_length_update
                0x0000000000026f04       0x7c _build/nrf_ble_gatt.o
 .text.nrf_ble_gatt_on_ble_evt
                0x0000000000026f80      0x1b0 _build/nrf_ble_gatt.o
                0x0000000000026f80                nrf_ble_gatt_on_ble_evt
 .text.sd_ble_gatts_rw_authorize_reply
                0x0000000000027130        0x4 _build/nrf_ble_qwr.o
 .text.sd_ble_user_mem_reply
                0x0000000000027134        0x4 _build/nrf_ble_qwr.o
 .text.user_mem_reply.part.0
                0x0000000000027138       0x24 _build/nrf_ble_qwr.o
 .text.nrf_ble_qwr_conn_handle_assign
                0x000000000002715c       0x16 _build/nrf_ble_qwr.o
                0x000000000002715c                nrf_ble_qwr_conn_handle_assign
 .text.nrf_ble_qwr_on_ble_evt
                0x0000000000027172       0xa0 _build/nrf_ble_qwr.o
                0x0000000000027172                nrf_ble_qwr_on_ble_evt
 *fill*         0x0000000000027212        0x2 
 .text.uarte_evt_handler
                0x0000000000027214       0x34 _build/nrf_drv_uart.o
 .text.uart_evt_handler
                0x0000000000027248       0x34 _build/nrf_drv_uart.o
 .text.nrf_drv_uart_init
                0x000000000002727c       0x7c _build/nrf_drv_uart.o
                0x000000000002727c                nrf_drv_uart_init
 .text.nrf_fprintf_buffer_flush
                0x00000000000272f8       0x24 _build/nrf_fprintf.o
                0x00000000000272f8                nrf_fprintf_buffer_flush
 .text.nrf_fprintf
                0x000000000002731c       0x58 _build/nrf_fprintf.o
                0x000000000002731c                nrf_fprintf
 .text.buffer_add
                0x0000000000027374       0x1e _build/nrf_fprintf_format.o
 *fill*         0x0000000000027392        0x2 
 .text.unsigned_print
                0x0000000000027394       0xac _build/nrf_fprintf_format.o
 .text.nrf_fprintf_fmt
                0x0000000000027440      0x2c4 _build/nrf_fprintf_format.o
                0x0000000000027440                nrf_fprintf_fmt
 .text.nrf_log_backend_rtt_flush
                0x0000000000027704        0x2 _build/nrf_log_backend_rtt.o
 *fill*         0x0000000000027706        0x2 
 .text.nrf_log_backend_rtt_put
                0x0000000000027708       0x1c _build/nrf_log_backend_rtt.o
 .text.serial_tx
                0x0000000000027724       0x50 _build/nrf_log_backend_rtt.o
 .text.nrf_log_backend_rtt_panic_set
                0x0000000000027774        0x2 _build/nrf_log_backend_rtt.o
 .text.nrf_log_backend_rtt_init
                0x0000000000027776        0x4 _build/nrf_log_backend_rtt.o
                0x0000000000027776                nrf_log_backend_rtt_init
 .text.nrf_log_backend_serial_put
                0x000000000002777a       0xcc _build/nrf_log_backend_serial.o
                0x000000000002777a                nrf_log_backend_serial_put
 *fill*         0x0000000000027846        0x2 
 .text.nrf_log_default_backends_init
                0x0000000000027848       0x30 _build/nrf_log_default_backends.o
                0x0000000000027848                nrf_log_default_backends_init
 .text.invalid_packets_omit
                0x0000000000027878       0x3a _build/nrf_log_frontend.o
 *fill*         0x00000000000278b2        0x2 
 .text.buf_prealloc
                0x00000000000278b4      0x138 _build/nrf_log_frontend.o
 .text.nrf_log_init
                0x00000000000279ec       0x3c _build/nrf_log_frontend.o
                0x00000000000279ec                nrf_log_init
 .text.nrf_log_module_name_get
                0x0000000000027a28       0x38 _build/nrf_log_frontend.o
                0x0000000000027a28                nrf_log_module_name_get
 .text.nrf_log_color_id_get
                0x0000000000027a60       0x2c _build/nrf_log_frontend.o
                0x0000000000027a60                nrf_log_color_id_get
 .text.buffer_is_empty
                0x0000000000027a8c       0x14 _build/nrf_log_frontend.o
                0x0000000000027a8c                buffer_is_empty
 .text.nrf_log_frontend_dequeue
                0x0000000000027aa0      0x228 _build/nrf_log_frontend.o
                0x0000000000027aa0                nrf_log_frontend_dequeue
 .text.std_n    0x0000000000027cc8       0xd8 _build/nrf_log_frontend.o
 .text.nrf_log_frontend_std_0
                0x0000000000027da0        0x8 _build/nrf_log_frontend.o
                0x0000000000027da0                nrf_log_frontend_std_0
 .text.nrf_log_frontend_std_1
                0x0000000000027da8       0x14 _build/nrf_log_frontend.o
                0x0000000000027da8                nrf_log_frontend_std_1
 .text.nrf_log_frontend_std_2
                0x0000000000027dbc       0x14 _build/nrf_log_frontend.o
                0x0000000000027dbc                nrf_log_frontend_std_2
 .text.nrf_log_frontend_std_3
                0x0000000000027dd0       0x18 _build/nrf_log_frontend.o
                0x0000000000027dd0                nrf_log_frontend_std_3
 .text.nrf_log_frontend_std_4
                0x0000000000027de8       0x1c _build/nrf_log_frontend.o
                0x0000000000027de8                nrf_log_frontend_std_4
 .text.nrf_log_backend_add
                0x0000000000027e04       0x54 _build/nrf_log_frontend.o
                0x0000000000027e04                nrf_log_backend_add
 .text.nrf_log_panic
                0x0000000000027e58       0x2c _build/nrf_log_frontend.o
                0x0000000000027e58                nrf_log_panic
 .text.postfix_process
                0x0000000000027e84       0x3c _build/nrf_log_str_formatter.o
 .text.prefix_process
                0x0000000000027ec0       0x78 _build/nrf_log_str_formatter.o
 .text.nrf_log_std_entry_process
                0x0000000000027f38       0xc8 _build/nrf_log_str_formatter.o
                0x0000000000027f38                nrf_log_std_entry_process
 .text.nrf_log_hexdump_entry_process
                0x0000000000028000       0xbc _build/nrf_log_str_formatter.o
                0x0000000000028000                nrf_log_hexdump_entry_process
 .text.sd_app_evt_wait
                0x00000000000280bc        0x4 _build/nrf_pwr_mgmt.o
 .text.nrf_pwr_mgmt_init
                0x00000000000280c0       0x2c _build/nrf_pwr_mgmt.o
                0x00000000000280c0                nrf_pwr_mgmt_init
 .text.nrf_pwr_mgmt_run
                0x00000000000280ec       0x68 _build/nrf_pwr_mgmt.o
                0x00000000000280ec                nrf_pwr_mgmt_run
 .text.memobj_op
                0x0000000000028154       0xa4 _build/nrf_memobj.o
 .text.nrf_memobj_pool_init
                0x00000000000281f8        0x4 _build/nrf_memobj.o
                0x00000000000281f8                nrf_memobj_pool_init
 .text.nrf_memobj_free
                0x00000000000281fc       0x2c _build/nrf_memobj.o
                0x00000000000281fc                nrf_memobj_free
 .text.nrf_memobj_alloc
                0x0000000000028228       0x5e _build/nrf_memobj.o
                0x0000000000028228                nrf_memobj_alloc
 .text.nrf_memobj_get
                0x0000000000028286        0x8 _build/nrf_memobj.o
                0x0000000000028286                nrf_memobj_get
 .text.nrf_memobj_put
                0x000000000002828e       0x1e _build/nrf_memobj.o
                0x000000000002828e                nrf_memobj_put
 .text.nrf_memobj_write
                0x00000000000282ac       0x2c _build/nrf_memobj.o
                0x00000000000282ac                nrf_memobj_write
 .text.nrf_memobj_read
                0x00000000000282d8       0x2c _build/nrf_memobj.o
                0x00000000000282d8                nrf_memobj_read
 .text.nrf_ringbuf_init
                0x0000000000028304       0x1c _build/nrf_ringbuf.o
                0x0000000000028304                nrf_ringbuf_init
 .text.nrf_section_iter_init
                0x0000000000028320       0x30 _build/nrf_section_iter.o
                0x0000000000028320                nrf_section_iter_init
 .text.nrf_section_iter_next
                0x0000000000028350       0x38 _build/nrf_section_iter.o
                0x0000000000028350                nrf_section_iter_next
 .text.nrf_sdh_is_enabled
                0x0000000000028388        0xc _build/nrf_sdh.o
                0x0000000000028388                nrf_sdh_is_enabled
 .text.nrf_sdh_evts_poll
                0x0000000000028394       0x28 _build/nrf_sdh.o
                0x0000000000028394                nrf_sdh_evts_poll
 .text.SWI2_EGU2_IRQHandler
                0x00000000000283bc        0x4 _build/nrf_sdh.o
                0x00000000000283bc                SWI2_EGU2_IRQHandler
 .text.sd_ble_evt_get
                0x00000000000283c0        0x4 _build/nrf_sdh_ble.o
 .text.nrf_sdh_ble_evts_poll.part.0
                0x00000000000283c4       0x58 _build/nrf_sdh_ble.o
 .text.nrf_sdh_ble_evts_poll
                0x000000000002841c       0x10 _build/nrf_sdh_ble.o
 .text.event_handler
                0x000000000002842c        0xc _build/nrf_serial.o
 .text.serial_timeout_handler
                0x0000000000028438        0x6 _build/nrf_serial.o
 *fill*         0x000000000002843e        0x2 
 .text.nrf_mtx_unlock
                0x0000000000028440       0x2c _build/nrf_serial.o
 .text.nrf_drv_uart_tx
                0x000000000002846c       0x24 _build/nrf_serial.o
 .text.nrf_drv_uart_rx
                0x0000000000028490       0x24 _build/nrf_serial.o
 .text.uart_event_handler
                0x00000000000284b4       0x9c _build/nrf_serial.o
 .text.nrf_mtx_trylock
                0x0000000000028550       0x28 _build/nrf_serial.o
 .text.nrf_drv_uart_tx_in_progress
                0x0000000000028578       0x18 _build/nrf_serial.o
 .text.sleep_handler.isra.0
                0x0000000000028590        0xe _build/nrf_serial.o
 *fill*         0x000000000002859e        0x2 
 .text.timeout_setup.isra.1
                0x00000000000285a0       0x58 _build/nrf_serial.o
 .text.nrf_serial_init
                0x00000000000285f8      0x138 _build/nrf_serial.o
                0x00000000000285f8                nrf_serial_init
 .text.nrf_serial_write
                0x0000000000028730      0x160 _build/nrf_serial.o
                0x0000000000028730                nrf_serial_write
 .text.nrf_strerror_find
                0x0000000000028890       0x3c _build/nrf_strerror.o
                0x0000000000028890                nrf_strerror_find
 .text.nrf_strerror_get
                0x00000000000288cc       0x14 _build/nrf_strerror.o
                0x00000000000288cc                nrf_strerror_get
 .text.queue_utilization_get
                0x00000000000288e0       0x18 _build/nrf_queue.o
 .text.nrf_queue_next_idx
                0x00000000000288f8       0x20 _build/nrf_queue.o
 .text.queue_read
                0x0000000000028918       0x66 _build/nrf_queue.o
 *fill*         0x000000000002897e        0x2 
 .text.nrf_queue_out
                0x0000000000028980       0x58 _build/nrf_queue.o
                0x0000000000028980                nrf_queue_out
 .text.nrf_queue_reset
                0x00000000000289d8       0x38 _build/nrf_queue.o
                0x00000000000289d8                nrf_queue_reset
 .text.nrf_queue_utilization_get
                0x0000000000028a10       0x38 _build/nrf_queue.o
                0x0000000000028a10                nrf_queue_utilization_get
 .text.nrf_queue_available_get
                0x0000000000028a48       0x20 _build/nrf_queue.o
                0x0000000000028a48                nrf_queue_available_get
 .text.queue_write
                0x0000000000028a68       0x8a _build/nrf_queue.o
 *fill*         0x0000000000028af2        0x2 
 .text.nrf_queue_in
                0x0000000000028af4       0x64 _build/nrf_queue.o
                0x0000000000028af4                nrf_queue_in
 .text.nrf_gpiote_event_clear
                0x0000000000028b58       0x18 _build/nrfx_gpiote.o
 .text.channel_free
                0x0000000000028b70       0x1c _build/nrfx_gpiote.o
 .text.nrf_gpio_pin_port_decode.isra.0.part.1
                0x0000000000028b8c       0x10 _build/nrfx_gpiote.o
 .text.nrf_gpio_cfg_sense_set
                0x0000000000028b9c       0x2e _build/nrfx_gpiote.o
 *fill*         0x0000000000028bca        0x2 
 .text.nrfx_gpiote_init
                0x0000000000028bcc       0x6c _build/nrfx_gpiote.o
                0x0000000000028bcc                nrfx_gpiote_init
 .text.nrfx_gpiote_is_init
                0x0000000000028c38       0x14 _build/nrfx_gpiote.o
                0x0000000000028c38                nrfx_gpiote_is_init
 .text.nrfx_gpiote_out_init
                0x0000000000028c4c      0x11c _build/nrfx_gpiote.o
                0x0000000000028c4c                nrfx_gpiote_out_init
 .text.nrfx_gpiote_out_set
                0x0000000000028d68       0x5c _build/nrfx_gpiote.o
                0x0000000000028d68                nrfx_gpiote_out_set
 .text.nrfx_gpiote_out_clear
                0x0000000000028dc4       0x5c _build/nrfx_gpiote.o
                0x0000000000028dc4                nrfx_gpiote_out_clear
 .text.nrfx_gpiote_in_init
                0x0000000000028e20      0x120 _build/nrfx_gpiote.o
                0x0000000000028e20                nrfx_gpiote_in_init
 .text.nrfx_gpiote_in_event_enable
                0x0000000000028f40       0xb8 _build/nrfx_gpiote.o
                0x0000000000028f40                nrfx_gpiote_in_event_enable
 .text.nrfx_gpiote_in_is_set
                0x0000000000028ff8       0x2c _build/nrfx_gpiote.o
                0x0000000000028ff8                nrfx_gpiote_in_is_set
 .text.GPIOTE_IRQHandler
                0x0000000000029024      0x18c _build/nrfx_gpiote.o
                0x0000000000029024                GPIOTE_IRQHandler
 .text.UARTE0_UART0_IRQHandler
                0x00000000000291b0       0x20 _build/nrfx_prs.o
                0x00000000000291b0                UARTE0_UART0_IRQHandler
 .text.nrfx_prs_acquire
                0x00000000000291d0       0x50 _build/nrfx_prs.o
                0x00000000000291d0                nrfx_prs_acquire
 .text.nrf_saadc_event_clear
                0x0000000000029220       0x18 _build/nrfx_saadc.o
 .text.SAADC_IRQHandler
                0x0000000000029238      0x164 _build/nrfx_saadc.o
                0x0000000000029238                SAADC_IRQHandler
 .text.TIMER0_IRQHandler
                0x000000000002939c       0x54 _build/nrfx_timer.o
                0x000000000002939c                TIMER0_IRQHandler
 .text.nrf_twim_event_clear
                0x00000000000293f0       0x10 _build/nrfx_twim.o
 .text.SPIM0_SPIS0_TWIM0_TWIS0_SPI0_TWI0_IRQHandler
                0x0000000000029400      0x158 _build/nrfx_twim.o
                0x0000000000029400                SPIM0_SPIS0_TWIM0_TWIS0_SPI0_TWI0_IRQHandler
 .text.nrf_uart_event_clear
                0x0000000000029558       0x10 _build/nrfx_uart.o
 .text.tx_byte  0x0000000000029568       0x1e _build/nrfx_uart.o
 .text.rx_enable.isra.1
                0x0000000000029586       0x20 _build/nrfx_uart.o
 .text.rx_byte  0x00000000000295a6       0x2c _build/nrfx_uart.o
 *fill*         0x00000000000295d2        0x2 
 .text.nrf_gpio_pin_port_decode.isra.3.part.4
                0x00000000000295d4       0x10 _build/nrfx_uart.o
 .text.rx_done_event.constprop.9
                0x00000000000295e4       0x20 _build/nrfx_uart.o
 .text.nrfx_uart_0_irq_handler
                0x0000000000029604      0x140 _build/nrfx_uart.o
                0x0000000000029604                nrfx_uart_0_irq_handler
 .text.nrfx_uart_init
                0x0000000000029744      0x208 _build/nrfx_uart.o
                0x0000000000029744                nrfx_uart_init
 .text.nrfx_uart_tx
                0x000000000002994c       0xe0 _build/nrfx_uart.o
                0x000000000002994c                nrfx_uart_tx
 .text.nrfx_uart_tx_in_progress
                0x0000000000029a2c       0x18 _build/nrfx_uart.o
                0x0000000000029a2c                nrfx_uart_tx_in_progress
 .text.nrfx_uart_rx
                0x0000000000029a44      0x12c _build/nrfx_uart.o
                0x0000000000029a44                nrfx_uart_rx
 .text.nrfx_uart_rx_enable
                0x0000000000029b70       0x2c _build/nrfx_uart.o
                0x0000000000029b70                nrfx_uart_rx_enable
 .text.nrf_uarte_event_clear
                0x0000000000029b9c       0x10 _build/nrfx_uarte.o
 .text.nrf_gpio_pin_port_decode.isra.1.part.2
                0x0000000000029bac       0x10 _build/nrfx_uarte.o
 .text.rx_done_event.constprop.8
                0x0000000000029bbc       0x20 _build/nrfx_uarte.o
 .text.nrfx_uarte_0_irq_handler
                0x0000000000029bdc       0xe8 _build/nrfx_uarte.o
                0x0000000000029bdc                nrfx_uarte_0_irq_handler
 .text.nrfx_uarte_init
                0x0000000000029cc4      0x218 _build/nrfx_uarte.o
                0x0000000000029cc4                nrfx_uarte_init
 .text.nrfx_uarte_tx
                0x0000000000029edc       0xe8 _build/nrfx_uarte.o
                0x0000000000029edc                nrfx_uarte_tx
 .text.nrfx_uarte_tx_in_progress
                0x0000000000029fc4       0x18 _build/nrfx_uarte.o
                0x0000000000029fc4                nrfx_uarte_tx_in_progress
 .text.nrfx_uarte_rx
                0x0000000000029fdc      0x130 _build/nrfx_uarte.o
                0x0000000000029fdc                nrfx_uarte_rx
 .text.POWER_CLOCK_IRQHandler
                0x000000000002a10c       0x64 _build/nrfx_clock.o
                0x000000000002a10c                POWER_CLOCK_IRQHandler
 .text._GetAvailWriteSpace
                0x000000000002a170       0x1c _build/SEGGER_RTT.o
 .text._WriteNoCheck
                0x000000000002a18c       0x3a _build/SEGGER_RTT.o
 .text._WriteBlocking
                0x000000000002a1c6       0x52 _build/SEGGER_RTT.o
 .text._DoInit  0x000000000002a218       0x60 _build/SEGGER_RTT.o
 .text.SEGGER_RTT_WriteNoLock
                0x000000000002a278       0x68 _build/SEGGER_RTT.o
                0x000000000002a278                SEGGER_RTT_WriteNoLock
 .text.SEGGER_RTT_Write
                0x000000000002a2e0       0x3c _build/SEGGER_RTT.o
                0x000000000002a2e0                SEGGER_RTT_Write
 .text.SEGGER_RTT_Init
                0x000000000002a31c        0x4 _build/SEGGER_RTT.o
                0x000000000002a31c                SEGGER_RTT_Init
 .text._write_r
                0x000000000002a320       0x12 _build/SEGGER_RTT_Syscalls_GCC.o
                0x000000000002a320                _write_r
 .text.sd_ble_gap_adv_set_configure
                0x000000000002a332        0x4 _build/ble_advertising.o
 .text.sd_ble_gap_adv_start
                0x000000000002a336        0x4 _build/ble_advertising.o
 .text.flags_set
                0x000000000002a33a       0x2c _build/ble_advertising.o
 .text.ble_advertising_start
                0x000000000002a366      0x21c _build/ble_advertising.o
                0x000000000002a366                ble_advertising_start
 .text.ble_advertising_on_ble_evt
                0x000000000002a582       0x6a _build/ble_advertising.o
                0x000000000002a582                ble_advertising_on_ble_evt
 .text.ble_advertising_on_sys_evt
                0x000000000002a5ec        0x2 _build/ble_advertising.o
                0x000000000002a5ec                ble_advertising_on_sys_evt
 .text.ble_advdata_search
                0x000000000002a5ee       0x38 _build/ble_advdata.o
                0x000000000002a5ee                ble_advdata_search
 .text.ble_advdata_parse
                0x000000000002a626       0x20 _build/ble_advdata.o
                0x000000000002a626                ble_advdata_parse
 *fill*         0x000000000002a646        0x2 
 .text.instance_get
                0x000000000002a648       0x14 _build/ble_conn_params.o
 .text.send_error_evt
                0x000000000002a65c       0x10 _build/ble_conn_params.o
 .text.conn_params_negotiation
                0x000000000002a66c       0x48 _build/ble_conn_params.o
 .text.is_conn_params_ok.constprop.3
                0x000000000002a6b4       0x3a _build/ble_conn_params.o
 *fill*         0x000000000002a6ee        0x2 
 .text.ble_evt_handler
                0x000000000002a6f0       0xe0 _build/ble_conn_params.o
 .text.ble_srv_is_notification_enabled
                0x000000000002a7d0        0x8 _build/ble_srv_common.o
                0x000000000002a7d0                ble_srv_is_notification_enabled
 .text.sd_ble_gap_disconnect
                0x000000000002a7d8        0x4 _build/simple_ble.o
 .text.sd_ble_gap_sec_params_reply
                0x000000000002a7dc        0x4 _build/simple_ble.o
 .text.sd_ble_gap_sec_info_reply
                0x000000000002a7e0        0x4 _build/simple_ble.o
 .text.sd_ble_gap_scan_start
                0x000000000002a7e4        0x4 _build/simple_ble.o
 .text.sd_ble_gap_phy_update
                0x000000000002a7e8        0x4 _build/simple_ble.o
 .text.sd_ble_gatts_sys_attr_set
                0x000000000002a7ec        0x4 _build/simple_ble.o
 .text.sd_power_system_off
                0x000000000002a7f0        0x4 _build/simple_ble.o
 .text.on_ble_evt
                0x000000000002a7f4      0x1d0 _build/simple_ble.o
 .text.assert_nrf_callback
                0x000000000002a9c4       0x20 _build/simple_ble.o
                0x000000000002a9c4                assert_nrf_callback
 .text.errata_12
                0x000000000002a9e4       0x40 _build/system_nrf52.o
 .text.errata_16
                0x000000000002aa24       0x34 _build/system_nrf52.o
 .text.SystemInit
                0x000000000002aa58      0x25c _build/system_nrf52.o
                0x000000000002aa58                SystemInit
 .text          0x000000000002acb4       0x3c _build/gcc_startup_nrf52.os
                0x000000000002acb4                Reset_Handler
                0x000000000002acdc                NMI_Handler
                0x000000000002ace0                MemoryManagement_Handler
                0x000000000002ace2                BusFault_Handler
                0x000000000002ace4                UsageFault_Handler
                0x000000000002ace6                SVC_Handler
                0x000000000002ace8                DebugMon_Handler
                0x000000000002acea                PendSV_Handler
                0x000000000002acec                SysTick_Handler
                0x000000000002acee                TIMER2_IRQHandler
                0x000000000002acee                RTC0_IRQHandler
                0x000000000002acee                PWM1_IRQHandler
                0x000000000002acee                RADIO_IRQHandler
                0x000000000002acee                PDM_IRQHandler
                0x000000000002acee                TEMP_IRQHandler
                0x000000000002acee                QDEC_IRQHandler
                0x000000000002acee                TIMER3_IRQHandler
                0x000000000002acee                FPU_IRQHandler
                0x000000000002acee                TIMER4_IRQHandler
                0x000000000002acee                I2S_IRQHandler
                0x000000000002acee                SWI4_EGU4_IRQHandler
                0x000000000002acee                TIMER1_IRQHandler
                0x000000000002acee                PWM2_IRQHandler
                0x000000000002acee                ECB_IRQHandler
                0x000000000002acee                SPIM1_SPIS1_TWIM1_TWIS1_SPI1_TWI1_IRQHandler
                0x000000000002acee                Default_Handler
                0x000000000002acee                CCM_AAR_IRQHandler
                0x000000000002acee                WDT_IRQHandler
                0x000000000002acee                SWI5_EGU5_IRQHandler
                0x000000000002acee                RNG_IRQHandler
                0x000000000002acee                RTC2_IRQHandler
                0x000000000002acee                PWM0_IRQHandler
                0x000000000002acee                SWI3_EGU3_IRQHandler
                0x000000000002acee                SWI1_EGU1_IRQHandler
                0x000000000002acee                SPIM2_SPIS2_SPI2_IRQHandler
                0x000000000002acee                NFCT_IRQHandler
                0x000000000002acee                MWU_IRQHandler
                0x000000000002acee                COMP_LPCOMP_IRQHandler
 .text.exit     0x000000000002acf0       0x20 /usr/bin/../lib/gcc/arm-none-eabi/7.3.1/../../../../arm-none-eabi/lib/thumb/v7e-m/fpv4-sp/hard/libc.a(lib_a-exit.o)
                0x000000000002acf0                exit
 .text.__libc_init_array
                0x000000000002ad10       0x48 /usr/bin/../lib/gcc/arm-none-eabi/7.3.1/../../../../arm-none-eabi/lib/thumb/v7e-m/fpv4-sp/hard/libc.a(lib_a-init.o)
                0x000000000002ad10                __libc_init_array
 .text.__locale_mb_cur_max
                0x000000000002ad58       0x1c /usr/bin/../lib/gcc/arm-none-eabi/7.3.1/../../../../arm-none-eabi/lib/thumb/v7e-m/fpv4-sp/hard/libc.a(lib_a-locale.o)
                0x000000000002ad58                __locale_mb_cur_max
 .text.__locale_ctype_ptr
                0x000000000002ad74       0x1c /usr/bin/../lib/gcc/arm-none-eabi/7.3.1/../../../../arm-none-eabi/lib/thumb/v7e-m/fpv4-sp/hard/libc.a(lib_a-locale.o)
                0x000000000002ad74                __locale_ctype_ptr
 .text.__ascii_mbtowc
                0x000000000002ad90       0x2c /usr/bin/../lib/gcc/arm-none-eabi/7.3.1/../../../../arm-none-eabi/lib/thumb/v7e-m/fpv4-sp/hard/libc.a(lib_a-mbtowc_r.o)
                0x000000000002ad90                __ascii_mbtowc
 .text          0x000000000002adbc      0x134 /usr/bin/../lib/gcc/arm-none-eabi/7.3.1/../../../../arm-none-eabi/lib/thumb/v7e-m/fpv4-sp/hard/libc.a(lib_a-memcpy.o)
                0x000000000002adbc                memcpy
 .text.memset   0x000000000002aef0       0x94 /usr/bin/../lib/gcc/arm-none-eabi/7.3.1/../../../../arm-none-eabi/lib/thumb/v7e-m/fpv4-sp/hard/libc.a(lib_a-memset.o)
                0x000000000002aef0                memset
 .text.printf   0x000000000002af84       0x28 /usr/bin/../lib/gcc/arm-none-eabi/7.3.1/../../../../arm-none-eabi/lib/thumb/v7e-m/fpv4-sp/hard/libc.a(lib_a-printf.o)
                0x000000000002af84                printf
 .text.setbuf   0x000000000002afac       0x10 /usr/bin/../lib/gcc/arm-none-eabi/7.3.1/../../../../arm-none-eabi/lib/thumb/v7e-m/fpv4-sp/hard/libc.a(lib_a-setbuf.o)
                0x000000000002afac                setbuf
 .text.setvbuf  0x000000000002afbc      0x180 /usr/bin/../lib/gcc/arm-none-eabi/7.3.1/../../../../arm-none-eabi/lib/thumb/v7e-m/fpv4-sp/hard/libc.a(lib_a-setvbuf.o)
                0x000000000002afbc                setvbuf
 .text.strcpy   0x000000000002b13c       0xbc /usr/bin/../lib/gcc/arm-none-eabi/7.3.1/../../../../arm-none-eabi/lib/thumb/v7e-m/fpv4-sp/hard/libc.a(lib_a-strcpy.o)
                0x000000000002b13c                strcpy
 *fill*         0x000000000002b1f8        0x8 
 .text          0x000000000002b200       0xdc /usr/bin/../lib/gcc/arm-none-eabi/7.3.1/../../../../arm-none-eabi/lib/thumb/v7e-m/fpv4-sp/hard/libc.a(lib_a-strlen.o)
                0x000000000002b200                strlen
 *fill*         0x000000000002b2dc        0x4 
 .text._vfprintf_r
                0x000000000002b2e0     0x1a7c /usr/bin/../lib/gcc/arm-none-eabi/7.3.1/../../../../arm-none-eabi/lib/thumb/v7e-m/fpv4-sp/hard/libc.a(lib_a-vfprintf.o)
                0x000000000002b2e0                _vfprintf_r
 .text.__sbprintf
                0x000000000002cd5c       0x84 /usr/bin/../lib/gcc/arm-none-eabi/7.3.1/../../../../arm-none-eabi/lib/thumb/v7e-m/fpv4-sp/hard/libc.a(lib_a-vfprintf.o)
 .text.__ascii_wctomb
                0x000000000002cde0       0x1c /usr/bin/../lib/gcc/arm-none-eabi/7.3.1/../../../../arm-none-eabi/lib/thumb/v7e-m/fpv4-sp/hard/libc.a(lib_a-wctomb_r.o)
                0x000000000002cde0                __ascii_wctomb
 .text.__swsetup_r
                0x000000000002cdfc       0xcc /usr/bin/../lib/gcc/arm-none-eabi/7.3.1/../../../../arm-none-eabi/lib/thumb/v7e-m/fpv4-sp/hard/libc.a(lib_a-wsetup.o)
                0x000000000002cdfc                __swsetup_r
 .text.startup.register_fini
                0x000000000002cec8       0x14 /usr/bin/../lib/gcc/arm-none-eabi/7.3.1/../../../../arm-none-eabi/lib/thumb/v7e-m/fpv4-sp/hard/libc.a(lib_a-__call_atexit.o)
 .text.__call_exitprocs
                0x000000000002cedc       0xe8 /usr/bin/../lib/gcc/arm-none-eabi/7.3.1/../../../../arm-none-eabi/lib/thumb/v7e-m/fpv4-sp/hard/libc.a(lib_a-__call_atexit.o)
                0x000000000002cedc                __call_exitprocs
 .text.atexit   0x000000000002cfc4        0xc /usr/bin/../lib/gcc/arm-none-eabi/7.3.1/../../../../arm-none-eabi/lib/thumb/v7e-m/fpv4-sp/hard/libc.a(lib_a-atexit.o)
                0x000000000002cfc4                atexit
 .text.quorem   0x000000000002cfd0      0x124 /usr/bin/../lib/gcc/arm-none-eabi/7.3.1/../../../../arm-none-eabi/lib/thumb/v7e-m/fpv4-sp/hard/libc.a(lib_a-dtoa.o)
 *fill*         0x000000000002d0f4        0x4 
 .text._dtoa_r  0x000000000002d0f8      0xe20 /usr/bin/../lib/gcc/arm-none-eabi/7.3.1/../../../../arm-none-eabi/lib/thumb/v7e-m/fpv4-sp/hard/libc.a(lib_a-dtoa.o)
                0x000000000002d0f8                _dtoa_r
 .text.__sflush_r
                0x000000000002df18      0x154 /usr/bin/../lib/gcc/arm-none-eabi/7.3.1/../../../../arm-none-eabi/lib/thumb/v7e-m/fpv4-sp/hard/libc.a(lib_a-fflush.o)
                0x000000000002df18                __sflush_r
 .text._fflush_r
                0x000000000002e06c       0x5c /usr/bin/../lib/gcc/arm-none-eabi/7.3.1/../../../../arm-none-eabi/lib/thumb/v7e-m/fpv4-sp/hard/libc.a(lib_a-fflush.o)
                0x000000000002e06c                _fflush_r
 .text.std      0x000000000002e0c8       0x50 /usr/bin/../lib/gcc/arm-none-eabi/7.3.1/../../../../arm-none-eabi/lib/thumb/v7e-m/fpv4-sp/hard/libc.a(lib_a-findfp.o)
 .text._cleanup_r
                0x000000000002e118        0xc /usr/bin/../lib/gcc/arm-none-eabi/7.3.1/../../../../arm-none-eabi/lib/thumb/v7e-m/fpv4-sp/hard/libc.a(lib_a-findfp.o)
                0x000000000002e118                _cleanup_r
 .text.__sinit  0x000000000002e124       0x58 /usr/bin/../lib/gcc/arm-none-eabi/7.3.1/../../../../arm-none-eabi/lib/thumb/v7e-m/fpv4-sp/hard/libc.a(lib_a-findfp.o)
                0x000000000002e124                __sinit
 .text.__sfp_lock_acquire
                0x000000000002e17c        0xc /usr/bin/../lib/gcc/arm-none-eabi/7.3.1/../../../../arm-none-eabi/lib/thumb/v7e-m/fpv4-sp/hard/libc.a(lib_a-findfp.o)
                0x000000000002e17c                __sfp_lock_acquire
 .text.__sfp_lock_release
                0x000000000002e188        0xc /usr/bin/../lib/gcc/arm-none-eabi/7.3.1/../../../../arm-none-eabi/lib/thumb/v7e-m/fpv4-sp/hard/libc.a(lib_a-findfp.o)
                0x000000000002e188                __sfp_lock_release
 .text.__libc_fini_array
                0x000000000002e194       0x34 /usr/bin/../lib/gcc/arm-none-eabi/7.3.1/../../../../arm-none-eabi/lib/thumb/v7e-m/fpv4-sp/hard/libc.a(lib_a-fini.o)
                0x000000000002e194                __libc_fini_array
 .text._malloc_trim_r
                0x000000000002e1c8       0xa0 /usr/bin/../lib/gcc/arm-none-eabi/7.3.1/../../../../arm-none-eabi/lib/thumb/v7e-m/fpv4-sp/hard/libc.a(lib_a-freer.o)
                0x000000000002e1c8                _malloc_trim_r
 .text._free_r  0x000000000002e268      0x1e8 /usr/bin/../lib/gcc/arm-none-eabi/7.3.1/../../../../arm-none-eabi/lib/thumb/v7e-m/fpv4-sp/hard/libc.a(lib_a-freer.o)
                0x000000000002e268                _free_r
 .text._fwalk_reent
                0x000000000002e450       0x54 /usr/bin/../lib/gcc/arm-none-eabi/7.3.1/../../../../arm-none-eabi/lib/thumb/v7e-m/fpv4-sp/hard/libc.a(lib_a-fwalk.o)
                0x000000000002e450                _fwalk_reent
 .text._localeconv_r
                0x000000000002e4a4       0x1c /usr/bin/../lib/gcc/arm-none-eabi/7.3.1/../../../../arm-none-eabi/lib/thumb/v7e-m/fpv4-sp/hard/libc.a(lib_a-localeconv.o)
                0x000000000002e4a4                _localeconv_r
 .text.__retarget_lock_init_recursive
                0x000000000002e4c0        0x4 /usr/bin/../lib/gcc/arm-none-eabi/7.3.1/../../../../arm-none-eabi/lib/thumb/v7e-m/fpv4-sp/hard/libc.a(lib_a-lock.o)
                0x000000000002e4c0                __retarget_lock_init_recursive
 .text.__retarget_lock_close_recursive
                0x000000000002e4c4        0x4 /usr/bin/../lib/gcc/arm-none-eabi/7.3.1/../../../../arm-none-eabi/lib/thumb/v7e-m/fpv4-sp/hard/libc.a(lib_a-lock.o)
                0x000000000002e4c4                __retarget_lock_close_recursive
 .text.__retarget_lock_acquire_recursive
                0x000000000002e4c8        0x4 /usr/bin/../lib/gcc/arm-none-eabi/7.3.1/../../../../arm-none-eabi/lib/thumb/v7e-m/fpv4-sp/hard/libc.a(lib_a-lock.o)
                0x000000000002e4c8                __retarget_lock_acquire_recursive
 .text.__retarget_lock_release_recursive
                0x000000000002e4cc        0x4 /usr/bin/../lib/gcc/arm-none-eabi/7.3.1/../../../../arm-none-eabi/lib/thumb/v7e-m/fpv4-sp/hard/libc.a(lib_a-lock.o)
                0x000000000002e4cc                __retarget_lock_release_recursive
 .text.__swhatbuf_r
                0x000000000002e4d0       0x5c /usr/bin/../lib/gcc/arm-none-eabi/7.3.1/../../../../arm-none-eabi/lib/thumb/v7e-m/fpv4-sp/hard/libc.a(lib_a-makebuf.o)
                0x000000000002e4d0                __swhatbuf_r
 .text.__smakebuf_r
                0x000000000002e52c       0x94 /usr/bin/../lib/gcc/arm-none-eabi/7.3.1/../../../../arm-none-eabi/lib/thumb/v7e-m/fpv4-sp/hard/libc.a(lib_a-makebuf.o)
                0x000000000002e52c                __smakebuf_r
 .text.malloc   0x000000000002e5c0       0x10 /usr/bin/../lib/gcc/arm-none-eabi/7.3.1/../../../../arm-none-eabi/lib/thumb/v7e-m/fpv4-sp/hard/libc.a(lib_a-malloc.o)
                0x000000000002e5c0                malloc
 .text.free     0x000000000002e5d0       0x10 /usr/bin/../lib/gcc/arm-none-eabi/7.3.1/../../../../arm-none-eabi/lib/thumb/v7e-m/fpv4-sp/hard/libc.a(lib_a-malloc.o)
                0x000000000002e5d0                free
 .text._malloc_r
                0x000000000002e5e0      0x548 /usr/bin/../lib/gcc/arm-none-eabi/7.3.1/../../../../arm-none-eabi/lib/thumb/v7e-m/fpv4-sp/hard/libc.a(lib_a-mallocr.o)
                0x000000000002e5e0                _malloc_r
 *fill*         0x000000000002eb28        0x8 
 .text          0x000000000002eb30       0xa0 /usr/bin/../lib/gcc/arm-none-eabi/7.3.1/../../../../arm-none-eabi/lib/thumb/v7e-m/fpv4-sp/hard/libc.a(lib_a-memchr.o)
                0x000000000002eb30                memchr
 .text.__malloc_lock
                0x000000000002ebd0        0xc /usr/bin/../lib/gcc/arm-none-eabi/7.3.1/../../../../arm-none-eabi/lib/thumb/v7e-m/fpv4-sp/hard/libc.a(lib_a-mlock.o)
                0x000000000002ebd0                __malloc_lock
 .text.__malloc_unlock
                0x000000000002ebdc        0xc /usr/bin/../lib/gcc/arm-none-eabi/7.3.1/../../../../arm-none-eabi/lib/thumb/v7e-m/fpv4-sp/hard/libc.a(lib_a-mlock.o)
                0x000000000002ebdc                __malloc_unlock
 .text._Balloc  0x000000000002ebe8       0x4c /usr/bin/../lib/gcc/arm-none-eabi/7.3.1/../../../../arm-none-eabi/lib/thumb/v7e-m/fpv4-sp/hard/libc.a(lib_a-mprec.o)
                0x000000000002ebe8                _Balloc
 .text._Bfree   0x000000000002ec34       0x14 /usr/bin/../lib/gcc/arm-none-eabi/7.3.1/../../../../arm-none-eabi/lib/thumb/v7e-m/fpv4-sp/hard/libc.a(lib_a-mprec.o)
                0x000000000002ec34                _Bfree
 .text.__multadd
                0x000000000002ec48       0x80 /usr/bin/../lib/gcc/arm-none-eabi/7.3.1/../../../../arm-none-eabi/lib/thumb/v7e-m/fpv4-sp/hard/libc.a(lib_a-mprec.o)
                0x000000000002ec48                __multadd
 .text.__hi0bits
                0x000000000002ecc8       0x40 /usr/bin/../lib/gcc/arm-none-eabi/7.3.1/../../../../arm-none-eabi/lib/thumb/v7e-m/fpv4-sp/hard/libc.a(lib_a-mprec.o)
                0x000000000002ecc8                __hi0bits
 .text.__lo0bits
                0x000000000002ed08       0x60 /usr/bin/../lib/gcc/arm-none-eabi/7.3.1/../../../../arm-none-eabi/lib/thumb/v7e-m/fpv4-sp/hard/libc.a(lib_a-mprec.o)
                0x000000000002ed08                __lo0bits
 .text.__i2b    0x000000000002ed68       0x14 /usr/bin/../lib/gcc/arm-none-eabi/7.3.1/../../../../arm-none-eabi/lib/thumb/v7e-m/fpv4-sp/hard/libc.a(lib_a-mprec.o)
                0x000000000002ed68                __i2b
 .text.__multiply
                0x000000000002ed7c      0x14c /usr/bin/../lib/gcc/arm-none-eabi/7.3.1/../../../../arm-none-eabi/lib/thumb/v7e-m/fpv4-sp/hard/libc.a(lib_a-mprec.o)
                0x000000000002ed7c                __multiply
 .text.__pow5mult
                0x000000000002eec8       0xa0 /usr/bin/../lib/gcc/arm-none-eabi/7.3.1/../../../../arm-none-eabi/lib/thumb/v7e-m/fpv4-sp/hard/libc.a(lib_a-mprec.o)
                0x000000000002eec8                __pow5mult
 .text.__lshift
                0x000000000002ef68       0xac /usr/bin/../lib/gcc/arm-none-eabi/7.3.1/../../../../arm-none-eabi/lib/thumb/v7e-m/fpv4-sp/hard/libc.a(lib_a-mprec.o)
                0x000000000002ef68                __lshift
 .text.__mcmp   0x000000000002f014       0x38 /usr/bin/../lib/gcc/arm-none-eabi/7.3.1/../../../../arm-none-eabi/lib/thumb/v7e-m/fpv4-sp/hard/libc.a(lib_a-mprec.o)
                0x000000000002f014                __mcmp
 .text.__mdiff  0x000000000002f04c       0xec /usr/bin/../lib/gcc/arm-none-eabi/7.3.1/../../../../arm-none-eabi/lib/thumb/v7e-m/fpv4-sp/hard/libc.a(lib_a-mprec.o)
                0x000000000002f04c                __mdiff
 .text.__d2b    0x000000000002f138       0xc4 /usr/bin/../lib/gcc/arm-none-eabi/7.3.1/../../../../arm-none-eabi/lib/thumb/v7e-m/fpv4-sp/hard/libc.a(lib_a-mprec.o)
                0x000000000002f138                __d2b
 .text.frexp    0x000000000002f1fc       0x68 /usr/bin/../lib/gcc/arm-none-eabi/7.3.1/../../../../arm-none-eabi/lib/thumb/v7e-m/fpv4-sp/hard/libc.a(lib_a-s_frexp.o)
                0x000000000002f1fc                frexp
 .text._sbrk_r  0x000000000002f264       0x24 /usr/bin/../lib/gcc/arm-none-eabi/7.3.1/../../../../arm-none-eabi/lib/thumb/v7e-m/fpv4-sp/hard/libc.a(lib_a-sbrkr.o)
                0x000000000002f264                _sbrk_r
 .text.__sread  0x000000000002f288       0x24 /usr/bin/../lib/gcc/arm-none-eabi/7.3.1/../../../../arm-none-eabi/lib/thumb/v7e-m/fpv4-sp/hard/libc.a(lib_a-stdio.o)
                0x000000000002f288                __sread
 .text.__swrite
                0x000000000002f2ac       0x3c /usr/bin/../lib/gcc/arm-none-eabi/7.3.1/../../../../arm-none-eabi/lib/thumb/v7e-m/fpv4-sp/hard/libc.a(lib_a-stdio.o)
                0x000000000002f2ac                __swrite
 .text.__sseek  0x000000000002f2e8       0x20 /usr/bin/../lib/gcc/arm-none-eabi/7.3.1/../../../../arm-none-eabi/lib/thumb/v7e-m/fpv4-sp/hard/libc.a(lib_a-stdio.o)
                0x000000000002f2e8                __sseek
 .text.__sclose
                0x000000000002f308        0x8 /usr/bin/../lib/gcc/arm-none-eabi/7.3.1/../../../../arm-none-eabi/lib/thumb/v7e-m/fpv4-sp/hard/libc.a(lib_a-stdio.o)
                0x000000000002f308                __sclose
 .text.strncpy  0x000000000002f310       0x64 /usr/bin/../lib/gcc/arm-none-eabi/7.3.1/../../../../arm-none-eabi/lib/thumb/v7e-m/fpv4-sp/hard/libc.a(lib_a-strncpy.o)
                0x000000000002f310                strncpy
 .text.__sprint_r.part.0
                0x000000000002f374       0x78 /usr/bin/../lib/gcc/arm-none-eabi/7.3.1/../../../../arm-none-eabi/lib/thumb/v7e-m/fpv4-sp/hard/libc.a(lib_a-vfiprintf.o)
 .text.__sprint_r
                0x000000000002f3ec       0x14 /usr/bin/../lib/gcc/arm-none-eabi/7.3.1/../../../../arm-none-eabi/lib/thumb/v7e-m/fpv4-sp/hard/libc.a(lib_a-vfiprintf.o)
                0x000000000002f3ec                __sprint_r
 .text.__register_exitproc
                0x000000000002f400       0xc0 /usr/bin/../lib/gcc/arm-none-eabi/7.3.1/../../../../arm-none-eabi/lib/thumb/v7e-m/fpv4-sp/hard/libc.a(lib_a-__atexit.o)
                0x000000000002f400                __register_exitproc
 .text._calloc_r
                0x000000000002f4c0       0x68 /usr/bin/../lib/gcc/arm-none-eabi/7.3.1/../../../../arm-none-eabi/lib/thumb/v7e-m/fpv4-sp/hard/libc.a(lib_a-callocr.o)
                0x000000000002f4c0                _calloc_r
 .text._close_r
                0x000000000002f528       0x24 /usr/bin/../lib/gcc/arm-none-eabi/7.3.1/../../../../arm-none-eabi/lib/thumb/v7e-m/fpv4-sp/hard/libc.a(lib_a-closer.o)
                0x000000000002f528                _close_r
 .text._fclose_r
                0x000000000002f54c       0xd0 /usr/bin/../lib/gcc/arm-none-eabi/7.3.1/../../../../arm-none-eabi/lib/thumb/v7e-m/fpv4-sp/hard/libc.a(lib_a-fclose.o)
                0x000000000002f54c                _fclose_r
 .text.__fputwc
                0x000000000002f61c       0xa0 /usr/bin/../lib/gcc/arm-none-eabi/7.3.1/../../../../arm-none-eabi/lib/thumb/v7e-m/fpv4-sp/hard/libc.a(lib_a-fputwc.o)
                0x000000000002f61c                __fputwc
 .text._fputwc_r
                0x000000000002f6bc       0x64 /usr/bin/../lib/gcc/arm-none-eabi/7.3.1/../../../../arm-none-eabi/lib/thumb/v7e-m/fpv4-sp/hard/libc.a(lib_a-fputwc.o)
                0x000000000002f6bc                _fputwc_r
 .text._fstat_r
                0x000000000002f720       0x28 /usr/bin/../lib/gcc/arm-none-eabi/7.3.1/../../../../arm-none-eabi/lib/thumb/v7e-m/fpv4-sp/hard/libc.a(lib_a-fstatr.o)
                0x000000000002f720                _fstat_r
 .text.__sfvwrite_r
                0x000000000002f748      0x2fc /usr/bin/../lib/gcc/arm-none-eabi/7.3.1/../../../../arm-none-eabi/lib/thumb/v7e-m/fpv4-sp/hard/libc.a(lib_a-fvwrite.o)
                0x000000000002f748                __sfvwrite_r
 .text._isatty_r
                0x000000000002fa44       0x24 /usr/bin/../lib/gcc/arm-none-eabi/7.3.1/../../../../arm-none-eabi/lib/thumb/v7e-m/fpv4-sp/hard/libc.a(lib_a-isattyr.o)
                0x000000000002fa44                _isatty_r
 .text._lseek_r
                0x000000000002fa68       0x2c /usr/bin/../lib/gcc/arm-none-eabi/7.3.1/../../../../arm-none-eabi/lib/thumb/v7e-m/fpv4-sp/hard/libc.a(lib_a-lseekr.o)
                0x000000000002fa68                _lseek_r
 .text.memmove  0x000000000002fa94       0xc8 /usr/bin/../lib/gcc/arm-none-eabi/7.3.1/../../../../arm-none-eabi/lib/thumb/v7e-m/fpv4-sp/hard/libc.a(lib_a-memmove.o)
                0x000000000002fa94                memmove
 .text._read_r  0x000000000002fb5c       0x2c /usr/bin/../lib/gcc/arm-none-eabi/7.3.1/../../../../arm-none-eabi/lib/thumb/v7e-m/fpv4-sp/hard/libc.a(lib_a-readr.o)
                0x000000000002fb5c                _read_r
 .text._realloc_r
                0x000000000002fb88      0x35c /usr/bin/../lib/gcc/arm-none-eabi/7.3.1/../../../../arm-none-eabi/lib/thumb/v7e-m/fpv4-sp/hard/libc.a(lib_a-reallocr.o)
                0x000000000002fb88                _realloc_r
 .text.__swbuf_r
                0x000000000002fee4       0xb0 /usr/bin/../lib/gcc/arm-none-eabi/7.3.1/../../../../arm-none-eabi/lib/thumb/v7e-m/fpv4-sp/hard/libc.a(lib_a-wbuf.o)
                0x000000000002fee4                __swbuf_r
 .text._wcrtomb_r
                0x000000000002ff94       0x50 /usr/bin/../lib/gcc/arm-none-eabi/7.3.1/../../../../arm-none-eabi/lib/thumb/v7e-m/fpv4-sp/hard/libc.a(lib_a-wcrtomb.o)
                0x000000000002ff94                _wcrtomb_r
 .text._close   0x000000000002ffe4       0x10 /usr/bin/../lib/gcc/arm-none-eabi/7.3.1/../../../../arm-none-eabi/lib/thumb/v7e-m/fpv4-sp/hard/libnosys.a(close.o)
                0x000000000002ffe4                _close
 .text._fstat   0x000000000002fff4       0x10 /usr/bin/../lib/gcc/arm-none-eabi/7.3.1/../../../../arm-none-eabi/lib/thumb/v7e-m/fpv4-sp/hard/libnosys.a(fstat.o)
                0x000000000002fff4                _fstat
 .text._isatty  0x0000000000030004       0x10 /usr/bin/../lib/gcc/arm-none-eabi/7.3.1/../../../../arm-none-eabi/lib/thumb/v7e-m/fpv4-sp/hard/libnosys.a(isatty.o)
                0x0000000000030004                _isatty
 .text._lseek   0x0000000000030014       0x10 /usr/bin/../lib/gcc/arm-none-eabi/7.3.1/../../../../arm-none-eabi/lib/thumb/v7e-m/fpv4-sp/hard/libnosys.a(lseek.o)
                0x0000000000030014                _lseek
 .text._read    0x0000000000030024       0x10 /usr/bin/../lib/gcc/arm-none-eabi/7.3.1/../../../../arm-none-eabi/lib/thumb/v7e-m/fpv4-sp/hard/libnosys.a(read.o)
                0x0000000000030024                _read
 .text._sbrk    0x0000000000030034       0x1c /usr/bin/../lib/gcc/arm-none-eabi/7.3.1/../../../../arm-none-eabi/lib/thumb/v7e-m/fpv4-sp/hard/libnosys.a(sbrk.o)
                0x0000000000030034                _sbrk
 .text._exit    0x0000000000030050        0x4 /usr/bin/../lib/gcc/arm-none-eabi/7.3.1/../../../../arm-none-eabi/lib/thumb/v7e-m/fpv4-sp/hard/libnosys.a(_exit.o)
                0x0000000000030050                _exit
 .text          0x0000000000030054      0x378 /usr/bin/../lib/gcc/arm-none-eabi/7.3.1/thumb/v7e-m/fpv4-sp/hard/libgcc.a(_arm_addsubdf3.o)
                0x0000000000030054                __aeabi_drsub
                0x000000000003005c                __aeabi_dsub
                0x000000000003005c                __subdf3
                0x0000000000030060                __adddf3
                0x0000000000030060                __aeabi_dadd
                0x00000000000302d8                __aeabi_ui2d
                0x00000000000302d8                __floatunsidf
                0x00000000000302f8                __floatsidf
                0x00000000000302f8                __aeabi_i2d
                0x000000000003031c                __extendsfdf2
                0x000000000003031c                __aeabi_f2d
                0x0000000000030360                __aeabi_ul2d
                0x0000000000030360                __floatundidf
                0x0000000000030370                __floatdidf
                0x0000000000030370                __aeabi_l2d
 .text          0x00000000000303cc      0x424 /usr/bin/../lib/gcc/arm-none-eabi/7.3.1/thumb/v7e-m/fpv4-sp/hard/libgcc.a(_arm_muldivdf3.o)
                0x00000000000303cc                __aeabi_dmul
                0x00000000000303cc                __muldf3
                0x0000000000030620                __aeabi_ddiv
                0x0000000000030620                __divdf3
 .text          0x00000000000307f0      0x110 /usr/bin/../lib/gcc/arm-none-eabi/7.3.1/thumb/v7e-m/fpv4-sp/hard/libgcc.a(_arm_cmpdf2.o)
                0x00000000000307f0                __gtdf2
                0x00000000000307f0                __gedf2
                0x00000000000307f8                __ltdf2
                0x00000000000307f8                __ledf2
                0x0000000000030800                __cmpdf2
                0x0000000000030800                __eqdf2
                0x0000000000030800                __nedf2
                0x000000000003087c                __aeabi_cdrcmple
                0x000000000003088c                __aeabi_cdcmple
                0x000000000003088c                __aeabi_cdcmpeq
                0x000000000003089c                __aeabi_dcmpeq
                0x00000000000308b0                __aeabi_dcmplt
                0x00000000000308c4                __aeabi_dcmple
                0x00000000000308d8                __aeabi_dcmpge
                0x00000000000308ec                __aeabi_dcmpgt
 .text          0x0000000000030900       0x2c /usr/bin/../lib/gcc/arm-none-eabi/7.3.1/thumb/v7e-m/fpv4-sp/hard/libgcc.a(_arm_unorddf2.o)
                0x0000000000030900                __aeabi_dcmpun
                0x0000000000030900                __unorddf2
 .text          0x000000000003092c       0x50 /usr/bin/../lib/gcc/arm-none-eabi/7.3.1/thumb/v7e-m/fpv4-sp/hard/libgcc.a(_arm_fixdfsi.o)
                0x000000000003092c                __fixdfsi
                0x000000000003092c                __aeabi_d2iz
 .text          0x000000000003097c       0x30 /usr/bin/../lib/gcc/arm-none-eabi/7.3.1/thumb/v7e-m/fpv4-sp/hard/libgcc.a(_aeabi_uldivmod.o)
                0x000000000003097c                __aeabi_uldivmod
 .text          0x00000000000309ac      0x2cc /usr/bin/../lib/gcc/arm-none-eabi/7.3.1/thumb/v7e-m/fpv4-sp/hard/libgcc.a(_udivmoddi4.o)
                0x00000000000309ac                __udivmoddi4
 .text          0x0000000000030c78        0x4 /usr/bin/../lib/gcc/arm-none-eabi/7.3.1/thumb/v7e-m/fpv4-sp/hard/libgcc.a(_dvmd_tls.o)
                0x0000000000030c78                __aeabi_ldiv0
                0x0000000000030c78                __aeabi_idiv0
 *(.init)
 .init          0x0000000000030c7c        0x4 /usr/bin/../lib/gcc/arm-none-eabi/7.3.1/thumb/v7e-m/fpv4-sp/hard/crti.o
                0x0000000000030c7c                _init
 .init          0x0000000000030c80        0x8 /usr/bin/../lib/gcc/arm-none-eabi/7.3.1/thumb/v7e-m/fpv4-sp/hard/crtn.o
 *(.fini)
 .fini          0x0000000000030c88        0x4 /usr/bin/../lib/gcc/arm-none-eabi/7.3.1/thumb/v7e-m/fpv4-sp/hard/crti.o
                0x0000000000030c88                _fini
 .fini          0x0000000000030c8c        0x8 /usr/bin/../lib/gcc/arm-none-eabi/7.3.1/thumb/v7e-m/fpv4-sp/hard/crtn.o
 *crtbegin.o(.ctors)
 *crtbegin?.o(.ctors)
 *(EXCLUDE_FILE(*crtend.o *crtend?.o) .ctors)
 *(SORT_BY_NAME(.ctors.*))
 *(.ctors)
 *crtbegin.o(.dtors)
 *crtbegin?.o(.dtors)
 *(EXCLUDE_FILE(*crtend.o *crtend?.o) .dtors)
 *(SORT_BY_NAME(.dtors.*))
 *(.dtors)
 *(.rodata*)
 .rodata.BTNS   0x0000000000030c94        0x4 _build/main.o
 .rodata.LEDS   0x0000000000030c98        0x4 _build/main.o
 .rodata.main.str1.1
                0x0000000000030c9c       0x3a _build/main.o
 .rodata.pin_change_handler.str1.1
                0x0000000000030cd6       0x1e _build/main.o
 .rodata.serial_buffers
                0x0000000000030cf4        0xc _build/main.o
 .rodata.serial_config
                0x0000000000030d00       0x14 _build/main.o
 .rodata.serial_queues
                0x0000000000030d14        0x8 _build/main.o
 .rodata.serial_uart_config
                0x0000000000030d1c       0x20 _build/main.o
 .rodata.serial_uart_instance
                0x0000000000030d3c       0x20 _build/main.o
 .rodata.serial_uart_instance_rx_timer
                0x0000000000030d5c        0x4 _build/main.o
 .rodata.serial_uart_instance_tx_timer
                0x0000000000030d60        0x4 _build/main.o
 .rodata.app_error_fault_handler.str1.1
                0x0000000000030d64       0xb9 _build/better_error_handling.o
 *fill*         0x0000000000030e1d        0x3 
 .rodata.delay_machine_code.8629
                0x0000000000030e20        0x6 _build/better_error_handling.o
 *fill*         0x0000000000030e26        0xa 
 .rodata.delay_machine_code.9273
                0x0000000000030e30        0x6 _build/app_timer.o
 .rodata.app_util_critical_region_enter.str1.1
                0x0000000000030e36       0x49 _build/app_util_platform.o
 .rodata.HardFault_c_handler.str1.1
                0x0000000000030e7f      0x12e _build/hardfault_implementation.o
 *fill*         0x0000000000030fad        0x3 
 .rodata.cfsr_msgs.9468
                0x0000000000030fb0       0x68 _build/hardfault_implementation.o
 .rodata.str1.1
                0x0000000000031018      0x4c0 _build/hardfault_implementation.o
 .rodata.nrf_balloc_init.str1.1
                0x00000000000314d8       0x44 _build/nrf_balloc.o
 .rodata.data_length_update.str1.1
                0x000000000003151c       0xdf _build/nrf_ble_gatt.o
 .rodata.nrf_ble_gatt_on_ble_evt.str1.1
                0x00000000000315fb       0x60 _build/nrf_ble_gatt.o
 .rodata.str1.1
                0x000000000003165b        0xd _build/nrf_ble_gatt.o
 .rodata.nrf_fprintf_buffer_flush.str1.1
                0x0000000000031668       0x3a _build/nrf_fprintf.o
 .rodata._aV2C.7562
                0x00000000000316a2       0x10 _build/nrf_fprintf_format.o
 .rodata.nrf_fprintf_fmt.str1.1
                0x00000000000316b2       0x41 _build/nrf_fprintf_format.o
 .rodata.str1.1
                0x00000000000316f3        0xd _build/nrf_fstorage.o
 .rodata.delay_machine_code.9549
                0x0000000000031700        0x6 _build/nrf_log_backend_rtt.o
 *fill*         0x0000000000031706        0x2 
 .rodata.nrf_log_backend_rtt_api
                0x0000000000031708        0xc _build/nrf_log_backend_rtt.o
                0x0000000000031708                nrf_log_backend_rtt_api
 .rodata.nrf_log_default_backends_init.str1.1
                0x0000000000031714       0x53 _build/nrf_log_default_backends.o
 .rodata.str1.1
                0x0000000000031767       0x10 _build/nrf_log_default_backends.o
 .rodata.buf_prealloc.str1.1
                0x0000000000031777       0x4b _build/nrf_log_frontend.o
 *fill*         0x00000000000317c2        0x2 
 .rodata.m_log_push_ringbuf
                0x00000000000317c4        0xc _build/nrf_log_frontend.o
 .rodata.nrf_log_frontend_dequeue.str1.1
                0x00000000000317d0       0x11 _build/nrf_log_frontend.o
 .rodata.str1.1
                0x00000000000317e1        0x4 _build/nrf_log_frontend.o
 *fill*         0x00000000000317e5        0x3 
 .rodata.m_colors
                0x00000000000317e8       0x24 _build/nrf_log_str_formatter.o
 .rodata.nrf_log_hexdump_entry_process.str1.1
                0x000000000003180c        0xf _build/nrf_log_str_formatter.o
                                         0x11 (size before relaxing)
 .rodata.postfix_process.str1.1
                0x000000000003181b        0x8 _build/nrf_log_str_formatter.o
                                          0xb (size before relaxing)
 .rodata.prefix_process.str1.1
                0x0000000000031823       0x2a _build/nrf_log_str_formatter.o
 *fill*         0x000000000003184d        0x3 
 .rodata.severity_names
                0x0000000000031850       0x14 _build/nrf_log_str_formatter.o
 .rodata.str1.1
                0x0000000000031864       0x4b _build/nrf_log_str_formatter.o
                                         0x51 (size before relaxing)
 .rodata.nrf_pwr_mgmt_run.str1.1
                0x00000000000318af       0x48 _build/nrf_pwr_mgmt.o
 *fill*         0x00000000000318f7        0x1 
 .rodata.pwr_mgmt_data
                0x00000000000318f8        0xc _build/nrf_pwr_mgmt.o
 .rodata.str1.1
                0x0000000000031904        0x9 _build/nrf_pwr_mgmt.o
 .rodata.memobj_op.str1.1
                0x000000000003190d       0x44 _build/nrf_memobj.o
 .rodata.nrf_section_iter_init.str1.1
                0x0000000000031951       0x5d _build/nrf_section_iter.o
 *fill*         0x00000000000319ae        0x2 
 .rodata.sdh_stack_observers
                0x00000000000319b0        0xc _build/nrf_sdh.o
 .rodata.str1.1
                0x00000000000319bc        0x8 _build/nrf_sdh.o
 .rodata.nrf_sdh_ble_evts_poll.part.0.str1.1
                0x00000000000319c4       0x46 _build/nrf_sdh_ble.o
 *fill*         0x0000000000031a0a        0x2 
 .rodata.sdh_ble_observers
                0x0000000000031a0c        0xc _build/nrf_sdh_ble.o
 .rodata.str1.1
                0x0000000000031a18        0xc _build/nrf_sdh_ble.o
 .rodata.nrf_mtx_unlock.str1.1
                0x0000000000031a24       0x40 _build/nrf_serial.o
 .rodata.nrf_serial_init.str1.1
                0x0000000000031a64       0x42 _build/nrf_serial.o
 .rodata.uart_event_handler.str1.1
                0x0000000000031aa6       0x44 _build/nrf_serial.o
 .rodata.m_unknown_str
                0x0000000000031aea       0x13 _build/nrf_strerror.o
 *fill*         0x0000000000031afd        0x3 
 .rodata.nrf_strerror_array
                0x0000000000031b00      0x128 _build/nrf_strerror.o
 .rodata.str1.1
                0x0000000000031c28      0x3ba _build/nrf_strerror.o
 .rodata.nrf_queue_next_idx.str1.1
                0x0000000000031fe2       0x42 _build/nrf_queue.o
 .rodata.nrf_gpio_pin_port_decode.isra.0.part.1.str1.1
                0x0000000000032024       0x37 _build/nrfx_gpiote.o
 .rodata.nrfx_gpiote_out_init.str1.1
                0x000000000003205b       0x42 _build/nrfx_gpiote.o
 .rodata.str1.1
                0x000000000003209d        0x7 _build/nrfx_gpiote.o
 .rodata.UARTE0_UART0_IRQHandler.str1.1
                0x00000000000320a4       0x43 _build/nrfx_prs.o
 .rodata.str1.1
                0x00000000000320e7        0x4 _build/nrfx_prs.o
 .rodata.str1.1
                0x00000000000320eb        0x6 _build/nrfx_saadc.o
 .rodata.str1.1
                0x00000000000320f1        0x6 _build/nrfx_timer.o
 .rodata.SPIM0_SPIS0_TWIM0_TWIS0_SPI0_TWI0_IRQHandler.str1.1
                0x00000000000320f7       0x40 _build/nrfx_twim.o
 .rodata.str1.1
                0x0000000000032137        0x5 _build/nrfx_twim.o
 .rodata.nrf_gpio_pin_port_decode.isra.3.part.4.str1.1
                0x000000000003213c       0x37 _build/nrfx_uart.o
 .rodata.nrfx_uart_init.str1.1
                0x000000000003213c       0x78 _build/nrfx_uart.o
 .rodata.str1.1
                0x00000000000321b4        0x5 _build/nrfx_uart.o
 .rodata.nrf_gpio_pin_port_decode.isra.1.part.2.str1.1
                0x00000000000321b9       0x37 _build/nrfx_uarte.o
 .rodata.nrfx_uarte_init.str1.1
                0x00000000000321b9       0x41 _build/nrfx_uarte.o
                                         0x79 (size before relaxing)
 .rodata.str1.1
                0x00000000000321fa        0x6 _build/nrfx_uarte.o
 .rodata.str1.1
                0x0000000000032200        0x6 _build/nrfx_clock.o
 .rodata._DoInit.str1.1
                0x0000000000032206       0x14 _build/SEGGER_RTT.o
 .rodata.assert_nrf_callback.str1.1
                0x000000000003221a       0x25 _build/simple_ble.o
 .rodata.on_ble_evt.str1.1
                0x000000000003223f       0x45 _build/simple_ble.o
 .rodata._global_impure_ptr
                0x0000000000032284        0x4 /usr/bin/../lib/gcc/arm-none-eabi/7.3.1/../../../../arm-none-eabi/lib/thumb/v7e-m/fpv4-sp/hard/libc.a(lib_a-impure.o)
                0x0000000000032284                _global_impure_ptr
 .rodata._setlocale_r.str1.4
                0x0000000000032288        0xa /usr/bin/../lib/gcc/arm-none-eabi/7.3.1/../../../../arm-none-eabi/lib/thumb/v7e-m/fpv4-sp/hard/libc.a(lib_a-locale.o)
                                          0xd (size before relaxing)
 *fill*         0x0000000000032292        0x2 
 .rodata.str1.4
                0x0000000000032294        0x2 /usr/bin/../lib/gcc/arm-none-eabi/7.3.1/../../../../arm-none-eabi/lib/thumb/v7e-m/fpv4-sp/hard/libc.a(lib_a-locale.o)
 *fill*         0x0000000000032296        0x2 
 .rodata._vfprintf_r.str1.4
                0x0000000000032298       0x42 /usr/bin/../lib/gcc/arm-none-eabi/7.3.1/../../../../arm-none-eabi/lib/thumb/v7e-m/fpv4-sp/hard/libc.a(lib_a-vfprintf.o)
 *fill*         0x00000000000322da        0x2 
 .rodata.blanks.8605
                0x00000000000322dc       0x10 /usr/bin/../lib/gcc/arm-none-eabi/7.3.1/../../../../arm-none-eabi/lib/thumb/v7e-m/fpv4-sp/hard/libc.a(lib_a-vfprintf.o)
 .rodata.zeroes.8606
                0x00000000000322ec       0x10 /usr/bin/../lib/gcc/arm-none-eabi/7.3.1/../../../../arm-none-eabi/lib/thumb/v7e-m/fpv4-sp/hard/libc.a(lib_a-vfprintf.o)
 .rodata._ctype_
                0x00000000000322fc      0x101 /usr/bin/../lib/gcc/arm-none-eabi/7.3.1/../../../../arm-none-eabi/lib/thumb/v7e-m/fpv4-sp/hard/libc.a(lib_a-ctype_.o)
                0x00000000000322fc                _ctype_
 *fill*         0x00000000000323fd        0x3 
 .rodata._dtoa_r.str1.4
                0x0000000000032400       0x10 /usr/bin/../lib/gcc/arm-none-eabi/7.3.1/../../../../arm-none-eabi/lib/thumb/v7e-m/fpv4-sp/hard/libc.a(lib_a-dtoa.o)
                                         0x12 (size before relaxing)
 .rodata.__mprec_bigtens
                0x0000000000032410       0x28 /usr/bin/../lib/gcc/arm-none-eabi/7.3.1/../../../../arm-none-eabi/lib/thumb/v7e-m/fpv4-sp/hard/libc.a(lib_a-mprec.o)
                0x0000000000032410                __mprec_bigtens
 .rodata.__mprec_tens
                0x0000000000032438       0xc8 /usr/bin/../lib/gcc/arm-none-eabi/7.3.1/../../../../arm-none-eabi/lib/thumb/v7e-m/fpv4-sp/hard/libc.a(lib_a-mprec.o)
                0x0000000000032438                __mprec_tens
 .rodata.p05.7367
                0x0000000000032500        0xc /usr/bin/../lib/gcc/arm-none-eabi/7.3.1/../../../../arm-none-eabi/lib/thumb/v7e-m/fpv4-sp/hard/libc.a(lib_a-mprec.o)
 *(.eh_frame*)
 .eh_frame      0x000000000003250c        0x0 /usr/bin/../lib/gcc/arm-none-eabi/7.3.1/thumb/v7e-m/fpv4-sp/hard/crtbegin.o
 .eh_frame      0x000000000003250c        0x4 /usr/bin/../lib/gcc/arm-none-eabi/7.3.1/thumb/v7e-m/fpv4-sp/hard/crtend.o

.glue_7         0x0000000000032510        0x0
 .glue_7        0x0000000000032510        0x0 linker stubs

.glue_7t        0x0000000000032510        0x0
 .glue_7t       0x0000000000032510        0x0 linker stubs

.vfp11_veneer   0x0000000000032510        0x0
 .vfp11_veneer  0x0000000000032510        0x0 linker stubs

.v4_bx          0x0000000000032510        0x0
 .v4_bx         0x0000000000032510        0x0 linker stubs

.iplt           0x0000000000032510        0x0
 .iplt          0x0000000000032510        0x0 /usr/bin/../lib/gcc/arm-none-eabi/7.3.1/thumb/v7e-m/fpv4-sp/hard/crtbegin.o

.mem_section_dummy_rom

.sdh_soc_observers
                0x0000000000032510        0x8
                [!provide]                        PROVIDE (__start_sdh_soc_observers = .)
 *(SORT_BY_NAME(.sdh_soc_observers*))
 .sdh_soc_observers1
                0x0000000000032510        0x8 _build/simple_ble.o
                [!provide]                        PROVIDE (__stop_sdh_soc_observers = .)

.crypto_data    0x0000000000032518        0x0
                [!provide]                        PROVIDE (__start_crypto_data = .)
 *(SORT_BY_NAME(.crypto_data*))
                [!provide]                        PROVIDE (__stop_crypto_data = .)

.log_const_data
                0x0000000000032518       0x78
                0x0000000000032518                PROVIDE (__start_log_const_data = .)
 *(SORT_BY_NAME(.log_const_data*))
 .log_const_data_CLOCK
                0x0000000000032518        0x8 _build/nrfx_clock.o
                0x0000000000032518                m_nrf_log_CLOCK_logs_data_const
 .log_const_data_GPIOTE
                0x0000000000032520        0x8 _build/nrfx_gpiote.o
                0x0000000000032520                m_nrf_log_GPIOTE_logs_data_const
 .log_const_data_PRS
                0x0000000000032528        0x8 _build/nrfx_prs.o
                0x0000000000032528                m_nrf_log_PRS_logs_data_const
 .log_const_data_SAADC
                0x0000000000032530        0x8 _build/nrfx_saadc.o
                0x0000000000032530                m_nrf_log_SAADC_logs_data_const
 .log_const_data_TIMER
                0x0000000000032538        0x8 _build/nrfx_timer.o
                0x0000000000032538                m_nrf_log_TIMER_logs_data_const
 .log_const_data_TWIM
                0x0000000000032540        0x8 _build/nrfx_twim.o
                0x0000000000032540                m_nrf_log_TWIM_logs_data_const
 .log_const_data_UART
                0x0000000000032548        0x8 _build/nrfx_uart.o
                0x0000000000032548                m_nrf_log_UART_logs_data_const
 .log_const_data_UARTE
                0x0000000000032550        0x8 _build/nrfx_uarte.o
                0x0000000000032550                m_nrf_log_UARTE_logs_data_const
 .log_const_data_app
                0x0000000000032558        0x8 _build/nrf_log_frontend.o
                0x0000000000032558                m_nrf_log_app_logs_data_const
 .log_const_data_hardfault
                0x0000000000032560        0x8 _build/hardfault_implementation.o
                0x0000000000032560                m_nrf_log_hardfault_logs_data_const
 .log_const_data_nrf_ble_gatt
                0x0000000000032568        0x8 _build/nrf_ble_gatt.o
                0x0000000000032568                m_nrf_log_nrf_ble_gatt_logs_data_const
 .log_const_data_nrf_fstorage
                0x0000000000032570        0x8 _build/nrf_fstorage.o
                0x0000000000032570                m_nrf_log_nrf_fstorage_logs_data_const
 .log_const_data_nrf_sdh
                0x0000000000032578        0x8 _build/nrf_sdh.o
                0x0000000000032578                m_nrf_log_nrf_sdh_logs_data_const
 .log_const_data_nrf_sdh_ble
                0x0000000000032580        0x8 _build/nrf_sdh_ble.o
                0x0000000000032580                m_nrf_log_nrf_sdh_ble_logs_data_const
 .log_const_data_pwr_mgmt
                0x0000000000032588        0x8 _build/nrf_pwr_mgmt.o
                0x0000000000032588                m_nrf_log_pwr_mgmt_logs_data_const
                0x0000000000032590                PROVIDE (__stop_log_const_data = .)

.nrf_balloc     0x0000000000032590       0x14
                [!provide]                        PROVIDE (__start_nrf_balloc = .)
 *(.nrf_balloc)
 .nrf_balloc    0x0000000000032590       0x14 _build/nrf_log_frontend.o
                0x0000000000032590                log_mempool
                [!provide]                        PROVIDE (__stop_nrf_balloc = .)

.nrf_queue      0x00000000000325a4       0x28
                [!provide]                        PROVIDE (__start_nrf_queue = .)
 *(.nrf_queue)
 .nrf_queue     0x00000000000325a4       0x28 _build/main.o
                0x00000000000325a4                serial_queues_txq
                0x00000000000325b8                serial_queues_rxq
                [!provide]                        PROVIDE (__stop_nrf_queue = .)

.sdh_state_observers
                0x00000000000325cc        0x0
                0x00000000000325cc                PROVIDE (__start_sdh_state_observers = .)
 *(SORT_BY_NAME(.sdh_state_observers*))
                0x00000000000325cc                PROVIDE (__stop_sdh_state_observers = .)

.sdh_stack_observers
                0x00000000000325cc        0x8
                0x00000000000325cc                PROVIDE (__start_sdh_stack_observers = .)
 *(SORT_BY_NAME(.sdh_stack_observers*))
 .sdh_stack_observers0
                0x00000000000325cc        0x8 _build/nrf_sdh_ble.o
                0x00000000000325d4                PROVIDE (__stop_sdh_stack_observers = .)

.sdh_req_observers
                0x00000000000325d4        0x0
                0x00000000000325d4                PROVIDE (__start_sdh_req_observers = .)
 *(SORT_BY_NAME(.sdh_req_observers*))
                0x00000000000325d4                PROVIDE (__stop_sdh_req_observers = .)

.cli_command    0x00000000000325d4        0x0
                [!provide]                        PROVIDE (__start_cli_command = .)
 *(.cli_command)
                [!provide]                        PROVIDE (__stop_cli_command = .)

.pwr_mgmt_data  0x00000000000325d4        0x0
                0x00000000000325d4                PROVIDE (__start_pwr_mgmt_data = .)
 *(SORT_BY_NAME(.pwr_mgmt_data*))
                0x00000000000325d4                PROVIDE (__stop_pwr_mgmt_data = .)

.sdh_ble_observers
                0x00000000000325d4       0x28
                0x00000000000325d4                PROVIDE (__start_sdh_ble_observers = .)
 *(SORT_BY_NAME(.sdh_ble_observers*))
 .sdh_ble_observers1
                0x00000000000325d4        0x8 _build/ble_conn_params.o
 .sdh_ble_observers1
                0x00000000000325dc       0x10 _build/simple_ble.o
 .sdh_ble_observers2
                0x00000000000325ec        0x8 _build/simple_ble.o
 .sdh_ble_observers3
                0x00000000000325f4        0x8 _build/simple_ble.o
                0x00000000000325fc                PROVIDE (__stop_sdh_ble_observers = .)

.log_backends   0x00000000000325fc       0x10
 .log_backends  0x00000000000325fc       0x10 _build/nrf_log_default_backends.o

.dfu_trans      0x000000000003260c        0x0
                [!provide]                        PROVIDE (__start_dfu_trans = .)
 *(SORT_BY_NAME(.dfu_trans*))
                [!provide]                        PROVIDE (__stop_dfu_trans = .)

.ARM.extab
 *(.ARM.extab* .gnu.linkonce.armextab.*)
                0x000000000003260c                __exidx_start = .

.ARM.exidx      0x000000000003260c        0x8
 *(.ARM.exidx* .gnu.linkonce.armexidx.*)
 .ARM.exidx     0x000000000003260c        0x8 /usr/bin/../lib/gcc/arm-none-eabi/7.3.1/../../../../arm-none-eabi/lib/thumb/v7e-m/fpv4-sp/hard/crt0.o
 .ARM.exidx     0x0000000000032614        0x0 /usr/bin/../lib/gcc/arm-none-eabi/7.3.1/thumb/v7e-m/fpv4-sp/hard/libgcc.a(_udivmoddi4.o)
                                          0x8 (size before relaxing)
                0x0000000000032614                __exidx_end = .
                0x0000000000032614                __etext = .

.rel.dyn        0x0000000000032614        0x0
 .rel.iplt      0x0000000000032614        0x0 /usr/bin/../lib/gcc/arm-none-eabi/7.3.1/thumb/v7e-m/fpv4-sp/hard/crtbegin.o

.data           0x00000000200098a8      0x9f8 load address 0x0000000000032614
                0x00000000200098a8                __data_start__ = .
 *(vtable)
 *(.data*)
 .data.off_message.11158
                0x00000000200098a8        0x9 _build/main.o
 .data.on_message.11156
                0x00000000200098b1        0x8 _build/main.o
 .data.tx_message.11182
                0x00000000200098b9       0x13 _build/main.o
 .data.log_backend_cb_rtt_log_backend
                0x00000000200098cc        0x8 _build/nrf_log_default_backends.o
 .data.m_scan_buffer
                0x00000000200098d4        0x8 _build/simple_ble.o
 .data.SystemCoreClock
                0x00000000200098dc        0x4 _build/system_nrf52.o
                0x00000000200098dc                SystemCoreClock
 .data._impure_ptr
                0x00000000200098e0        0x4 /usr/bin/../lib/gcc/arm-none-eabi/7.3.1/../../../../arm-none-eabi/lib/thumb/v7e-m/fpv4-sp/hard/libc.a(lib_a-impure.o)
                0x00000000200098e0                _impure_ptr
 *fill*         0x00000000200098e4        0x4 
 .data.impure_data
                0x00000000200098e8      0x428 /usr/bin/../lib/gcc/arm-none-eabi/7.3.1/../../../../arm-none-eabi/lib/thumb/v7e-m/fpv4-sp/hard/libc.a(lib_a-impure.o)
 .data.__global_locale
                0x0000000020009d10      0x16c /usr/bin/../lib/gcc/arm-none-eabi/7.3.1/../../../../arm-none-eabi/lib/thumb/v7e-m/fpv4-sp/hard/libc.a(lib_a-locale.o)
                0x0000000020009d10                __global_locale
 .data.__atexit_recursive_mutex
                0x0000000020009e7c        0x4 /usr/bin/../lib/gcc/arm-none-eabi/7.3.1/../../../../arm-none-eabi/lib/thumb/v7e-m/fpv4-sp/hard/libc.a(lib_a-__call_atexit.o)
                0x0000000020009e7c                __atexit_recursive_mutex
 .data.__malloc_av_
                0x0000000020009e80      0x408 /usr/bin/../lib/gcc/arm-none-eabi/7.3.1/../../../../arm-none-eabi/lib/thumb/v7e-m/fpv4-sp/hard/libc.a(lib_a-mallocr.o)
                0x0000000020009e80                __malloc_av_
 .data.__malloc_sbrk_base
                0x000000002000a288        0x4 /usr/bin/../lib/gcc/arm-none-eabi/7.3.1/../../../../arm-none-eabi/lib/thumb/v7e-m/fpv4-sp/hard/libc.a(lib_a-mallocr.o)
                0x000000002000a288                __malloc_sbrk_base
 .data.__malloc_trim_threshold
                0x000000002000a28c        0x4 /usr/bin/../lib/gcc/arm-none-eabi/7.3.1/../../../../arm-none-eabi/lib/thumb/v7e-m/fpv4-sp/hard/libc.a(lib_a-mallocr.o)
                0x000000002000a28c                __malloc_trim_threshold
                0x000000002000a290                . = ALIGN (0x4)
                0x000000002000a290                PROVIDE (__preinit_array_start = .)
 *(.preinit_array)
                0x000000002000a290                PROVIDE (__preinit_array_end = .)
                0x000000002000a290                . = ALIGN (0x4)
                0x000000002000a290                PROVIDE (__init_array_start = .)
 *(SORT_BY_NAME(.init_array.*))
 .init_array.00000
                0x000000002000a290        0x4 /usr/bin/../lib/gcc/arm-none-eabi/7.3.1/../../../../arm-none-eabi/lib/thumb/v7e-m/fpv4-sp/hard/libc.a(lib_a-__call_atexit.o)
 *(.init_array)
 .init_array    0x000000002000a294        0x4 /usr/bin/../lib/gcc/arm-none-eabi/7.3.1/thumb/v7e-m/fpv4-sp/hard/crtbegin.o
 .init_array    0x000000002000a298        0x4 _build/before_startup.o
                0x000000002000a29c                PROVIDE (__init_array_end = .)
                0x000000002000a29c                . = ALIGN (0x4)
                0x000000002000a29c                PROVIDE (__fini_array_start = .)
 *(SORT_BY_NAME(.fini_array.*))
 *(.fini_array)
 .fini_array    0x000000002000a29c        0x4 /usr/bin/../lib/gcc/arm-none-eabi/7.3.1/thumb/v7e-m/fpv4-sp/hard/crtbegin.o
                0x000000002000a2a0                PROVIDE (__fini_array_end = .)
 *(.jcr*)
                0x000000002000a2a0                . = ALIGN (0x4)
                0x000000002000a2a0                __data_end__ = .
LOAD /usr/bin/../lib/gcc/arm-none-eabi/7.3.1/thumb/v7e-m/fpv4-sp/hard/crti.o
LOAD /usr/bin/../lib/gcc/arm-none-eabi/7.3.1/thumb/v7e-m/fpv4-sp/hard/crtbegin.o
LOAD /usr/bin/../lib/gcc/arm-none-eabi/7.3.1/../../../../arm-none-eabi/lib/thumb/v7e-m/fpv4-sp/hard/crt0.o
START GROUP
LOAD _build/main.o
LOAD _build/better_error_handling.o
LOAD _build/app_error.o
LOAD _build/app_error_handler_gcc.o
LOAD _build/app_scheduler.o
LOAD _build/app_timer.o
LOAD _build/app_uart.o
LOAD _build/app_util_platform.o
LOAD _build/before_startup.o
LOAD _build/hardfault_handler_gcc.o
LOAD _build/hardfault_implementation.o
LOAD _build/nrf_assert.o
LOAD _build/nrf_atomic.o
LOAD _build/nrf_balloc.o
LOAD _build/nrf_ble_gatt.o
LOAD _build/nrf_ble_qwr.o
LOAD _build/nrf_drv_twi.o
LOAD _build/nrf_drv_uart.o
LOAD _build/nrf_fprintf.o
LOAD _build/nrf_fprintf_format.o
LOAD _build/nrf_fstorage.o
LOAD _build/nrf_log_backend_rtt.o
LOAD _build/nrf_log_backend_serial.o
LOAD _build/nrf_log_backend_uart.o
LOAD _build/nrf_log_default_backends.o
LOAD _build/nrf_log_frontend.o
LOAD _build/nrf_log_str_formatter.o
LOAD _build/nrf_pwr_mgmt.o
LOAD _build/nrf_memobj.o
LOAD _build/nrf_ringbuf.o
LOAD _build/nrf_section_iter.o
LOAD _build/nrf_sdh.o
LOAD _build/nrf_sdh_ble.o
LOAD _build/nrf_serial.o
LOAD _build/nrf_strerror.o
LOAD _build/nrf_queue.o
LOAD _build/nrf_drv_clock.o
LOAD _build/nrfx_gpiote.o
LOAD _build/nrfx_prs.o
LOAD _build/nrfx_saadc.o
LOAD _build/nrfx_timer.o
LOAD _build/nrfx_twi.o
LOAD _build/nrfx_twim.o
LOAD _build/nrfx_uart.o
LOAD _build/nrfx_uarte.o
LOAD _build/nrfx_clock.o
LOAD _build/SEGGER_RTT.o
LOAD _build/SEGGER_RTT_Syscalls_GCC.o
LOAD _build/SEGGER_RTT_printf.o
LOAD _build/ble_advertising.o
LOAD _build/ble_advdata.o
LOAD _build/ble_conn_params.o
LOAD _build/ble_srv_common.o
LOAD _build/simple_ble.o
LOAD _build/system_nrf52.o
LOAD _build/app_error_weak.o
LOAD _build/gcc_startup_nrf52.os
LOAD /usr/bin/../lib/gcc/arm-none-eabi/7.3.1/../../../../arm-none-eabi/lib/thumb/v7e-m/fpv4-sp/hard/libc.a
LOAD /usr/bin/../lib/gcc/arm-none-eabi/7.3.1/../../../../arm-none-eabi/lib/thumb/v7e-m/fpv4-sp/hard/libnosys.a
LOAD /usr/bin/../lib/gcc/arm-none-eabi/7.3.1/../../../../arm-none-eabi/lib/thumb/v7e-m/fpv4-sp/hard/libm.a
LOAD /usr/bin/../lib/gcc/arm-none-eabi/7.3.1/../../../../arm-none-eabi/lib/thumb/v7e-m/fpv4-sp/hard/libstdc++.a
END GROUP
START GROUP
LOAD /usr/bin/../lib/gcc/arm-none-eabi/7.3.1/thumb/v7e-m/fpv4-sp/hard/libgcc.a
LOAD /usr/bin/../lib/gcc/arm-none-eabi/7.3.1/../../../../arm-none-eabi/lib/thumb/v7e-m/fpv4-sp/hard/libc.a
END GROUP
LOAD /usr/bin/../lib/gcc/arm-none-eabi/7.3.1/thumb/v7e-m/fpv4-sp/hard/crtend.o
LOAD /usr/bin/../lib/gcc/arm-none-eabi/7.3.1/thumb/v7e-m/fpv4-sp/hard/crtn.o
START GROUP
LOAD /usr/bin/../lib/gcc/arm-none-eabi/7.3.1/thumb/v7e-m/fpv4-sp/hard/libgcc.a
LOAD /usr/bin/../lib/gcc/arm-none-eabi/7.3.1/../../../../arm-none-eabi/lib/thumb/v7e-m/fpv4-sp/hard/libc.a
LOAD /usr/bin/../lib/gcc/arm-none-eabi/7.3.1/../../../../arm-none-eabi/lib/thumb/v7e-m/fpv4-sp/hard/libnosys.a
END GROUP

.igot.plt       0x000000002000a2a0        0x0 load address 0x000000000003300c
 .igot.plt      0x000000002000a2a0        0x0 /usr/bin/../lib/gcc/arm-none-eabi/7.3.1/thumb/v7e-m/fpv4-sp/hard/crtbegin.o

.bootloader_settings_page
                0x000000000007f000        0x0
                [!provide]                        PROVIDE (__start_bootloader_settings_page = .)
 *(SORT_BY_NAME(.bootloader_settings_page*))
                [!provide]                        PROVIDE (__stop_bootloader_settings_page = .)

.uicr_bootloader_start_address
                0x0000000010001014        0x0
                [!provide]                        PROVIDE (__start_uicr_bootloader_start_address = .)
 *(SORT_BY_NAME(.uicr_bootloader_start_address*))
                [!provide]                        PROVIDE (__stop_uicr_bootloader_start_address = .)
                0x0000000010001014                . = ALIGN (0x4)

.mem_section_dummy_ram

.log_dynamic_data
                0x000000002000a2a0        0x0
                0x000000002000a2a0                PROVIDE (__start_log_dynamic_data = .)
 *(SORT_BY_NAME(.log_dynamic_data*))
                [!provide]                        PROVIDE (__stop_log_dynamic_data = .)

.cli_sorted_cmd_ptrs
                0x000000002000a2a0        0x0
                [!provide]                        PROVIDE (__start_cli_sorted_cmd_ptrs = .)
 *(.cli_sorted_cmd_ptrs)
                [!provide]                        PROVIDE (__stop_cli_sorted_cmd_ptrs = .)

.fs_data        0x000000002000a2a0        0x0
                0x000000002000a2a0                PROVIDE (__start_fs_data = .)
 *(.fs_data)
                0x000000002000a2a0                PROVIDE (__stop_fs_data = .)

.bss            0x000000002000a2a0      0xf3c load address 0x000000000003300c
                0x000000002000a2a0                . = ALIGN (0x4)
                0x000000002000a2a0                __bss_start__ = .
 *(.bss*)
 .bss           0x000000002000a2a0       0x1c /usr/bin/../lib/gcc/arm-none-eabi/7.3.1/thumb/v7e-m/fpv4-sp/hard/crtbegin.o
 .bss.serial_buffers_rxb
                0x000000002000a2bc       0x64 _build/main.o
 .bss.serial_buffers_txb
                0x000000002000a320       0x64 _build/main.o
 .bss.serial_queues_rxq_nrf_queue_buffer
                0x000000002000a384       0x21 _build/main.o
 *fill*         0x000000002000a3a5        0x3 
 .bss.serial_queues_rxq_nrf_queue_cb
                0x000000002000a3a8        0xc _build/main.o
 .bss.serial_queues_txq_nrf_queue_buffer
                0x000000002000a3b4       0x21 _build/main.o
 *fill*         0x000000002000a3d5        0x3 
 .bss.serial_queues_txq_nrf_queue_cb
                0x000000002000a3d8        0xc _build/main.o
 .bss.serial_uart_instance_ctx
                0x000000002000a3e4       0x10 _build/main.o
 .bss.serial_uart_instance_rx_timer_data
                0x000000002000a3f4       0x20 _build/main.o
 .bss.serial_uart_instance_tx_timer_data
                0x000000002000a414       0x20 _build/main.o
 .bss.m_op_queue
                0x000000002000a434      0x10c _build/app_timer.o
 .bss.m_rtc1_reset
                0x000000002000a540        0x1 _build/app_timer.o
 .bss.m_rtc1_running
                0x000000002000a541        0x1 _build/app_timer.o
 *fill*         0x000000002000a542        0x2 
 .bss.m_ticks_elapsed
                0x000000002000a544        0x8 _build/app_timer.o
 .bss.m_ticks_elapsed_q_read_ind
                0x000000002000a54c        0x1 _build/app_timer.o
 .bss.m_ticks_elapsed_q_write_ind
                0x000000002000a54d        0x1 _build/app_timer.o
 *fill*         0x000000002000a54e        0x2 
 .bss.m_ticks_latest
                0x000000002000a550        0x4 _build/app_timer.o
 .bss.mp_timer_id_head
                0x000000002000a554        0x4 _build/app_timer.o
 .bss.m_contexts
                0x000000002000a558        0x4 _build/nrf_drv_uart.o
 .bss.m_handlers
                0x000000002000a55c        0x4 _build/nrf_drv_uart.o
 .bss.m_host_present
                0x000000002000a560        0x1 _build/nrf_log_backend_rtt.o
 .bss.m_string_buff
                0x000000002000a561       0x40 _build/nrf_log_backend_rtt.o
 *fill*         0x000000002000a5a1        0x3 
 .bss.log_mempool_nrf_balloc_cb
                0x000000002000a5a4        0x8 _build/nrf_log_frontend.o
 .bss.log_mempool_nrf_balloc_pool_mem
                0x000000002000a5ac       0xc0 _build/nrf_log_frontend.o
 .bss.log_mempool_nrf_balloc_pool_stack
                0x000000002000a66c        0x8 _build/nrf_log_frontend.o
 .bss.m_log_data
                0x000000002000a674      0x424 _build/nrf_log_frontend.o
 .bss.m_log_push_ringbuf_buf
                0x000000002000aa98       0x20 _build/nrf_log_frontend.o
 .bss.m_log_push_ringbuf_cb
                0x000000002000aab8       0x18 _build/nrf_log_frontend.o
 .bss.m_handlers_iter
                0x000000002000aad0        0x8 _build/nrf_pwr_mgmt.o
 .bss.m_shutdown_started
                0x000000002000aad8        0x1 _build/nrf_pwr_mgmt.o
 *fill*         0x000000002000aad9        0x3 
 .bss.m_sysoff_mtx
                0x000000002000aadc        0x4 _build/nrf_pwr_mgmt.o
 .bss.m_nrf_sdh_enabled
                0x000000002000aae0        0x1 _build/nrf_sdh.o
 .bss.m_stack_is_enabled
                0x000000002000aae1        0x1 _build/nrf_sdh_ble.o
 *fill*         0x000000002000aae2        0x2 
 .bss.m_cb      0x000000002000aae4       0x5c _build/nrfx_gpiote.o
 .bss.m_prs_box_4
                0x000000002000ab40        0x8 _build/nrfx_prs.o
 .bss.m_cb      0x000000002000ab48       0x30 _build/nrfx_saadc.o
 .bss.m_cb      0x000000002000ab78        0xc _build/nrfx_timer.o
 .bss.m_cb      0x000000002000ab84       0x34 _build/nrfx_twim.o
 .bss.m_cb      0x000000002000abb8       0x2c _build/nrfx_uart.o
 .bss.m_cb      0x000000002000abe4       0x24 _build/nrfx_uarte.o
 .bss.m_clock_cb
                0x000000002000ac08        0x8 _build/nrfx_clock.o
 .bss._acDownBuffer
                0x000000002000ac10       0x10 _build/SEGGER_RTT.o
 .bss._acUpBuffer
                0x000000002000ac20      0x200 _build/SEGGER_RTT.o
 .bss.m_conn_params_config
                0x000000002000ae20       0x1c _build/ble_conn_params.o
 .bss.m_conn_params_instances
                0x000000002000ae3c       0x14 _build/ble_conn_params.o
 .bss.m_preferred_conn_params
                0x000000002000ae50        0x8 _build/ble_conn_params.o
 .bss.m_advertising
                0x000000002000ae58      0x258 _build/simple_ble.o
 .bss.m_gatt    0x000000002000b0b0       0x14 _build/simple_ble.o
 .bss.m_qwr     0x000000002000b0c4        0xc _build/simple_ble.o
 .bss.scan_buffer
                0x000000002000b0d0       0x1f _build/simple_ble.o
 *fill*         0x000000002000b0ef        0x1 
 .bss.__malloc_current_mallinfo
                0x000000002000b0f0       0x28 /usr/bin/../lib/gcc/arm-none-eabi/7.3.1/../../../../arm-none-eabi/lib/thumb/v7e-m/fpv4-sp/hard/libc.a(lib_a-mallocr.o)
                0x000000002000b0f0                __malloc_current_mallinfo
 .bss.__malloc_max_sbrked_mem
                0x000000002000b118        0x4 /usr/bin/../lib/gcc/arm-none-eabi/7.3.1/../../../../arm-none-eabi/lib/thumb/v7e-m/fpv4-sp/hard/libc.a(lib_a-mallocr.o)
                0x000000002000b118                __malloc_max_sbrked_mem
 .bss.__malloc_max_total_mem
                0x000000002000b11c        0x4 /usr/bin/../lib/gcc/arm-none-eabi/7.3.1/../../../../arm-none-eabi/lib/thumb/v7e-m/fpv4-sp/hard/libc.a(lib_a-mallocr.o)
                0x000000002000b11c                __malloc_max_total_mem
 .bss.__malloc_top_pad
                0x000000002000b120        0x4 /usr/bin/../lib/gcc/arm-none-eabi/7.3.1/../../../../arm-none-eabi/lib/thumb/v7e-m/fpv4-sp/hard/libc.a(lib_a-mallocr.o)
                0x000000002000b120                __malloc_top_pad
 .bss.heap_end.5377
                0x000000002000b124        0x4 /usr/bin/../lib/gcc/arm-none-eabi/7.3.1/../../../../arm-none-eabi/lib/thumb/v7e-m/fpv4-sp/hard/libnosys.a(sbrk.o)
 *(COMMON)
 COMMON         0x000000002000b128        0xc _build/app_util_platform.o
                0x000000002000b128                nrf_nvic_state
 COMMON         0x000000002000b134        0x1 _build/nrf_drv_uart.o
                0x000000002000b134                nrf_drv_uart_use_easy_dma
 *fill*         0x000000002000b135        0x3 
 COMMON         0x000000002000b138       0x78 _build/SEGGER_RTT.o
                0x000000002000b138                _SEGGER_RTT
 COMMON         0x000000002000b1b0        0x2 _build/simple_ble.o
                0x000000002000b1b0                app
 *fill*         0x000000002000b1b2        0x2 
 COMMON         0x000000002000b1b4       0x21 /usr/bin/../lib/gcc/arm-none-eabi/7.3.1/../../../../arm-none-eabi/lib/thumb/v7e-m/fpv4-sp/hard/libc.a(lib_a-lock.o)
                0x000000002000b1b4                __lock___atexit_recursive_mutex
                0x000000002000b1b8                __lock___arc4random_mutex
                0x000000002000b1bc                __lock___env_recursive_mutex
                0x000000002000b1c0                __lock___sinit_recursive_mutex
                0x000000002000b1c4                __lock___malloc_recursive_mutex
                0x000000002000b1c8                __lock___at_quick_exit_mutex
                0x000000002000b1cc                __lock___dd_hash_mutex
                0x000000002000b1d0                __lock___tz_mutex
                0x000000002000b1d4                __lock___sfp_recursive_mutex
 *fill*         0x000000002000b1d5        0x3 
 COMMON         0x000000002000b1d8        0x4 /usr/bin/../lib/gcc/arm-none-eabi/7.3.1/../../../../arm-none-eabi/lib/thumb/v7e-m/fpv4-sp/hard/libc.a(lib_a-reent.o)
                0x000000002000b1d8                errno
                0x000000002000b1dc                . = ALIGN (0x4)
                0x000000002000b1dc                __bss_end__ = .

.heap           0x000000002000b1e0     0x2000
                0x000000002000b1e0                __HeapBase = .
                0x000000002000b1e0                __end__ = .
                0x000000002000b1e0                PROVIDE (end = .)
 *(.heap*)
 .heap          0x000000002000b1e0     0x2000 _build/gcc_startup_nrf52.os
                0x000000002000d1e0                __HeapLimit = .

.stack_dummy    0x000000002000b1e0     0x2000
 *(.stack*)
 .stack         0x000000002000b1e0     0x2000 _build/gcc_startup_nrf52.os
                0x0000000020010000                __StackTop = (ORIGIN (RAM) + LENGTH (RAM))
                0x000000002000e000                __StackLimit = (__StackTop - SIZEOF (.stack_dummy))
                0x0000000020010000                PROVIDE (__stack = __StackTop)
                0x0000000000000001                ASSERT ((__StackLimit >= __HeapLimit), region RAM overflowed with stack)
                0x00000000000009f8                DataInitFlashUsed = (__bss_start__ - __data_start__)
                0x000000000000c614                CodeFlashUsed = (__etext - ORIGIN (FLASH))
                0x000000000000d00c                TotalFlashUsed = (CodeFlashUsed + DataInitFlashUsed)
                0x0000000000000001                ASSERT ((TotalFlashUsed <= LENGTH (FLASH)), region FLASH overflowed with .data and user data)
OUTPUT(_build/demo_pca10056_sdk15_s132.elf elf32-littlearm)

.ARM.attributes
                0x0000000000000000       0x30
 .ARM.attributes
                0x0000000000000000       0x22 /usr/bin/../lib/gcc/arm-none-eabi/7.3.1/thumb/v7e-m/fpv4-sp/hard/crti.o
 .ARM.attributes
                0x0000000000000022       0x34 /usr/bin/../lib/gcc/arm-none-eabi/7.3.1/thumb/v7e-m/fpv4-sp/hard/crtbegin.o
 .ARM.attributes
                0x0000000000000056       0x20 /usr/bin/../lib/gcc/arm-none-eabi/7.3.1/../../../../arm-none-eabi/lib/thumb/v7e-m/fpv4-sp/hard/crt0.o
 .ARM.attributes
                0x0000000000000076       0x39 _build/main.o
 .ARM.attributes
                0x00000000000000af       0x39 _build/better_error_handling.o
 .ARM.attributes
                0x00000000000000e8       0x39 _build/app_error_handler_gcc.o
 .ARM.attributes
                0x0000000000000121       0x39 _build/app_timer.o
 .ARM.attributes
                0x000000000000015a       0x39 _build/app_util_platform.o
 .ARM.attributes
                0x0000000000000193       0x39 _build/before_startup.o
 .ARM.attributes
                0x00000000000001cc       0x39 _build/hardfault_handler_gcc.o
 .ARM.attributes
                0x0000000000000205       0x39 _build/hardfault_implementation.o
 .ARM.attributes
                0x000000000000023e       0x39 _build/nrf_atomic.o
 .ARM.attributes
                0x0000000000000277       0x39 _build/nrf_balloc.o
 .ARM.attributes
                0x00000000000002b0       0x39 _build/nrf_ble_gatt.o
 .ARM.attributes